Archive member included to satisfy reference by file (symbol)

core/libcore.a(tag.c.obj)     CMakeFiles/SimpleLineFollow.dir/lib/schedule.c.obj (lf_time_logical)
core/libcore.a(reactor_common.c.obj)
                              CMakeFiles/SimpleLineFollow.dir/SimpleLineFollow.c.obj (_lf_allocate)
core/libcore.a(lf_token.c.obj)
                              CMakeFiles/SimpleLineFollow.dir/_robotlinefollower.c.obj (_lf_initialize_token_with_value)
core/libcore.a(environment.c.obj)
                              core/libcore.a(reactor_common.c.obj) (environment_free)
core/libcore.a(reactor.c.obj)
                              CMakeFiles/SimpleLineFollow.dir/_robotlinefollower.c.obj (_lf_set_present)
core/libcore.a(vector.c.obj)  core/libcore.a(reactor_common.c.obj) (vector_at)
core/libcore.a(pqueue.c.obj)  core/libcore.a(environment.c.obj) (pqueue_init)
core/libcore.a(util.c.obj)    core/libcore.a(reactor_common.c.obj) (lf_print)
core/libcore.a(hashset.c.obj)
                              core/libcore.a(lf_token.c.obj) (hashset_num_items)
core/libcore.a(hashset_itr.c.obj)
                              core/libcore.a(lf_token.c.obj) (hashset_iterator)
core/libcore.a(modes.c.obj)   core/libcore.a(reactor_common.c.obj) (_lf_add_suspended_event)
core/libcore.a(lf_rp2040_support.c.obj)
                              core/libcore.a(reactor.c.obj) (_lf_initialize_clock)
robot/librobot.a(display.c.obj)
                              CMakeFiles/SimpleLineFollow.dir/_display.c.obj (display_set_font)
robot/librobot.a(font_8x8.c.obj)
                              robot/librobot.a(display.c.obj) (font_8x8)
robot/librobot.a(font_8x16.c.obj)
                              CMakeFiles/SimpleLineFollow.dir/_display.c.obj (font_8x16)
robot/librobot.a(motors.c.obj)
                              CMakeFiles/SimpleLineFollow.dir/_motors.c.obj (motors_init)
robot/librobot.a(sh1106.c.obj)
                              robot/librobot.a(display.c.obj) (sh1106_transfer_start)
/usr/lib/gcc/arm-none-eabi/10.3.1/thumb/v6-m/nofp/libgcc.a(_dvmd_tls.o)
                              CMakeFiles/SimpleLineFollow.dir/home/foobar/pico-sdk/src/rp2_common/pico_divider/divider.S.obj (__aeabi_idiv0)
/usr/lib/gcc/arm-none-eabi/10.3.1/../../../arm-none-eabi/lib/thumb/v6-m/nofp/libc.a(lib_a-atexit.o)
                              /usr/lib/gcc/arm-none-eabi/10.3.1/../../../arm-none-eabi/lib/thumb/v6-m/nofp/crt0.o (atexit)
/usr/lib/gcc/arm-none-eabi/10.3.1/../../../arm-none-eabi/lib/thumb/v6-m/nofp/libc.a(lib_a-atoi.o)
                              core/libcore.a(reactor_common.c.obj) (atoi)
/usr/lib/gcc/arm-none-eabi/10.3.1/../../../arm-none-eabi/lib/thumb/v6-m/nofp/libc.a(lib_a-atoll.o)
                              core/libcore.a(reactor_common.c.obj) (atoll)
/usr/lib/gcc/arm-none-eabi/10.3.1/../../../arm-none-eabi/lib/thumb/v6-m/nofp/libc.a(lib_a-calloc.o)
                              CMakeFiles/SimpleLineFollow.dir/home/foobar/pico-sdk/src/rp2_common/pico_malloc/pico_malloc.c.obj (calloc)
/usr/lib/gcc/arm-none-eabi/10.3.1/../../../arm-none-eabi/lib/thumb/v6-m/nofp/libc.a(lib_a-callocr.o)
                              /usr/lib/gcc/arm-none-eabi/10.3.1/../../../arm-none-eabi/lib/thumb/v6-m/nofp/libc.a(lib_a-calloc.o) (_calloc_r)
/usr/lib/gcc/arm-none-eabi/10.3.1/../../../arm-none-eabi/lib/thumb/v6-m/nofp/libc.a(lib_a-fini.o)
                              /usr/lib/gcc/arm-none-eabi/10.3.1/../../../arm-none-eabi/lib/thumb/v6-m/nofp/crt0.o (__libc_fini_array)
/usr/lib/gcc/arm-none-eabi/10.3.1/../../../arm-none-eabi/lib/thumb/v6-m/nofp/libc.a(lib_a-impure.o)
                              core/libcore.a(util.c.obj) (_impure_ptr)
/usr/lib/gcc/arm-none-eabi/10.3.1/../../../arm-none-eabi/lib/thumb/v6-m/nofp/libc.a(lib_a-init.o)
                              /usr/lib/gcc/arm-none-eabi/10.3.1/../../../arm-none-eabi/lib/thumb/v6-m/nofp/crt0.o (__libc_init_array)
/usr/lib/gcc/arm-none-eabi/10.3.1/../../../arm-none-eabi/lib/thumb/v6-m/nofp/libc.a(lib_a-malloc.o)
                              CMakeFiles/SimpleLineFollow.dir/home/foobar/pico-sdk/src/rp2_common/pico_malloc/pico_malloc.c.obj (malloc)
/usr/lib/gcc/arm-none-eabi/10.3.1/../../../arm-none-eabi/lib/thumb/v6-m/nofp/libc.a(lib_a-mallocr.o)
                              /usr/lib/gcc/arm-none-eabi/10.3.1/../../../arm-none-eabi/lib/thumb/v6-m/nofp/libc.a(lib_a-callocr.o) (_malloc_r)
/usr/lib/gcc/arm-none-eabi/10.3.1/../../../arm-none-eabi/lib/thumb/v6-m/nofp/libc.a(lib_a-mlock.o)
                              /usr/lib/gcc/arm-none-eabi/10.3.1/../../../arm-none-eabi/lib/thumb/v6-m/nofp/libc.a(lib_a-mallocr.o) (__malloc_lock)
/usr/lib/gcc/arm-none-eabi/10.3.1/../../../arm-none-eabi/lib/thumb/v6-m/nofp/libc.a(lib_a-realloc.o)
                              CMakeFiles/SimpleLineFollow.dir/home/foobar/pico-sdk/src/rp2_common/pico_malloc/pico_malloc.c.obj (realloc)
/usr/lib/gcc/arm-none-eabi/10.3.1/../../../arm-none-eabi/lib/thumb/v6-m/nofp/libc.a(lib_a-reallocr.o)
[...]
Memory Configuration

Name             Origin             Length             Attributes
FLASH            0x0000000010000000 0x0000000000200000 xr
RAM              0x0000000020000000 0x0000000000040000 xrw
SCRATCH_X        0x0000000020040000 0x0000000000001000 xrw
SCRATCH_Y        0x0000000020041000 0x0000000000001000 xrw
*default*        0x0000000000000000 0xffffffffffffffff

Linker script and memory map

LOAD /usr/lib/gcc/arm-none-eabi/10.3.1/thumb/v6-m/nofp/crti.o
LOAD /usr/lib/gcc/arm-none-eabi/10.3.1/thumb/v6-m/nofp/crtbegin.o
LOAD /usr/lib/gcc/arm-none-eabi/10.3.1/../../../arm-none-eabi/lib/thumb/v6-m/nofp/crt0.o

.flash_begin    0x0000000010000000        0x0
                0x0000000010000000                __flash_binary_start = .

.boot2          0x0000000010000000      0x100
                0x0000000010000000                __boot2_start__ = .
 *(.boot2)
 .boot2         0x0000000010000000      0x100 /tmp/ccNWWjqG.o
                0x0000000010000100                __boot2_end__ = .
                0x0000000000000001                ASSERT (((__boot2_end__ - __boot2_start__) == 0x100), ERROR: Pico second stage bootloader must be 256 bytes in size)

.text           0x0000000010000100    0x11568
                0x0000000010000100                __logical_binary_start = .
 *(.vectors)
 .vectors       0x0000000010000100       0xd4 CMakeFiles/SimpleLineFollow.dir/home/foobar/pico-sdk/src/rp2_common/pico_standard_link/crt0.S.obj
                0x0000000010000100                __vectors
                0x0000000010000100                __VECTOR_TABLE
                0x00000000100001c0                isr_invalid
                0x00000000100001c0                __default_isrs_start
                0x00000000100001c2                isr_nmi
                0x00000000100001c4                isr_hardfault
                0x00000000100001c6                isr_svcall
                0x00000000100001c8                isr_pendsv
                0x00000000100001ca                isr_systick
                0x00000000100001cc                isr_irq30
                0x00000000100001cc                __unhandled_user_irq
                0x00000000100001cc                isr_irq13
                0x00000000100001cc                isr_irq27
                0x00000000100001cc                isr_irq31
                0x00000000100001cc                isr_irq5
                0x00000000100001cc                isr_irq11
                0x00000000100001cc                isr_irq23
                0x00000000100001cc                isr_irq18
                0x00000000100001cc                isr_irq28
                0x00000000100001cc                isr_irq19
                0x00000000100001cc                isr_irq0
                0x00000000100001cc                isr_irq6
                0x00000000100001cc                isr_irq22
                0x00000000100001cc                isr_irq17
                0x00000000100001cc                isr_irq14
                0x00000000100001cc                isr_irq2
                0x00000000100001cc                isr_irq10
                0x00000000100001cc                isr_irq8
                0x00000000100001cc                isr_irq24
                0x00000000100001cc                isr_irq1
                0x00000000100001cc                isr_irq7
                0x00000000100001cc                isr_irq21
                0x00000000100001cc                isr_irq20
                0x00000000100001cc                isr_irq15
                0x00000000100001cc                isr_irq25
                0x00000000100001cc                isr_irq4
                0x00000000100001cc                isr_irq16
                0x00000000100001cc                isr_irq29
                0x00000000100001cc                isr_irq26
                0x00000000100001cc                __default_isrs_end
                0x00000000100001cc                isr_irq3
                0x00000000100001cc                isr_irq12
                0x00000000100001cc                isr_irq9
                0x00000000100001d2                unhandled_user_irq_num_in_r0
 *(.binary_info_header)
 .binary_info_header
                0x00000000100001d4       0x14 CMakeFiles/SimpleLineFollow.dir/home/foobar/pico-sdk/src/rp2_common/pico_standard_link/crt0.S.obj
                0x00000000100001e8                __binary_info_header_end = .
 *(.reset)
 .reset         0x00000000100001e8       0xa0 CMakeFiles/SimpleLineFollow.dir/home/foobar/pico-sdk/src/rp2_common/pico_standard_link/crt0.S.obj
                0x00000000100001e8                _entry_point
 .reset         0x0000000010000288       0x30 CMakeFiles/SimpleLineFollow.dir/home/foobar/pico-sdk/src/rp2_common/pico_standard_link/binary_info.c.obj
 *(.init)
 .init          0x00000000100002b8        0x4 /usr/lib/gcc/arm-none-eabi/10.3.1/thumb/v6-m/nofp/crti.o
                0x00000000100002b8                _init
 *(EXCLUDE_FILE(*libm.a: *libc.a:*lib_a-mem*.o *libgcc.a:) .text*)
 .text          0x00000000100002bc       0x98 /usr/lib/gcc/arm-none-eabi/10.3.1/thumb/v6-m/nofp/crtbegin.o
 .text.new__simplelinefollow_main
                0x0000000010000354       0x14 CMakeFiles/SimpleLineFollow.dir/_simplelinefollow_main.c.obj
                0x0000000010000354                new__simplelinefollow_main
 .text._robotlinefollowerreaction_function_0
                0x0000000010000368       0x2c CMakeFiles/SimpleLineFollow.dir/_robotlinefollower.c.obj
                0x0000000010000368                _robotlinefollowerreaction_function_0
 .text._robotlinefollowerreaction_function_1
                0x0000000010000394      0x1d0 CMakeFiles/SimpleLineFollow.dir/_robotlinefollower.c.obj
                0x0000000010000394                _robotlinefollowerreaction_function_1
 .text.new__robotlinefollower
                0x0000000010000564      0x144 CMakeFiles/SimpleLineFollow.dir/_robotlinefollower.c.obj
                0x0000000010000564                new__robotlinefollower
 .text._motorsreaction_function_1
                0x00000000100006a8       0x4c CMakeFiles/SimpleLineFollow.dir/_motors.c.obj
                0x00000000100006a8                _motorsreaction_function_1
 .text._motorsreaction_function_2
                0x00000000100006f4       0x4c CMakeFiles/SimpleLineFollow.dir/_motors.c.obj
                0x00000000100006f4                _motorsreaction_function_2
 .text._motorsreaction_function_0
                0x0000000010000740        0xc CMakeFiles/SimpleLineFollow.dir/_motors.c.obj
                0x0000000010000740                _motorsreaction_function_0
 .text.new__motors
                0x000000001000074c       0xe8 CMakeFiles/SimpleLineFollow.dir/_motors.c.obj
                0x000000001000074c                new__motors
 .text._irsensorreaderreaction_function_1
                0x0000000010000834       0x50 CMakeFiles/SimpleLineFollow.dir/_irsensorreader.c.obj
                0x0000000010000834                _irsensorreaderreaction_function_1
 .text._irsensorreaderreaction_function_2
                0x0000000010000884       0x30 CMakeFiles/SimpleLineFollow.dir/_irsensorreader.c.obj
                0x0000000010000884                _irsensorreaderreaction_function_2
 .text._irsensorreaderreaction_function_3
                0x00000000100008b4       0x34 CMakeFiles/SimpleLineFollow.dir/_irsensorreader.c.obj
                0x00000000100008b4                _irsensorreaderreaction_function_3
 .text._irsensorreaderreaction_function_0
                0x00000000100008e8       0x64 CMakeFiles/SimpleLineFollow.dir/_irsensorreader.c.obj
                0x00000000100008e8                _irsensorreaderreaction_function_0
 .text.new__irsensorreader
                0x000000001000094c       0xf4 CMakeFiles/SimpleLineFollow.dir/_irsensorreader.c.obj
                0x000000001000094c                new__irsensorreader
 .text._displayreaction_function_1
                0x0000000010000a40       0xb4 CMakeFiles/SimpleLineFollow.dir/_display.c.obj
                0x0000000010000a40                _displayreaction_function_1
 .text._displayreaction_function_0
                0x0000000010000af4       0x2c CMakeFiles/SimpleLineFollow.dir/_display.c.obj
                0x0000000010000af4                _displayreaction_function_0
 .text.new__display
                0x0000000010000b20      0x104 CMakeFiles/SimpleLineFollow.dir/_display.c.obj
                0x0000000010000b20                new__display
 .text.startup.main
                0x0000000010000c24        0xc CMakeFiles/SimpleLineFollow.dir/SimpleLineFollow.c.obj
                0x0000000010000c24                main
 .text._lf_set_default_command_line_options
                0x0000000010000c30        0x4 CMakeFiles/SimpleLineFollow.dir/SimpleLineFollow.c.obj
                0x0000000010000c30                _lf_set_default_command_line_options
 .text._lf_create_environments
                0x0000000010000c34       0x34 CMakeFiles/SimpleLineFollow.dir/SimpleLineFollow.c.obj
                0x0000000010000c34                _lf_create_environments
 .text._lf_get_environments
                0x0000000010000c68        0xc CMakeFiles/SimpleLineFollow.dir/SimpleLineFollow.c.obj
                0x0000000010000c68                _lf_get_environments
 .text._lf_initialize_trigger_objects
                0x0000000010000c74      0x658 CMakeFiles/SimpleLineFollow.dir/SimpleLineFollow.c.obj
                0x0000000010000c74                _lf_initialize_trigger_objects
 .text.terminate_execution
                0x00000000100012cc        0x4 CMakeFiles/SimpleLineFollow.dir/SimpleLineFollow.c.obj
                0x00000000100012cc                terminate_execution
 .text.gpio_set_function
                0x00000000100012d0       0x30 CMakeFiles/SimpleLineFollow.dir/home/foobar/pico-sdk/src/rp2_common/hardware_gpio/gpio.c.obj
                0x00000000100012d0                gpio_set_function
 .text.gpio_set_pulls
                0x0000000010001300       0x30 CMakeFiles/SimpleLineFollow.dir/home/foobar/pico-sdk/src/rp2_common/hardware_gpio/gpio.c.obj
                0x0000000010001300                gpio_set_pulls
 .text.gpio_set_input_enabled
                0x0000000010001330       0x28 CMakeFiles/SimpleLineFollow.dir/home/foobar/pico-sdk/src/rp2_common/hardware_gpio/gpio.c.obj
                0x0000000010001330                gpio_set_input_enabled
 .text.gpio_init
                0x0000000010001358       0x3c CMakeFiles/SimpleLineFollow.dir/home/foobar/pico-sdk/src/rp2_common/hardware_gpio/gpio.c.obj
                0x0000000010001358                gpio_init
 .text.running_on_fpga
                0x0000000010001394       0x10 CMakeFiles/SimpleLineFollow.dir/home/foobar/pico-sdk/src/rp2_common/pico_platform/platform.c.obj
                0x0000000010001394                running_on_fpga
 .text.hw_claim_or_assert
                0x00000000100013a4       0x44 CMakeFiles/SimpleLineFollow.dir/home/foobar/pico-sdk/src/rp2_common/hardware_claim/claim.c.obj
                0x00000000100013a4                hw_claim_or_assert
 .text.hw_claim_unused_from_range
                0x00000000100013e8       0x9c CMakeFiles/SimpleLineFollow.dir/home/foobar/pico-sdk/src/rp2_common/hardware_claim/claim.c.obj
                0x00000000100013e8                hw_claim_unused_from_range
 .text.spin_locks_reset
                0x0000000010001484       0x1c CMakeFiles/SimpleLineFollow.dir/home/foobar/pico-sdk/src/rp2_common/hardware_sync/sync.c.obj
                0x0000000010001484                spin_locks_reset
 .text.next_striped_spin_lock_num
                0x00000000100014a0       0x18 CMakeFiles/SimpleLineFollow.dir/home/foobar/pico-sdk/src/rp2_common/hardware_sync/sync.c.obj
                0x00000000100014a0                next_striped_spin_lock_num
 .text.spin_lock_claim_unused
                0x00000000100014b8       0x20 CMakeFiles/SimpleLineFollow.dir/home/foobar/pico-sdk/src/rp2_common/hardware_sync/sync.c.obj
                0x00000000100014b8                spin_lock_claim_unused
 .text.irq_set_enabled
                0x00000000100014d8       0x24 CMakeFiles/SimpleLineFollow.dir/home/foobar/pico-sdk/src/rp2_common/hardware_irq/irq.c.obj
                0x00000000100014d8                irq_set_enabled
 .text.irq_set_pending
                0x00000000100014fc       0x10 CMakeFiles/SimpleLineFollow.dir/home/foobar/pico-sdk/src/rp2_common/hardware_irq/irq.c.obj
                0x00000000100014fc                irq_set_pending
 .text.irq_has_shared_handler
                0x000000001000150c       0x2c CMakeFiles/SimpleLineFollow.dir/home/foobar/pico-sdk/src/rp2_common/hardware_irq/irq.c.obj
                0x000000001000150c                irq_has_shared_handler
 .text.irq_get_vtable_handler
                0x0000000010001538       0x10 CMakeFiles/SimpleLineFollow.dir/home/foobar/pico-sdk/src/rp2_common/hardware_irq/irq.c.obj
                0x0000000010001538                irq_get_vtable_handler
 .text.irq_set_exclusive_handler
                0x0000000010001548       0x54 CMakeFiles/SimpleLineFollow.dir/home/foobar/pico-sdk/src/rp2_common/hardware_irq/irq.c.obj
                0x0000000010001548                irq_set_exclusive_handler
 .text.irq_add_shared_handler
                0x000000001000159c      0x1e8 CMakeFiles/SimpleLineFollow.dir/home/foobar/pico-sdk/src/rp2_common/hardware_irq/irq.c.obj
                0x000000001000159c                irq_add_shared_handler
 .text.irq_remove_handler
                0x0000000010001784      0x1b0 CMakeFiles/SimpleLineFollow.dir/home/foobar/pico-sdk/src/rp2_common/hardware_irq/irq.c.obj
                0x0000000010001784                irq_remove_handler
 .text.irq_add_tail_to_free_list
                0x0000000010001934       0xb4 CMakeFiles/SimpleLineFollow.dir/home/foobar/pico-sdk/src/rp2_common/hardware_irq/irq.c.obj
                0x0000000010001934                irq_add_tail_to_free_list
 .text.irq_init_priorities
                0x00000000100019e8       0x24 CMakeFiles/SimpleLineFollow.dir/home/foobar/pico-sdk/src/rp2_common/hardware_irq/irq.c.obj
                0x00000000100019e8                irq_init_priorities
 .text.user_irq_claim_unused
                0x0000000010001a0c       0x28 CMakeFiles/SimpleLineFollow.dir/home/foobar/pico-sdk/src/rp2_common/hardware_irq/irq.c.obj
                0x0000000010001a0c                user_irq_claim_unused
 .text.sem_init
                0x0000000010001a34       0x20 CMakeFiles/SimpleLineFollow.dir/home/foobar/pico-sdk/src/common/pico_sync/sem.c.obj
                0x0000000010001a34                sem_init
 .text.lock_init
                0x0000000010001a54       0x10 CMakeFiles/SimpleLineFollow.dir/home/foobar/pico-sdk/src/common/pico_sync/lock_core.c.obj
                0x0000000010001a54                lock_init
 .text.mutex_init
                0x0000000010001a64       0x1c CMakeFiles/SimpleLineFollow.dir/home/foobar/pico-sdk/src/common/pico_sync/mutex.c.obj
                0x0000000010001a64                mutex_init
 .text.recursive_mutex_init
                0x0000000010001a80       0x1c CMakeFiles/SimpleLineFollow.dir/home/foobar/pico-sdk/src/common/pico_sync/mutex.c.obj
                0x0000000010001a80                recursive_mutex_init
 .text.critical_section_init
                0x0000000010001a9c       0x20 CMakeFiles/SimpleLineFollow.dir/home/foobar/pico-sdk/src/common/pico_sync/critical_section.c.obj
                0x0000000010001a9c                critical_section_init
 .text.critical_section_init_with_lock_num
                0x0000000010001abc       0x14 CMakeFiles/SimpleLineFollow.dir/home/foobar/pico-sdk/src/common/pico_sync/critical_section.c.obj
                0x0000000010001abc                critical_section_init_with_lock_num
 .text.timer_pool_entry_comparator
                0x0000000010001ad0       0x34 CMakeFiles/SimpleLineFollow.dir/home/foobar/pico-sdk/src/common/pico_time/time.c.obj
                0x0000000010001ad0                timer_pool_entry_comparator
 .text.sleep_until_callback
                0x0000000010001b04       0x30 CMakeFiles/SimpleLineFollow.dir/home/foobar/pico-sdk/src/common/pico_time/time.c.obj
 .text.add_alarm_under_lock.isra.0
                0x0000000010001b34      0x100 CMakeFiles/SimpleLineFollow.dir/home/foobar/pico-sdk/src/common/pico_time/time.c.obj
 .text.alarm_pool_alarm_callback
                0x0000000010001c34      0x1bc CMakeFiles/SimpleLineFollow.dir/home/foobar/pico-sdk/src/common/pico_time/time.c.obj
 .text.alarm_pool_init_default
                0x0000000010001df0       0x6c CMakeFiles/SimpleLineFollow.dir/home/foobar/pico-sdk/src/common/pico_time/time.c.obj
                0x0000000010001df0                alarm_pool_init_default
 .text.alarm_pool_get_default
                0x0000000010001e5c        0x8 CMakeFiles/SimpleLineFollow.dir/home/foobar/pico-sdk/src/common/pico_time/time.c.obj
                0x0000000010001e5c                alarm_pool_get_default
 .text.alarm_pool_add_alarm_at
                0x0000000010001e64      0x178 CMakeFiles/SimpleLineFollow.dir/home/foobar/pico-sdk/src/common/pico_time/time.c.obj
                0x0000000010001e64                alarm_pool_add_alarm_at
 .text.alarm_pool_core_num
                0x0000000010001fdc        0x4 CMakeFiles/SimpleLineFollow.dir/home/foobar/pico-sdk/src/common/pico_time/time.c.obj
                0x0000000010001fdc                alarm_pool_core_num
 .text.sleep_until
                0x0000000010001fe0       0xc4 CMakeFiles/SimpleLineFollow.dir/home/foobar/pico-sdk/src/common/pico_time/time.c.obj
                0x0000000010001fe0                sleep_until
 .text.sleep_us
                0x00000000100020a4       0x24 CMakeFiles/SimpleLineFollow.dir/home/foobar/pico-sdk/src/common/pico_time/time.c.obj
                0x00000000100020a4                sleep_us
 .text.best_effort_wfe_or_timeout
                0x00000000100020c8       0xd4 CMakeFiles/SimpleLineFollow.dir/home/foobar/pico-sdk/src/common/pico_time/time.c.obj
                0x00000000100020c8                best_effort_wfe_or_timeout
 .text.hardware_alarm_irq_handler
                0x000000001000219c       0xbc CMakeFiles/SimpleLineFollow.dir/home/foobar/pico-sdk/src/rp2_common/hardware_timer/timer.c.obj
 .text.hardware_alarm_claim
                0x0000000010002258       0x18 CMakeFiles/SimpleLineFollow.dir/home/foobar/pico-sdk/src/rp2_common/hardware_timer/timer.c.obj
                0x0000000010002258                hardware_alarm_claim
 .text.time_us_64
                0x0000000010002270       0x14 CMakeFiles/SimpleLineFollow.dir/home/foobar/pico-sdk/src/rp2_common/hardware_timer/timer.c.obj
                0x0000000010002270                time_us_64
 .text.busy_wait_us
                0x0000000010002284       0x54 CMakeFiles/SimpleLineFollow.dir/home/foobar/pico-sdk/src/rp2_common/hardware_timer/timer.c.obj
                0x0000000010002284                busy_wait_us
 .text.busy_wait_until
                0x00000000100022d8       0x20 CMakeFiles/SimpleLineFollow.dir/home/foobar/pico-sdk/src/rp2_common/hardware_timer/timer.c.obj
                0x00000000100022d8                busy_wait_until
 .text.hardware_alarm_set_callback
                0x00000000100022f8       0x8c CMakeFiles/SimpleLineFollow.dir/home/foobar/pico-sdk/src/rp2_common/hardware_timer/timer.c.obj
                0x00000000100022f8                hardware_alarm_set_callback
 .text.hardware_alarm_set_target
                0x0000000010002384       0xd4 CMakeFiles/SimpleLineFollow.dir/home/foobar/pico-sdk/src/rp2_common/hardware_timer/timer.c.obj
                0x0000000010002384                hardware_alarm_set_target
 .text.hardware_alarm_cancel
                0x0000000010002458       0x3c CMakeFiles/SimpleLineFollow.dir/home/foobar/pico-sdk/src/rp2_common/hardware_timer/timer.c.obj
                0x0000000010002458                hardware_alarm_cancel
 .text.ph_merge_nodes
                0x0000000010002494       0x68 CMakeFiles/SimpleLineFollow.dir/home/foobar/pico-sdk/src/common/pico_util/pheap.c.obj
 .text.ph_post_alloc_init
                0x00000000100024fc       0x3c CMakeFiles/SimpleLineFollow.dir/home/foobar/pico-sdk/src/common/pico_util/pheap.c.obj
                0x00000000100024fc                ph_post_alloc_init
 .text.ph_merge_two_pass
                0x0000000010002538       0x90 CMakeFiles/SimpleLineFollow.dir/home/foobar/pico-sdk/src/common/pico_util/pheap.c.obj
                0x0000000010002538                ph_merge_two_pass
 .text.ph_remove_any_head
                0x00000000100025c8      0x100 CMakeFiles/SimpleLineFollow.dir/home/foobar/pico-sdk/src/common/pico_util/pheap.c.obj
 .text.ph_remove_head
                0x00000000100026c8      0x104 CMakeFiles/SimpleLineFollow.dir/home/foobar/pico-sdk/src/common/pico_util/pheap.c.obj
                0x00000000100026c8                ph_remove_head
 .text.ph_remove_and_free_node
                0x00000000100027cc       0x7c CMakeFiles/SimpleLineFollow.dir/home/foobar/pico-sdk/src/common/pico_util/pheap.c.obj
                0x00000000100027cc                ph_remove_and_free_node
 .text.clocks_init
                0x0000000010002848      0x2d0 CMakeFiles/SimpleLineFollow.dir/home/foobar/pico-sdk/src/rp2_common/hardware_clocks/clocks.c.obj
                0x0000000010002848                clocks_init
 .text.clock_get_hz
                0x0000000010002b18        0xc CMakeFiles/SimpleLineFollow.dir/home/foobar/pico-sdk/src/rp2_common/hardware_clocks/clocks.c.obj
                0x0000000010002b18                clock_get_hz
 .text.pll_init
                0x0000000010002b24       0xa0 CMakeFiles/SimpleLineFollow.dir/home/foobar/pico-sdk/src/rp2_common/hardware_pll/pll.c.obj
                0x0000000010002b24                pll_init
 .text.watchdog_start_tick
                0x0000000010002bc4       0x10 CMakeFiles/SimpleLineFollow.dir/home/foobar/pico-sdk/src/rp2_common/hardware_watchdog/watchdog.c.obj
                0x0000000010002bc4                watchdog_start_tick
 .text.watchdog_reboot
                0x0000000010002bd4       0x98 CMakeFiles/SimpleLineFollow.dir/home/foobar/pico-sdk/src/rp2_common/hardware_watchdog/watchdog.c.obj
                0x0000000010002bd4                watchdog_reboot
 .text.xosc_init
                0x0000000010002c6c       0x28 CMakeFiles/SimpleLineFollow.dir/home/foobar/pico-sdk/src/rp2_common/hardware_xosc/xosc.c.obj
                0x0000000010002c6c                xosc_init
 .text.runtime_init
                0x0000000010002c94       0xf0 CMakeFiles/SimpleLineFollow.dir/home/foobar/pico-sdk/src/rp2_common/pico_runtime/runtime.c.obj
                0x0000000010002c94                runtime_init
 .text._exit    0x0000000010002d84        0x4 CMakeFiles/SimpleLineFollow.dir/home/foobar/pico-sdk/src/rp2_common/pico_runtime/runtime.c.obj
                0x0000000010002d84                _exit
 .text._sbrk    0x0000000010002d88       0x34 CMakeFiles/SimpleLineFollow.dir/home/foobar/pico-sdk/src/rp2_common/pico_runtime/runtime.c.obj
                0x0000000010002d88                _sbrk
 .text.exit     0x0000000010002dbc        0x8 CMakeFiles/SimpleLineFollow.dir/home/foobar/pico-sdk/src/rp2_common/pico_runtime/runtime.c.obj
                0x0000000010002dbc                exit
 .text.__assert_func
                0x0000000010002dc4       0x34 CMakeFiles/SimpleLineFollow.dir/home/foobar/pico-sdk/src/rp2_common/pico_runtime/runtime.c.obj
                0x0000000010002dc4                __assert_func
 .text.panic    0x0000000010002df8       0x30 CMakeFiles/SimpleLineFollow.dir/home/foobar/pico-sdk/src/rp2_common/pico_runtime/runtime.c.obj
                0x0000000010002df8                panic
 .text.hard_assertion_failure
                0x0000000010002e28        0xc CMakeFiles/SimpleLineFollow.dir/home/foobar/pico-sdk/src/rp2_common/pico_runtime/runtime.c.obj
                0x0000000010002e28                hard_assertion_failure
 .text._out_buffer
                0x0000000010002e34        0x8 CMakeFiles/SimpleLineFollow.dir/home/foobar/pico-sdk/src/rp2_common/pico_printf/printf.c.obj
 .text._out_null
                0x0000000010002e3c        0x4 CMakeFiles/SimpleLineFollow.dir/home/foobar/pico-sdk/src/rp2_common/pico_printf/printf.c.obj
 .text._out_rev
                0x0000000010002e40       0x9c CMakeFiles/SimpleLineFollow.dir/home/foobar/pico-sdk/src/rp2_common/pico_printf/printf.c.obj
 .text._ntoa_format
                0x0000000010002edc      0x1cc CMakeFiles/SimpleLineFollow.dir/home/foobar/pico-sdk/src/rp2_common/pico_printf/printf.c.obj
 .text._out_char
                0x00000000100030a8       0x10 CMakeFiles/SimpleLineFollow.dir/home/foobar/pico-sdk/src/rp2_common/pico_printf/printf.c.obj
 .text._out_fct
                0x00000000100030b8       0x10 CMakeFiles/SimpleLineFollow.dir/home/foobar/pico-sdk/src/rp2_common/pico_printf/printf.c.obj
 .text._etoa    0x00000000100030c8      0x44c CMakeFiles/SimpleLineFollow.dir/home/foobar/pico-sdk/src/rp2_common/pico_printf/printf.c.obj
 .text._ftoa    0x0000000010003514      0x398 CMakeFiles/SimpleLineFollow.dir/home/foobar/pico-sdk/src/rp2_common/pico_printf/printf.c.obj
 .text._vsnprintf
                0x00000000100038ac      0xb04 CMakeFiles/SimpleLineFollow.dir/home/foobar/pico-sdk/src/rp2_common/pico_printf/printf.c.obj
 .text.__wrap_snprintf
                0x00000000100043b0       0x28 CMakeFiles/SimpleLineFollow.dir/home/foobar/pico-sdk/src/rp2_common/pico_printf/printf.c.obj
                0x00000000100043b0                __wrap_snprintf
 .text.vfctprintf
                0x00000000100043d8       0x20 CMakeFiles/SimpleLineFollow.dir/home/foobar/pico-sdk/src/rp2_common/pico_printf/printf.c.obj
                0x00000000100043d8                vfctprintf
 .text.weak_raw_printf
                0x00000000100043f8       0x40 CMakeFiles/SimpleLineFollow.dir/home/foobar/pico-sdk/src/rp2_common/pico_printf/printf.c.obj
                0x00000000100043f8                weak_raw_printf
 .text.weak_raw_vprintf
                0x0000000010004438       0x30 CMakeFiles/SimpleLineFollow.dir/home/foobar/pico-sdk/src/rp2_common/pico_printf/printf.c.obj
                0x0000000010004438                weak_raw_vprintf
 .text          0x0000000010004468       0x10 CMakeFiles/SimpleLineFollow.dir/home/foobar/pico-sdk/src/rp2_common/pico_bit_ops/bit_ops_aeabi.S.obj
 .text.rom_func_lookup
                0x0000000010004478       0x10 CMakeFiles/SimpleLineFollow.dir/home/foobar/pico-sdk/src/rp2_common/pico_bootrom/bootrom.c.obj
                0x0000000010004478                rom_func_lookup
 .text.rom_data_lookup
                0x0000000010004488       0x10 CMakeFiles/SimpleLineFollow.dir/home/foobar/pico-sdk/src/rp2_common/pico_bootrom/bootrom.c.obj
                0x0000000010004488                rom_data_lookup
 .text.rom_funcs_lookup
                0x0000000010004498       0x44 CMakeFiles/SimpleLineFollow.dir/home/foobar/pico-sdk/src/rp2_common/pico_bootrom/bootrom.c.obj
                0x0000000010004498                rom_funcs_lookup
 .text.__wrap___aeabi_idiv
                0x00000000100044dc       0x50 CMakeFiles/SimpleLineFollow.dir/home/foobar/pico-sdk/src/rp2_common/pico_divider/divider.S.obj
                0x00000000100044dc                __wrap___aeabi_idivmod
                0x00000000100044dc                divmod_s32s32
                0x00000000100044dc                div_s32s32
                0x00000000100044dc                __wrap___aeabi_idiv
                0x00000000100044e4                divmod_s32s32_unsafe
                0x0000000010004510                divmod_s32s32_savestate
 .text.__wrap___aeabi_uidiv
                0x000000001000452c       0x4c CMakeFiles/SimpleLineFollow.dir/home/foobar/pico-sdk/src/rp2_common/pico_divider/divider.S.obj
                0x000000001000452c                __wrap___aeabi_uidiv
                0x000000001000452c                __wrap___aeabi_uidivmod
                0x000000001000452c                div_u32u32
                0x000000001000452c                divmod_u32u32
                0x0000000010004534                divmod_u32u32_unsafe
                0x000000001000455c                divmod_u32u32_savestate
 .text.__wrap___aeabi_ldiv
                0x0000000010004578      0x424 CMakeFiles/SimpleLineFollow.dir/home/foobar/pico-sdk/src/rp2_common/pico_divider/divider.S.obj
                0x0000000010004578                div_s64s64
                0x0000000010004578                divmod_s64s64
                0x0000000010004578                __wrap___aeabi_ldivmod
                0x00000000100045a8                div_u64u64
                0x00000000100045a8                divmod_u64u64
                0x00000000100045a8                __wrap___aeabi_uldivmod
                0x00000000100045b8                divmod_u64u64_savestate
                0x00000000100045d8                divmod_s64s64_unsafe
                0x0000000010004660                divmod_u64u64_unsafe
 .text.__wrap___aeabi_darithmetic
                0x000000001000499c       0x60 CMakeFiles/SimpleLineFollow.dir/home/foobar/pico-sdk/src/rp2_common/pico_double/double_aeabi.S.obj
                0x000000001000499c                __wrap___aeabi_drsub
                0x00000000100049a2                __wrap___aeabi_dsub
                0x00000000100049ac                __wrap___aeabi_dadd
                0x00000000100049b6                __wrap___aeabi_ddiv
                0x00000000100049ea                __wrap___aeabi_dmul
 .text.__wrap___aeabi_cdcmple
                0x00000000100049fc       0x6c CMakeFiles/SimpleLineFollow.dir/home/foobar/pico-sdk/src/rp2_common/pico_double/double_aeabi.S.obj
                0x00000000100049fc                __wrap___aeabi_cdrcmple
                0x0000000010004a0c                __wrap___aeabi_cdcmple
                0x0000000010004a0c                __wrap___aeabi_cdcmpeq
 .text.__wrap___aeabi_dcmpeq
                0x0000000010004a68       0x10 CMakeFiles/SimpleLineFollow.dir/home/foobar/pico-sdk/src/rp2_common/pico_double/double_aeabi.S.obj
                0x0000000010004a68                __wrap___aeabi_dcmpeq
 .text.__wrap___aeabi_dcmplt
                0x0000000010004a78        0xc CMakeFiles/SimpleLineFollow.dir/home/foobar/pico-sdk/src/rp2_common/pico_double/double_aeabi.S.obj
                0x0000000010004a78                __wrap___aeabi_dcmplt
 .text.__wrap___aeabi_dcmple
                0x0000000010004a84       0x10 CMakeFiles/SimpleLineFollow.dir/home/foobar/pico-sdk/src/rp2_common/pico_double/double_aeabi.S.obj
                0x0000000010004a84                __wrap___aeabi_dcmple
 .text.__wrap___aeabi_dcmpge
                0x0000000010004a94       0x10 CMakeFiles/SimpleLineFollow.dir/home/foobar/pico-sdk/src/rp2_common/pico_double/double_aeabi.S.obj
                0x0000000010004a94                __wrap___aeabi_dcmpge
 .text.__wrap___aeabi_dcmpgt
                0x0000000010004aa4        0xa CMakeFiles/SimpleLineFollow.dir/home/foobar/pico-sdk/src/rp2_common/pico_double/double_aeabi.S.obj
                0x0000000010004aa4                __wrap___aeabi_dcmpgt
 .text.__wrap___aeabi_dcmpun
                0x0000000010004aae       0x1c CMakeFiles/SimpleLineFollow.dir/home/foobar/pico-sdk/src/rp2_common/pico_double/double_aeabi.S.obj
                0x0000000010004aae                __wrap___aeabi_dcmpun
 *fill*         0x0000000010004aca        0x2 
 .text.__wrap___aeabi_i2d
                0x0000000010004acc       0x38 CMakeFiles/SimpleLineFollow.dir/home/foobar/pico-sdk/src/rp2_common/pico_double/double_aeabi.S.obj
                0x0000000010004acc                __wrap___aeabi_ui2d
                0x0000000010004ad4                __wrap___aeabi_i2d
 .text.__wrap___aeabi_d2iz
                0x0000000010004b04       0x48 CMakeFiles/SimpleLineFollow.dir/home/foobar/pico-sdk/src/rp2_common/pico_double/double_aeabi.S.obj
                0x0000000010004b04                __wrap___aeabi_d2iz
                0x0000000010004b04                double2int_z
 .text.__wrap___aeabi_d2uiz
                0x0000000010004b4c       0x10 CMakeFiles/SimpleLineFollow.dir/home/foobar/pico-sdk/src/rp2_common/pico_double/double_aeabi.S.obj
                0x0000000010004b4c                double2uint
                0x0000000010004b4c                __wrap___aeabi_d2uiz
 .text.__wrap___aeabi_d2f
                0x0000000010004b5c       0x10 CMakeFiles/SimpleLineFollow.dir/home/foobar/pico-sdk/src/rp2_common/pico_double/double_aeabi.S.obj
                0x0000000010004b5c                __wrap___aeabi_d2f
 .text.missing_double_func_shim
                0x0000000010004b6c        0xc CMakeFiles/SimpleLineFollow.dir/home/foobar/pico-sdk/src/rp2_common/pico_double/double_init_rom.c.obj
 .text.__aeabi_double_init
                0x0000000010004b78       0x98 CMakeFiles/SimpleLineFollow.dir/home/foobar/pico-sdk/src/rp2_common/pico_double/double_init_rom.c.obj
                0x0000000010004b78                __aeabi_double_init
 .text.double_table_shim_on_use_helper
                0x0000000010004c10       0x2c CMakeFiles/SimpleLineFollow.dir/home/foobar/pico-sdk/src/rp2_common/pico_double/double_v1_rom_shim.S.obj
                0x0000000010004c10                double_table_shim_on_use_helper
 .text.__aeabi_lmul
                0x0000000010004c3c       0x32 CMakeFiles/SimpleLineFollow.dir/home/foobar/pico-sdk/src/rp2_common/pico_int64_ops/pico_int64_ops_aeabi.S.obj
                0x0000000010004c3c                __wrap___aeabi_lmul
 *fill*         0x0000000010004c6e        0x2 
 .text.__wrap___aeabi_farithmetic
                0x0000000010004c70       0x48 CMakeFiles/SimpleLineFollow.dir/home/foobar/pico-sdk/src/rp2_common/pico_float/float_aeabi.S.obj
                0x0000000010004c70                __wrap___aeabi_frsub
                0x0000000010004c76                __wrap___aeabi_fsub
                0x0000000010004c7c                __wrap___aeabi_fadd
                0x0000000010004c82                __wrap___aeabi_fdiv
                0x0000000010004caa                __wrap___aeabi_fmul
 .text.__wrap___aeabi_cfcmple
                0x0000000010004cb8       0x50 CMakeFiles/SimpleLineFollow.dir/home/foobar/pico-sdk/src/rp2_common/pico_float/float_aeabi.S.obj
                0x0000000010004cb8                __wrap___aeabi_cfrcmple
                0x0000000010004cc4                __wrap___aeabi_cfcmpeq
                0x0000000010004cc4                __wrap___aeabi_cfcmple
 .text.__wrap___aeabi_fcmpge
                0x0000000010004d08       0x10 CMakeFiles/SimpleLineFollow.dir/home/foobar/pico-sdk/src/rp2_common/pico_float/float_aeabi.S.obj
                0x0000000010004d08                __wrap___aeabi_fcmpge
 .text.__wrap___aeabi_fcmpgt
                0x0000000010004d18        0xa CMakeFiles/SimpleLineFollow.dir/home/foobar/pico-sdk/src/rp2_common/pico_float/float_aeabi.S.obj
                0x0000000010004d18                __wrap___aeabi_fcmpgt
 .text.__wrap___aeabi_ui2f
                0x0000000010004d22        0xa CMakeFiles/SimpleLineFollow.dir/home/foobar/pico-sdk/src/rp2_common/pico_float/float_aeabi.S.obj
                0x0000000010004d22                __wrap___aeabi_ui2f
 .text.__wrap___aeabi_i2f
                0x0000000010004d2c       0x44 CMakeFiles/SimpleLineFollow.dir/home/foobar/pico-sdk/src/rp2_common/pico_float/float_aeabi.S.obj
                0x0000000010004d2c                __wrap___aeabi_i2f
 .text.__wrap___aeabi_f2uiz
                0x0000000010004d70        0xc CMakeFiles/SimpleLineFollow.dir/home/foobar/pico-sdk/src/rp2_common/pico_float/float_aeabi.S.obj
                0x0000000010004d70                __wrap___aeabi_f2uiz
 .text.__wrap___aeabi_f2d
                0x0000000010004d7c        0xc CMakeFiles/SimpleLineFollow.dir/home/foobar/pico-sdk/src/rp2_common/pico_float/float_aeabi.S.obj
                0x0000000010004d7c                __wrap___aeabi_f2d
 .text.missing_float_func_shim
                0x0000000010004d88        0xc CMakeFiles/SimpleLineFollow.dir/home/foobar/pico-sdk/src/rp2_common/pico_float/float_init_rom.c.obj
 .text.__aeabi_float_init
                0x0000000010004d94       0x5c CMakeFiles/SimpleLineFollow.dir/home/foobar/pico-sdk/src/rp2_common/pico_float/float_init_rom.c.obj
                0x0000000010004d94                __aeabi_float_init
 .text.__wrap_malloc
                0x0000000010004df0       0x3c CMakeFiles/SimpleLineFollow.dir/home/foobar/pico-sdk/src/rp2_common/pico_malloc/pico_malloc.c.obj
                0x0000000010004df0                __wrap_malloc
 .text.__wrap_calloc
                0x0000000010004e2c       0x40 CMakeFiles/SimpleLineFollow.dir/home/foobar/pico-sdk/src/rp2_common/pico_malloc/pico_malloc.c.obj
                0x0000000010004e2c                __wrap_calloc
 .text.__wrap_realloc
                0x0000000010004e6c       0x40 CMakeFiles/SimpleLineFollow.dir/home/foobar/pico-sdk/src/rp2_common/pico_malloc/pico_malloc.c.obj
                0x0000000010004e6c                __wrap_realloc
 .text.__wrap_free
                0x0000000010004eac       0x20 CMakeFiles/SimpleLineFollow.dir/home/foobar/pico-sdk/src/rp2_common/pico_malloc/pico_malloc.c.obj
                0x0000000010004eac                __wrap_free
 .text          0x0000000010004ecc       0x10 CMakeFiles/SimpleLineFollow.dir/home/foobar/pico-sdk/src/rp2_common/pico_mem_ops/mem_ops_aeabi.S.obj
                0x0000000010004ecc                __aeabi_mem_init
 .text.memset   0x0000000010004edc        0xc CMakeFiles/SimpleLineFollow.dir/home/foobar/pico-sdk/src/rp2_common/pico_mem_ops/mem_ops_aeabi.S.obj
                0x0000000010004edc                __wrap_memset
 .text.memcpy   0x0000000010004ee8        0xc CMakeFiles/SimpleLineFollow.dir/home/foobar/pico-sdk/src/rp2_common/pico_mem_ops/mem_ops_aeabi.S.obj
                0x0000000010004ee8                __wrap___aeabi_memcpy
                0x0000000010004ee8                __wrap_memcpy
 .text.stdio_out_chars_no_crlf
                0x0000000010004ef4       0x10 CMakeFiles/SimpleLineFollow.dir/home/foobar/pico-sdk/src/rp2_common/pico_stdio/stdio.c.obj
 .text.stdio_out_chars_crlf
                0x0000000010004f04       0xb4 CMakeFiles/SimpleLineFollow.dir/home/foobar/pico-sdk/src/rp2_common/pico_stdio/stdio.c.obj
 .text.stdio_buffered_printer
                0x0000000010004fb8       0x64 CMakeFiles/SimpleLineFollow.dir/home/foobar/pico-sdk/src/rp2_common/pico_stdio/stdio.c.obj
 .text.stdio_put_string.isra.0
                0x000000001000501c       0xfc CMakeFiles/SimpleLineFollow.dir/home/foobar/pico-sdk/src/rp2_common/pico_stdio/stdio.c.obj
 .text.__wrap_putchar
                0x0000000010005118       0x98 CMakeFiles/SimpleLineFollow.dir/home/foobar/pico-sdk/src/rp2_common/pico_stdio/stdio.c.obj
                0x0000000010005118                __wrap_putchar
 .text.__wrap_puts
                0x00000000100051b0       0x3c CMakeFiles/SimpleLineFollow.dir/home/foobar/pico-sdk/src/rp2_common/pico_stdio/stdio.c.obj
                0x00000000100051b0                __wrap_puts
 .text._read    0x00000000100051ec       0x94 CMakeFiles/SimpleLineFollow.dir/home/foobar/pico-sdk/src/rp2_common/pico_stdio/stdio.c.obj
                0x00000000100051ec                _read
 .text._write   0x0000000010005280       0xac CMakeFiles/SimpleLineFollow.dir/home/foobar/pico-sdk/src/rp2_common/pico_stdio/stdio.c.obj
                0x0000000010005280                _write
 .text._close   0x000000001000532c        0x8 CMakeFiles/SimpleLineFollow.dir/home/foobar/pico-sdk/src/rp2_common/pico_stdio/stdio.c.obj
                0x000000001000532c                _close
 .text._lseek   0x0000000010005334        0x8 CMakeFiles/SimpleLineFollow.dir/home/foobar/pico-sdk/src/rp2_common/pico_stdio/stdio.c.obj
                0x0000000010005334                _lseek
 .text._fstat   0x000000001000533c        0x8 CMakeFiles/SimpleLineFollow.dir/home/foobar/pico-sdk/src/rp2_common/pico_stdio/stdio.c.obj
                0x000000001000533c                _fstat
 .text._isatty  0x0000000010005344        0xc CMakeFiles/SimpleLineFollow.dir/home/foobar/pico-sdk/src/rp2_common/pico_stdio/stdio.c.obj
                0x0000000010005344                _isatty
 .text.stdio_set_driver_enabled
                0x0000000010005350       0x30 CMakeFiles/SimpleLineFollow.dir/home/foobar/pico-sdk/src/rp2_common/pico_stdio/stdio.c.obj
                0x0000000010005350                stdio_set_driver_enabled
 .text.__wrap_vprintf
                0x0000000010005380       0xd8 CMakeFiles/SimpleLineFollow.dir/home/foobar/pico-sdk/src/rp2_common/pico_stdio/stdio.c.obj
                0x0000000010005380                __wrap_vprintf
 .text.__wrap_printf
                0x0000000010005458       0x18 CMakeFiles/SimpleLineFollow.dir/home/foobar/pico-sdk/src/rp2_common/pico_stdio/stdio.c.obj
                0x0000000010005458                __wrap_printf
 .text.stdio_init_all
                0x0000000010005470       0x10 CMakeFiles/SimpleLineFollow.dir/home/foobar/pico-sdk/src/rp2_common/pico_stdio/stdio.c.obj
                0x0000000010005470                stdio_init_all
 .text.stdio_uart_init
                0x0000000010005480        0x4 CMakeFiles/SimpleLineFollow.dir/home/foobar/pico-sdk/src/rp2_common/pico_stdio_uart/stdio_uart.c.obj
                0x0000000010005480                stdio_uart_init
 .text.resetd_init
                0x0000000010005484        0x4 CMakeFiles/SimpleLineFollow.dir/home/foobar/pico-sdk/src/rp2_common/pico_stdio_usb/reset_interface.c.obj
 .text.resetd_reset
                0x0000000010005488        0xc CMakeFiles/SimpleLineFollow.dir/home/foobar/pico-sdk/src/rp2_common/pico_stdio_usb/reset_interface.c.obj
 .text.resetd_open
                0x0000000010005494       0x28 CMakeFiles/SimpleLineFollow.dir/home/foobar/pico-sdk/src/rp2_common/pico_stdio_usb/reset_interface.c.obj
 .text.resetd_xfer_cb
                0x00000000100054bc        0x4 CMakeFiles/SimpleLineFollow.dir/home/foobar/pico-sdk/src/rp2_common/pico_stdio_usb/reset_interface.c.obj
 .text.resetd_control_xfer_cb
                0x00000000100054c0       0x64 CMakeFiles/SimpleLineFollow.dir/home/foobar/pico-sdk/src/rp2_common/pico_stdio_usb/reset_interface.c.obj
 .text.usbd_app_driver_get_cb
                0x0000000010005524        0xc CMakeFiles/SimpleLineFollow.dir/home/foobar/pico-sdk/src/rp2_common/pico_stdio_usb/reset_interface.c.obj
                0x0000000010005524                usbd_app_driver_get_cb
 .text.tud_cdc_line_coding_cb
                0x0000000010005530       0x34 CMakeFiles/SimpleLineFollow.dir/home/foobar/pico-sdk/src/rp2_common/pico_stdio_usb/reset_interface.c.obj
                0x0000000010005530                tud_cdc_line_coding_cb
 .text.stdio_usb_set_chars_available_callback
                0x0000000010005564       0x14 CMakeFiles/SimpleLineFollow.dir/home/foobar/pico-sdk/src/rp2_common/pico_stdio_usb/stdio_usb.c.obj
                0x0000000010005564                stdio_usb_set_chars_available_callback
 .text.usb_irq  0x0000000010005578       0x10 CMakeFiles/SimpleLineFollow.dir/home/foobar/pico-sdk/src/rp2_common/pico_stdio_usb/stdio_usb.c.obj
 .text.timer_task
                0x0000000010005588       0x54 CMakeFiles/SimpleLineFollow.dir/home/foobar/pico-sdk/src/rp2_common/pico_stdio_usb/stdio_usb.c.obj
 .text.stdio_usb_in_chars
                0x00000000100055dc       0x90 CMakeFiles/SimpleLineFollow.dir/home/foobar/pico-sdk/src/rp2_common/pico_stdio_usb/stdio_usb.c.obj
                0x00000000100055dc                stdio_usb_in_chars
 .text.stdio_usb_out_chars
                0x000000001000566c      0x100 CMakeFiles/SimpleLineFollow.dir/home/foobar/pico-sdk/src/rp2_common/pico_stdio_usb/stdio_usb.c.obj
 .text.low_priority_worker_irq
                0x000000001000576c       0xa8 CMakeFiles/SimpleLineFollow.dir/home/foobar/pico-sdk/src/rp2_common/pico_stdio_usb/stdio_usb.c.obj
 .text.tud_cdc_rx_cb
                0x0000000010005814       0x20 CMakeFiles/SimpleLineFollow.dir/home/foobar/pico-sdk/src/rp2_common/pico_stdio_usb/stdio_usb.c.obj
                0x0000000010005814                tud_cdc_rx_cb
 .text.stdio_usb_init
                0x0000000010005834       0xdc CMakeFiles/SimpleLineFollow.dir/home/foobar/pico-sdk/src/rp2_common/pico_stdio_usb/stdio_usb.c.obj
                0x0000000010005834                stdio_usb_init
 .text.tud_descriptor_device_cb
                0x0000000010005910        0x8 CMakeFiles/SimpleLineFollow.dir/home/foobar/pico-sdk/src/rp2_common/pico_stdio_usb/stdio_usb_descriptors.c.obj
                0x0000000010005910                tud_descriptor_device_cb
 .text.tud_descriptor_configuration_cb
                0x0000000010005918        0x8 CMakeFiles/SimpleLineFollow.dir/home/foobar/pico-sdk/src/rp2_common/pico_stdio_usb/stdio_usb_descriptors.c.obj
                0x0000000010005918                tud_descriptor_configuration_cb
 .text.tud_descriptor_string_cb
                0x0000000010005920       0x74 CMakeFiles/SimpleLineFollow.dir/home/foobar/pico-sdk/src/rp2_common/pico_stdio_usb/stdio_usb_descriptors.c.obj
                0x0000000010005920                tud_descriptor_string_cb
 .text.startup._retrieve_unique_id_on_boot
                0x0000000010005994       0x10 CMakeFiles/SimpleLineFollow.dir/home/foobar/pico-sdk/src/rp2_common/pico_unique_id/unique_id.c.obj
 .text.pico_get_unique_board_id_string
                0x00000000100059a4      0x1a8 CMakeFiles/SimpleLineFollow.dir/home/foobar/pico-sdk/src/rp2_common/pico_unique_id/unique_id.c.obj
                0x00000000100059a4                pico_get_unique_board_id_string
 .text.flash_get_unique_id
                0x0000000010005b4c       0x40 CMakeFiles/SimpleLineFollow.dir/home/foobar/pico-sdk/src/rp2_common/hardware_flash/flash.c.obj
                0x0000000010005b4c                flash_get_unique_id
 .text.dcd_int_enable
                0x0000000010005b8c        0xc CMakeFiles/SimpleLineFollow.dir/home/foobar/pico-sdk/lib/tinyusb/src/portable/raspberrypi/rp2040/dcd_rp2040.c.obj
                0x0000000010005b8c                dcd_int_enable
 .text.dcd_set_address
                0x0000000010005b98       0x14 CMakeFiles/SimpleLineFollow.dir/home/foobar/pico-sdk/lib/tinyusb/src/portable/raspberrypi/rp2040/dcd_rp2040.c.obj
                0x0000000010005b98                dcd_set_address
 .text.dcd_connect
                0x0000000010005bac       0x10 CMakeFiles/SimpleLineFollow.dir/home/foobar/pico-sdk/lib/tinyusb/src/portable/raspberrypi/rp2040/dcd_rp2040.c.obj
                0x0000000010005bac                dcd_connect
 .text.dcd_init
                0x0000000010005bbc       0x98 CMakeFiles/SimpleLineFollow.dir/home/foobar/pico-sdk/lib/tinyusb/src/portable/raspberrypi/rp2040/dcd_rp2040.c.obj
                0x0000000010005bbc                dcd_init
 .text.dcd_edpt0_status_complete
                0x0000000010005c54       0x1c CMakeFiles/SimpleLineFollow.dir/home/foobar/pico-sdk/lib/tinyusb/src/portable/raspberrypi/rp2040/dcd_rp2040.c.obj
                0x0000000010005c54                dcd_edpt0_status_complete
 .text.dcd_edpt_open
                0x0000000010005c70      0x108 CMakeFiles/SimpleLineFollow.dir/home/foobar/pico-sdk/lib/tinyusb/src/portable/raspberrypi/rp2040/dcd_rp2040.c.obj
                0x0000000010005c70                dcd_edpt_open
 .text.dcd_edpt_close_all
                0x0000000010005d78        0x8 CMakeFiles/SimpleLineFollow.dir/home/foobar/pico-sdk/lib/tinyusb/src/portable/raspberrypi/rp2040/dcd_rp2040.c.obj
                0x0000000010005d78                dcd_edpt_close_all
 .text.dcd_edpt_xfer
                0x0000000010005d80       0x24 CMakeFiles/SimpleLineFollow.dir/home/foobar/pico-sdk/lib/tinyusb/src/portable/raspberrypi/rp2040/dcd_rp2040.c.obj
                0x0000000010005d80                dcd_edpt_xfer
 .text.dcd_edpt_stall
                0x0000000010005da4       0x38 CMakeFiles/SimpleLineFollow.dir/home/foobar/pico-sdk/lib/tinyusb/src/portable/raspberrypi/rp2040/dcd_rp2040.c.obj
                0x0000000010005da4                dcd_edpt_stall
 .text.dcd_edpt_clear_stall
                0x0000000010005ddc       0x30 CMakeFiles/SimpleLineFollow.dir/home/foobar/pico-sdk/lib/tinyusb/src/portable/raspberrypi/rp2040/dcd_rp2040.c.obj
                0x0000000010005ddc                dcd_edpt_clear_stall
 .text.rp2040_usb_init
                0x0000000010005e0c       0x4c CMakeFiles/SimpleLineFollow.dir/home/foobar/pico-sdk/lib/tinyusb/src/portable/raspberrypi/rp2040/rp2040_usb.c.obj
                0x0000000010005e0c                rp2040_usb_init
 .text.hw_endpoint_xfer_start
                0x0000000010005e58       0x50 CMakeFiles/SimpleLineFollow.dir/home/foobar/pico-sdk/lib/tinyusb/src/portable/raspberrypi/rp2040/rp2040_usb.c.obj
                0x0000000010005e58                hw_endpoint_xfer_start
 .text.tud_mounted
                0x0000000010005ea8       0x10 CMakeFiles/SimpleLineFollow.dir/home/foobar/pico-sdk/lib/tinyusb/src/device/usbd.c.obj
                0x0000000010005ea8                tud_mounted
 .text.tud_suspended
                0x0000000010005eb8       0x10 CMakeFiles/SimpleLineFollow.dir/home/foobar/pico-sdk/lib/tinyusb/src/device/usbd.c.obj
                0x0000000010005eb8                tud_suspended
 .text.tud_inited
                0x0000000010005ec8       0x14 CMakeFiles/SimpleLineFollow.dir/home/foobar/pico-sdk/lib/tinyusb/src/device/usbd.c.obj
                0x0000000010005ec8                tud_inited
 .text.tud_init
                0x0000000010005edc       0xe4 CMakeFiles/SimpleLineFollow.dir/home/foobar/pico-sdk/lib/tinyusb/src/device/usbd.c.obj
                0x0000000010005edc                tud_init
 .text.tud_task_ext
                0x0000000010005fc0      0x854 CMakeFiles/SimpleLineFollow.dir/home/foobar/pico-sdk/lib/tinyusb/src/device/usbd.c.obj
                0x0000000010005fc0                tud_task_ext
 .text.usbd_open_edpt_pair
                0x0000000010006814       0x9c CMakeFiles/SimpleLineFollow.dir/home/foobar/pico-sdk/lib/tinyusb/src/device/usbd.c.obj
                0x0000000010006814                usbd_open_edpt_pair
 .text.usbd_defer_func
                0x00000000100068b0       0x48 CMakeFiles/SimpleLineFollow.dir/home/foobar/pico-sdk/lib/tinyusb/src/device/usbd.c.obj
                0x00000000100068b0                usbd_defer_func
 .text.usbd_edpt_open
                0x00000000100068f8       0x34 CMakeFiles/SimpleLineFollow.dir/home/foobar/pico-sdk/lib/tinyusb/src/device/usbd.c.obj
                0x00000000100068f8                usbd_edpt_open
 .text.usbd_edpt_claim
                0x000000001000692c       0x28 CMakeFiles/SimpleLineFollow.dir/home/foobar/pico-sdk/lib/tinyusb/src/device/usbd.c.obj
                0x000000001000692c                usbd_edpt_claim
 .text.usbd_edpt_release
                0x0000000010006954       0x28 CMakeFiles/SimpleLineFollow.dir/home/foobar/pico-sdk/lib/tinyusb/src/device/usbd.c.obj
                0x0000000010006954                usbd_edpt_release
 .text.usbd_edpt_xfer
                0x000000001000697c       0x4c CMakeFiles/SimpleLineFollow.dir/home/foobar/pico-sdk/lib/tinyusb/src/device/usbd.c.obj
                0x000000001000697c                usbd_edpt_xfer
 .text.tud_control_status
                0x00000000100069c8       0x30 CMakeFiles/SimpleLineFollow.dir/home/foobar/pico-sdk/lib/tinyusb/src/device/usbd_control.c.obj
                0x00000000100069c8                tud_control_status
 .text.tud_control_xfer
                0x00000000100069f8       0xbc CMakeFiles/SimpleLineFollow.dir/home/foobar/pico-sdk/lib/tinyusb/src/device/usbd_control.c.obj
                0x00000000100069f8                tud_control_xfer
 .text.usbd_control_reset
                0x0000000010006ab4       0x14 CMakeFiles/SimpleLineFollow.dir/home/foobar/pico-sdk/lib/tinyusb/src/device/usbd_control.c.obj
                0x0000000010006ab4                usbd_control_reset
 .text.usbd_control_set_complete_callback
                0x0000000010006ac8        0xc CMakeFiles/SimpleLineFollow.dir/home/foobar/pico-sdk/lib/tinyusb/src/device/usbd_control.c.obj
                0x0000000010006ac8                usbd_control_set_complete_callback
 .text.usbd_control_set_request
                0x0000000010006ad4       0x1c CMakeFiles/SimpleLineFollow.dir/home/foobar/pico-sdk/lib/tinyusb/src/device/usbd_control.c.obj
                0x0000000010006ad4                usbd_control_set_request
 .text.usbd_control_xfer_cb
                0x0000000010006af0       0xfc CMakeFiles/SimpleLineFollow.dir/home/foobar/pico-sdk/lib/tinyusb/src/device/usbd_control.c.obj
                0x0000000010006af0                usbd_control_xfer_cb
 .text.tud_cdc_n_connected
                0x0000000010006bec       0x30 CMakeFiles/SimpleLineFollow.dir/home/foobar/pico-sdk/lib/tinyusb/src/class/cdc/cdc_device.c.obj
                0x0000000010006bec                tud_cdc_n_connected
 .text.tud_cdc_n_available
                0x0000000010006c1c       0x18 CMakeFiles/SimpleLineFollow.dir/home/foobar/pico-sdk/lib/tinyusb/src/class/cdc/cdc_device.c.obj
                0x0000000010006c1c                tud_cdc_n_available
 .text.tud_cdc_n_read
                0x0000000010006c34       0x70 CMakeFiles/SimpleLineFollow.dir/home/foobar/pico-sdk/lib/tinyusb/src/class/cdc/cdc_device.c.obj
                0x0000000010006c34                tud_cdc_n_read
 .text.tud_cdc_n_write_flush
                0x0000000010006ca4       0x78 CMakeFiles/SimpleLineFollow.dir/home/foobar/pico-sdk/lib/tinyusb/src/class/cdc/cdc_device.c.obj
                0x0000000010006ca4                tud_cdc_n_write_flush
 .text.tud_cdc_n_write
                0x0000000010006d1c       0x34 CMakeFiles/SimpleLineFollow.dir/home/foobar/pico-sdk/lib/tinyusb/src/class/cdc/cdc_device.c.obj
                0x0000000010006d1c                tud_cdc_n_write
 .text.tud_cdc_n_write_available
                0x0000000010006d50       0x18 CMakeFiles/SimpleLineFollow.dir/home/foobar/pico-sdk/lib/tinyusb/src/class/cdc/cdc_device.c.obj
                0x0000000010006d50                tud_cdc_n_write_available
 .text.cdcd_init
                0x0000000010006d68       0x7c CMakeFiles/SimpleLineFollow.dir/home/foobar/pico-sdk/lib/tinyusb/src/class/cdc/cdc_device.c.obj
                0x0000000010006d68                cdcd_init
 .text.cdcd_reset
                0x0000000010006de4       0x2c CMakeFiles/SimpleLineFollow.dir/home/foobar/pico-sdk/lib/tinyusb/src/class/cdc/cdc_device.c.obj
                0x0000000010006de4                cdcd_reset
 .text.cdcd_open
                0x0000000010006e10       0xe8 CMakeFiles/SimpleLineFollow.dir/home/foobar/pico-sdk/lib/tinyusb/src/class/cdc/cdc_device.c.obj
                0x0000000010006e10                cdcd_open
 .text.cdcd_control_xfer_cb
                0x0000000010006ef8       0xe4 CMakeFiles/SimpleLineFollow.dir/home/foobar/pico-sdk/lib/tinyusb/src/class/cdc/cdc_device.c.obj
                0x0000000010006ef8                cdcd_control_xfer_cb
 .text.cdcd_xfer_cb
                0x0000000010006fdc      0x148 CMakeFiles/SimpleLineFollow.dir/home/foobar/pico-sdk/lib/tinyusb/src/class/cdc/cdc_device.c.obj
                0x0000000010006fdc                cdcd_xfer_cb
 .text.tusb_init
                0x0000000010007124        0xc CMakeFiles/SimpleLineFollow.dir/home/foobar/pico-sdk/lib/tinyusb/src/tusb.c.obj
                0x0000000010007124                tusb_init
 .text.tusb_inited
                0x0000000010007130        0x8 CMakeFiles/SimpleLineFollow.dir/home/foobar/pico-sdk/lib/tinyusb/src/tusb.c.obj
                0x0000000010007130                tusb_inited
 .text.tu_edpt_claim
                0x0000000010007138       0x50 CMakeFiles/SimpleLineFollow.dir/home/foobar/pico-sdk/lib/tinyusb/src/tusb.c.obj
                0x0000000010007138                tu_edpt_claim
 .text.tu_edpt_release
                0x0000000010007188       0x38 CMakeFiles/SimpleLineFollow.dir/home/foobar/pico-sdk/lib/tinyusb/src/tusb.c.obj
                0x0000000010007188                tu_edpt_release
 .text.tu_edpt_validate
                0x00000000100071c0       0x78 CMakeFiles/SimpleLineFollow.dir/home/foobar/pico-sdk/lib/tinyusb/src/tusb.c.obj
                0x00000000100071c0                tu_edpt_validate
 .text.tu_edpt_bind_driver
                0x0000000010007238       0x34 CMakeFiles/SimpleLineFollow.dir/home/foobar/pico-sdk/lib/tinyusb/src/tusb.c.obj
                0x0000000010007238                tu_edpt_bind_driver
 .text.tu_fifo_config
                0x000000001000726c       0x70 CMakeFiles/SimpleLineFollow.dir/home/foobar/pico-sdk/lib/tinyusb/src/common/tusb_fifo.c.obj
                0x000000001000726c                tu_fifo_config
 .text.tu_fifo_count
                0x00000000100072dc       0x2c CMakeFiles/SimpleLineFollow.dir/home/foobar/pico-sdk/lib/tinyusb/src/common/tusb_fifo.c.obj
                0x00000000100072dc                tu_fifo_count
 .text.tu_fifo_empty
                0x0000000010007308       0x10 CMakeFiles/SimpleLineFollow.dir/home/foobar/pico-sdk/lib/tinyusb/src/common/tusb_fifo.c.obj
                0x0000000010007308                tu_fifo_empty
 .text.tu_fifo_remaining
                0x0000000010007318       0x2c CMakeFiles/SimpleLineFollow.dir/home/foobar/pico-sdk/lib/tinyusb/src/common/tusb_fifo.c.obj
                0x0000000010007318                tu_fifo_remaining
 .text.tu_fifo_read
                0x0000000010007344       0xa0 CMakeFiles/SimpleLineFollow.dir/home/foobar/pico-sdk/lib/tinyusb/src/common/tusb_fifo.c.obj
                0x0000000010007344                tu_fifo_read
 .text.tu_fifo_read_n
                0x00000000100073e4       0xec CMakeFiles/SimpleLineFollow.dir/home/foobar/pico-sdk/lib/tinyusb/src/common/tusb_fifo.c.obj
                0x00000000100073e4                tu_fifo_read_n
 .text.tu_fifo_write
                0x00000000100074d0       0x88 CMakeFiles/SimpleLineFollow.dir/home/foobar/pico-sdk/lib/tinyusb/src/common/tusb_fifo.c.obj
                0x00000000100074d0                tu_fifo_write
 .text.tu_fifo_write_n
                0x0000000010007558      0x168 CMakeFiles/SimpleLineFollow.dir/home/foobar/pico-sdk/lib/tinyusb/src/common/tusb_fifo.c.obj
                0x0000000010007558                tu_fifo_write_n
 .text.tu_fifo_clear
                0x00000000100076c0       0x40 CMakeFiles/SimpleLineFollow.dir/home/foobar/pico-sdk/lib/tinyusb/src/common/tusb_fifo.c.obj
                0x00000000100076c0                tu_fifo_clear
 .text.tu_fifo_set_overwritable
                0x0000000010007700       0x48 CMakeFiles/SimpleLineFollow.dir/home/foobar/pico-sdk/lib/tinyusb/src/common/tusb_fifo.c.obj
                0x0000000010007700                tu_fifo_set_overwritable
 .text.adc_init
                0x0000000010007748       0x38 CMakeFiles/SimpleLineFollow.dir/home/foobar/pico-sdk/src/rp2_common/hardware_adc/adc.c.obj
                0x0000000010007748                adc_init
 .text.spi_init
                0x0000000010007780      0x138 CMakeFiles/SimpleLineFollow.dir/home/foobar/pico-sdk/src/rp2_common/hardware_spi/spi.c.obj
                0x0000000010007780                spi_init
 .text.lf_tag_compare
                0x00000000100078b8       0x38 core/libcore.a(tag.c.obj)
                0x00000000100078b8                lf_tag_compare
 .text.lf_time_logical
                0x00000000100078f0        0x8 core/libcore.a(tag.c.obj)
                0x00000000100078f0                lf_time_logical
 .text.lf_time_logical_elapsed
                0x00000000100078f8       0x14 core/libcore.a(tag.c.obj)
                0x00000000100078f8                lf_time_logical_elapsed
 .text.lf_time_physical
                0x000000001000790c       0x60 core/libcore.a(tag.c.obj)
                0x000000001000790c                lf_time_physical
 .text.lf_time_physical_elapsed
                0x000000001000796c       0x6c core/libcore.a(tag.c.obj)
                0x000000001000796c                lf_time_physical_elapsed
 .text.lf_time_start
                0x00000000100079d8        0xc core/libcore.a(tag.c.obj)
                0x00000000100079d8                lf_time_start
 .text.lf_comma_separated_time
                0x00000000100079e4      0x274 core/libcore.a(tag.c.obj)
                0x00000000100079e4                lf_comma_separated_time
 .text._lf_allocate
                0x0000000010007c58       0x3c core/libcore.a(reactor_common.c.obj)
                0x0000000010007c58                _lf_allocate
 .text._lf_new_reactor
                0x0000000010007c94       0x40 core/libcore.a(reactor_common.c.obj)
                0x0000000010007c94                _lf_new_reactor
 .text._lf_set_stop_tag
                0x0000000010007cd4       0x3c core/libcore.a(reactor_common.c.obj)
                0x0000000010007cd4                _lf_set_stop_tag
 .text._lf_start_time_step
                0x0000000010007d10       0x68 core/libcore.a(reactor_common.c.obj)
                0x0000000010007d10                _lf_start_time_step
 .text._lf_is_tag_after_stop_tag
                0x0000000010007d78       0x30 core/libcore.a(reactor_common.c.obj)
                0x0000000010007d78                _lf_is_tag_after_stop_tag
 .text._lf_initialize_timer
                0x0000000010007da8       0xd4 core/libcore.a(reactor_common.c.obj)
                0x0000000010007da8                _lf_initialize_timer
 .text._lf_initialize_timers
                0x0000000010007e7c       0x30 core/libcore.a(reactor_common.c.obj)
                0x0000000010007e7c                _lf_initialize_timers
 .text._lf_trigger_startup_reactions
                0x0000000010007eac       0x58 core/libcore.a(reactor_common.c.obj)
                0x0000000010007eac                _lf_trigger_startup_reactions
 .text._lf_trigger_shutdown_reactions
                0x0000000010007f04       0x48 core/libcore.a(reactor_common.c.obj)
                0x0000000010007f04                _lf_trigger_shutdown_reactions
 .text._lf_recycle_event
                0x0000000010007f4c       0x20 core/libcore.a(reactor_common.c.obj)
                0x0000000010007f4c                _lf_recycle_event
 .text._lf_create_dummy_events
                0x0000000010007f6c       0xbc core/libcore.a(reactor_common.c.obj)
                0x0000000010007f6c                _lf_create_dummy_events
 .text._lf_schedule_at_tag
                0x0000000010008028      0x2c4 core/libcore.a(reactor_common.c.obj)
                0x0000000010008028                _lf_schedule_at_tag
 .text._lf_schedule
                0x00000000100082ec      0x2c4 core/libcore.a(reactor_common.c.obj)
                0x00000000100082ec                _lf_schedule
 .text._lf_pop_events
                0x00000000100085b0      0x130 core/libcore.a(reactor_common.c.obj)
                0x00000000100085b0                _lf_pop_events
 .text._lf_advance_logical_time
                0x00000000100086e0       0x38 core/libcore.a(reactor_common.c.obj)
                0x00000000100086e0                _lf_advance_logical_time
 .text._lf_invoke_reaction
                0x0000000010008718       0x14 core/libcore.a(reactor_common.c.obj)
                0x0000000010008718                _lf_invoke_reaction
 .text.schedule_output_reactions
                0x000000001000872c      0x150 core/libcore.a(reactor_common.c.obj)
                0x000000001000872c                schedule_output_reactions
 .text.usage    0x000000001000887c       0xb0 core/libcore.a(reactor_common.c.obj)
                0x000000001000887c                usage
 .text.process_args
                0x000000001000892c      0x414 core/libcore.a(reactor_common.c.obj)
                0x000000001000892c                process_args
 .text.initialize_global
                0x0000000010008d40       0x24 core/libcore.a(reactor_common.c.obj)
                0x0000000010008d40                initialize_global
 .text.termination
                0x0000000010008d64      0x198 core/libcore.a(reactor_common.c.obj)
                0x0000000010008d64                termination
 .text._lf_free_token.part.0
                0x0000000010008efc       0xcc core/libcore.a(lf_token.c.obj)
 .text._lf_new_token
                0x0000000010008fc8       0xb4 core/libcore.a(lf_token.c.obj)
                0x0000000010008fc8                _lf_new_token
 .text._lf_initialize_token_with_value
                0x000000001000907c       0x80 core/libcore.a(lf_token.c.obj)
                0x000000001000907c                _lf_initialize_token_with_value
 .text._lf_free_all_tokens
                0x00000000100090fc       0xe0 core/libcore.a(lf_token.c.obj)
                0x00000000100090fc                _lf_free_all_tokens
 .text._lf_replace_template_token
                0x00000000100091dc       0x44 core/libcore.a(lf_token.c.obj)
                0x00000000100091dc                _lf_replace_template_token
 .text._lf_done_using
                0x0000000010009220       0x2c core/libcore.a(lf_token.c.obj)
                0x0000000010009220                _lf_done_using
 .text._lf_free_token_copies
                0x000000001000924c       0x44 core/libcore.a(lf_token.c.obj)
                0x000000001000924c                _lf_free_token_copies
 .text.environment_init_tags
                0x0000000010009290       0x58 core/libcore.a(environment.c.obj)
                0x0000000010009290                environment_init_tags
 .text.environment_free
                0x00000000100092e8       0x60 core/libcore.a(environment.c.obj)
                0x00000000100092e8                environment_free
 .text.environment_init
                0x0000000010009348      0x1e4 core/libcore.a(environment.c.obj)
                0x0000000010009348                environment_init
 .text._lf_set_present
                0x000000001000952c       0x4c core/libcore.a(reactor.c.obj)
                0x000000001000952c                _lf_set_present
 .text._lf_trigger_reaction
                0x0000000010009578       0x38 core/libcore.a(reactor.c.obj)
                0x0000000010009578                _lf_trigger_reaction
 .text._lf_do_step
                0x00000000100095b0       0xb8 core/libcore.a(reactor.c.obj)
                0x00000000100095b0                _lf_do_step
 .text.next     0x0000000010009668      0x138 core/libcore.a(reactor.c.obj)
                0x0000000010009668                next
 .text.lf_reactor_c_main
                0x00000000100097a0       0xfc core/libcore.a(reactor.c.obj)
                0x00000000100097a0                lf_reactor_c_main
 .text.lf_critical_section_enter
                0x000000001000989c        0x8 core/libcore.a(reactor.c.obj)
                0x000000001000989c                lf_critical_section_enter
 .text.lf_critical_section_exit
                0x00000000100098a4        0x8 core/libcore.a(reactor.c.obj)
                0x00000000100098a4                lf_critical_section_exit
 .text.vector_at
                0x00000000100098ac       0x54 core/libcore.a(vector.c.obj)
                0x00000000100098ac                vector_at
 .text.vector_size
                0x0000000010009900        0x8 core/libcore.a(vector.c.obj)
                0x0000000010009900                vector_size
 .text.percolate_down
                0x0000000010009908       0xd8 core/libcore.a(pqueue.c.obj)
 .text.bubble_up.isra.0
                0x00000000100099e0       0x84 core/libcore.a(pqueue.c.obj)
 .text.find_equal_same_priority
                0x0000000010009a64       0xa8 core/libcore.a(pqueue.c.obj)
                0x0000000010009a64                find_equal_same_priority
 .text.pqueue_init
                0x0000000010009b0c       0x54 core/libcore.a(pqueue.c.obj)
                0x0000000010009b0c                pqueue_init
 .text.pqueue_free
                0x0000000010009b60       0x14 core/libcore.a(pqueue.c.obj)
                0x0000000010009b60                pqueue_free
 .text.pqueue_size
                0x0000000010009b74       0x10 core/libcore.a(pqueue.c.obj)
                0x0000000010009b74                pqueue_size
 .text.pqueue_find_equal_same_priority
                0x0000000010009b84        0xc core/libcore.a(pqueue.c.obj)
                0x0000000010009b84                pqueue_find_equal_same_priority
 .text.pqueue_insert
                0x0000000010009b90       0x44 core/libcore.a(pqueue.c.obj)
                0x0000000010009b90                pqueue_insert
 .text.pqueue_remove
                0x0000000010009bd4       0x6c core/libcore.a(pqueue.c.obj)
                0x0000000010009bd4                pqueue_remove
 .text.pqueue_pop
                0x0000000010009c40       0x28 core/libcore.a(pqueue.c.obj)
                0x0000000010009c40                pqueue_pop
 .text.pqueue_peek
                0x0000000010009c68       0x14 core/libcore.a(pqueue.c.obj)
                0x0000000010009c68                pqueue_peek
 .text.in_reverse_order
                0x0000000010009c7c       0x18 core/libcore.a(pqueue.c.obj)
                0x0000000010009c7c                in_reverse_order
 .text.in_no_particular_order
                0x0000000010009c94        0x4 core/libcore.a(pqueue.c.obj)
                0x0000000010009c94                in_no_particular_order
 .text.event_matches
                0x0000000010009c98        0xc core/libcore.a(pqueue.c.obj)
                0x0000000010009c98                event_matches
 .text.reaction_matches
                0x0000000010009ca4        0x8 core/libcore.a(pqueue.c.obj)
                0x0000000010009ca4                reaction_matches
 .text.get_event_time
                0x0000000010009cac        0x8 core/libcore.a(pqueue.c.obj)
                0x0000000010009cac                get_event_time
 .text.get_reaction_index
                0x0000000010009cb4        0x8 core/libcore.a(pqueue.c.obj)
                0x0000000010009cb4                get_reaction_index
 .text.get_event_position
                0x0000000010009cbc        0x4 core/libcore.a(pqueue.c.obj)
                0x0000000010009cbc                get_event_position
 .text.get_reaction_position
                0x0000000010009cc0        0x4 core/libcore.a(pqueue.c.obj)
                0x0000000010009cc0                get_reaction_position
 .text.set_event_position
                0x0000000010009cc4        0x4 core/libcore.a(pqueue.c.obj)
                0x0000000010009cc4                set_event_position
 .text.set_reaction_position
                0x0000000010009cc8        0x4 core/libcore.a(pqueue.c.obj)
                0x0000000010009cc8                set_reaction_position
 .text.print_reaction
                0x0000000010009ccc        0x4 core/libcore.a(pqueue.c.obj)
                0x0000000010009ccc                print_reaction
 .text.print_event
                0x0000000010009cd0        0x4 core/libcore.a(pqueue.c.obj)
                0x0000000010009cd0                print_event
 .text._lf_message_print
                0x0000000010009cd4       0xc0 core/libcore.a(util.c.obj)
                0x0000000010009cd4                _lf_message_print
 .text.lf_print
                0x0000000010009d94       0x88 core/libcore.a(util.c.obj)
                0x0000000010009d94                lf_print
 .text.lf_print_error
                0x0000000010009e1c       0x88 core/libcore.a(util.c.obj)
                0x0000000010009e1c                lf_print_error
 .text.lf_print_warning
                0x0000000010009ea4       0x88 core/libcore.a(util.c.obj)
                0x0000000010009ea4                lf_print_warning
 .text.lf_print_error_and_exit
                0x0000000010009f2c       0x24 core/libcore.a(util.c.obj)
                0x0000000010009f2c                lf_print_error_and_exit
 .text.lf_assert
                0x0000000010009f50       0x2c core/libcore.a(util.c.obj)
                0x0000000010009f50                lf_assert
 .text.hashset_num_items
                0x0000000010009f7c        0x4 core/libcore.a(hashset.c.obj)
                0x0000000010009f7c                hashset_num_items
 .text.hashset_destroy
                0x0000000010009f80       0x18 core/libcore.a(hashset.c.obj)
                0x0000000010009f80                hashset_destroy
 .text.hashset_create
                0x0000000010009f98       0x40 core/libcore.a(hashset.c.obj)
                0x0000000010009f98                hashset_create
 .text.hashset_add
                0x0000000010009fd8      0x180 core/libcore.a(hashset.c.obj)
                0x0000000010009fd8                hashset_add
 .text.hashset_remove
                0x000000001000a158       0x50 core/libcore.a(hashset.c.obj)
                0x000000001000a158                hashset_remove
 .text.hashset_iterator
                0x000000001000a1a8       0x1c core/libcore.a(hashset_itr.c.obj)
                0x000000001000a1a8                hashset_iterator
 .text.hashset_iterator_next
                0x000000001000a1c4       0x34 core/libcore.a(hashset_itr.c.obj)
                0x000000001000a1c4                hashset_iterator_next
 .text.hashset_iterator_value
                0x000000001000a1f8        0xc core/libcore.a(hashset_itr.c.obj)
                0x000000001000a1f8                hashset_iterator_value
 .text._lf_add_suspended_event
                0x000000001000a204       0x3c core/libcore.a(modes.c.obj)
                0x000000001000a204                _lf_add_suspended_event
 .text._lf_mode_is_active
                0x000000001000a240       0x10 core/libcore.a(modes.c.obj)
                0x000000001000a240                _lf_mode_is_active
 .text._lf_handle_mode_startup_reset_reactions
                0x000000001000a250       0xfc core/libcore.a(modes.c.obj)
                0x000000001000a250                _lf_handle_mode_startup_reset_reactions
 .text._lf_handle_mode_shutdown_reactions
                0x000000001000a34c       0x5c core/libcore.a(modes.c.obj)
                0x000000001000a34c                _lf_handle_mode_shutdown_reactions
 .text._lf_process_mode_changes
                0x000000001000a3a8      0x39c core/libcore.a(modes.c.obj)
                0x000000001000a3a8                _lf_process_mode_changes
 .text._lf_terminate_modal_reactors
                0x000000001000a744       0x50 core/libcore.a(modes.c.obj)
                0x000000001000a744                _lf_terminate_modal_reactors
 .text._lf_initialize_modes
                0x000000001000a794       0x44 core/libcore.a(modes.c.obj)
                0x000000001000a794                _lf_initialize_modes
 .text._lf_handle_mode_changes
                0x000000001000a7d8       0x24 core/libcore.a(modes.c.obj)
                0x000000001000a7d8                _lf_handle_mode_changes
 .text._lf_handle_mode_triggered_reactions
                0x000000001000a7fc       0x24 core/libcore.a(modes.c.obj)
                0x000000001000a7fc                _lf_handle_mode_triggered_reactions
 .text._lf_initialize_clock
                0x000000001000a820       0x20 core/libcore.a(lf_rp2040_support.c.obj)
                0x000000001000a820                _lf_initialize_clock
 .text._lf_clock_now
                0x000000001000a840       0x24 core/libcore.a(lf_rp2040_support.c.obj)
                0x000000001000a840                _lf_clock_now
 .text._lf_interruptable_sleep_until_locked
                0x000000001000a864       0x48 core/libcore.a(lf_rp2040_support.c.obj)
                0x000000001000a864                _lf_interruptable_sleep_until_locked
 .text.lf_disable_interrupts_nested
                0x000000001000a8ac       0x3c core/libcore.a(lf_rp2040_support.c.obj)
                0x000000001000a8ac                lf_disable_interrupts_nested
 .text.lf_enable_interrupts_nested
                0x000000001000a8e8       0x34 core/libcore.a(lf_rp2040_support.c.obj)
                0x000000001000a8e8                lf_enable_interrupts_nested
 .text.color32_0
                0x000000001000a91c        0x8 robot/librobot.a(display.c.obj)
                0x000000001000a91c                color32_0
 .text.color32_1
                0x000000001000a924        0x8 robot/librobot.a(display.c.obj)
                0x000000001000a924                color32_1
 .text.color32_0_on_1
                0x000000001000a92c        0x8 robot/librobot.a(display.c.obj)
                0x000000001000a92c                color32_0_on_1
 .text.color32_1_on_0
                0x000000001000a934        0x4 robot/librobot.a(display.c.obj)
                0x000000001000a934                color32_1_on_0
 .text.color32_xor
                0x000000001000a938        0x8 robot/librobot.a(display.c.obj)
                0x000000001000a938                color32_xor
 .text.color32_nop
                0x000000001000a940        0x4 robot/librobot.a(display.c.obj)
                0x000000001000a940                color32_nop
 .text.color8_0
                0x000000001000a944        0x8 robot/librobot.a(display.c.obj)
                0x000000001000a944                color8_0
 .text.color8_1
                0x000000001000a94c        0x8 robot/librobot.a(display.c.obj)
                0x000000001000a94c                color8_1
 .text.color8_0_on_1
                0x000000001000a954        0x8 robot/librobot.a(display.c.obj)
                0x000000001000a954                color8_0_on_1
 .text.color8_1_on_0
                0x000000001000a95c        0x4 robot/librobot.a(display.c.obj)
                0x000000001000a95c                color8_1_on_0
 .text.color8_xor
                0x000000001000a960        0x8 robot/librobot.a(display.c.obj)
                0x000000001000a960                color8_xor
 .text.color8_nop
                0x000000001000a968        0x4 robot/librobot.a(display.c.obj)
                0x000000001000a968                color8_nop
 .text.display_set_font
                0x000000001000a96c        0xc robot/librobot.a(display.c.obj)
                0x000000001000a96c                display_set_font
 .text.display_init
                0x000000001000a978       0x18 robot/librobot.a(display.c.obj)
                0x000000001000a978                display_init
 .text.display_fill
                0x000000001000a990       0x2c robot/librobot.a(display.c.obj)
                0x000000001000a990                display_fill
 .text.display_show_partial
                0x000000001000a9bc       0xb0 robot/librobot.a(display.c.obj)
                0x000000001000a9bc                display_show_partial
 .text.display_text
                0x000000001000aa6c      0x44c robot/librobot.a(display.c.obj)
                0x000000001000aa6c                display_text
 .text.display_fill_rect
                0x000000001000aeb8      0x15c robot/librobot.a(display.c.obj)
                0x000000001000aeb8                display_fill_rect
 .text.display_show
                0x000000001000b014       0x28 robot/librobot.a(display.c.obj)
                0x000000001000b014                display_show
 .text.motors_init
                0x000000001000b03c       0x5c robot/librobot.a(motors.c.obj)
                0x000000001000b03c                motors_init
 .text.motors_set_power
                0x000000001000b098       0x70 robot/librobot.a(motors.c.obj)
                0x000000001000b098                motors_set_power
 .text.sh1106_transfer_start
                0x000000001000b108       0x40 robot/librobot.a(sh1106.c.obj)
                0x000000001000b108                sh1106_transfer_start
 .text.sh1106_transfer_end
                0x000000001000b148       0x1c robot/librobot.a(sh1106.c.obj)
                0x000000001000b148                sh1106_transfer_end
 .text.sh1106_write_page
                0x000000001000b164       0x54 robot/librobot.a(sh1106.c.obj)
                0x000000001000b164                sh1106_write_page
 .text.sh1106_clear
                0x000000001000b1b8       0xa0 robot/librobot.a(sh1106.c.obj)
                0x000000001000b1b8                sh1106_clear
 .text.sh1106_init
                0x000000001000b258       0xd0 robot/librobot.a(sh1106.c.obj)
                0x000000001000b258                sh1106_init
 .text          0x000000001000b328       0x10 /usr/lib/gcc/arm-none-eabi/10.3.1/../../../arm-none-eabi/lib/thumb/v6-m/nofp/libc.a(lib_a-atexit.o)
                0x000000001000b328                atexit
 .text          0x000000001000b338       0x18 /usr/lib/gcc/arm-none-eabi/10.3.1/../../../arm-none-eabi/lib/thumb/v6-m/nofp/libc.a(lib_a-atoi.o)
                0x000000001000b338                atoi
                0x000000001000b344                _atoi_r
 .text          0x000000001000b350       0x18 /usr/lib/gcc/arm-none-eabi/10.3.1/../../../arm-none-eabi/lib/thumb/v6-m/nofp/libc.a(lib_a-atoll.o)
                0x000000001000b350                atoll
                0x000000001000b35c                _atoll_r
 .text          0x000000001000b368       0x18 /usr/lib/gcc/arm-none-eabi/10.3.1/../../../arm-none-eabi/lib/thumb/v6-m/nofp/libc.a(lib_a-calloc.o)
                0x000000001000b368                calloc
 .text          0x000000001000b380       0x5c /usr/lib/gcc/arm-none-eabi/10.3.1/../../../arm-none-eabi/lib/thumb/v6-m/nofp/libc.a(lib_a-callocr.o)
                0x000000001000b380                _calloc_r
 .text          0x000000001000b3dc       0x28 /usr/lib/gcc/arm-none-eabi/10.3.1/../../../arm-none-eabi/lib/thumb/v6-m/nofp/libc.a(lib_a-malloc.o)
                0x000000001000b3dc                malloc
                0x000000001000b3f0                free
 .text          0x000000001000b404      0x574 /usr/lib/gcc/arm-none-eabi/10.3.1/../../../arm-none-eabi/lib/thumb/v6-m/nofp/libc.a(lib_a-mallocr.o)
                0x000000001000b404                _malloc_r
 .text          0x000000001000b978        0x8 /usr/lib/gcc/arm-none-eabi/10.3.1/../../../arm-none-eabi/lib/thumb/v6-m/nofp/libc.a(lib_a-mlock.o)
                0x000000001000b978                __malloc_lock
                0x000000001000b97c                __malloc_unlock
 .text          0x000000001000b980       0x18 /usr/lib/gcc/arm-none-eabi/10.3.1/../../../arm-none-eabi/lib/thumb/v6-m/nofp/libc.a(lib_a-realloc.o)
                0x000000001000b980                realloc
 .text          0x000000001000b998      0x354 /usr/lib/gcc/arm-none-eabi/10.3.1/../../../arm-none-eabi/lib/thumb/v6-m/nofp/libc.a(lib_a-reallocr.o)
                0x000000001000b998                _realloc_r
 .text          0x000000001000bcec       0x24 /usr/lib/gcc/arm-none-eabi/10.3.1/../../../arm-none-eabi/lib/thumb/v6-m/nofp/libc.a(lib_a-sbrkr.o)
                0x000000001000bcec                _sbrk_r
 .text          0x000000001000bd10       0x88 /usr/lib/gcc/arm-none-eabi/10.3.1/../../../arm-none-eabi/lib/thumb/v6-m/nofp/libc.a(lib_a-strcmp.o)
                0x000000001000bd10                strcmp
 .text          0x000000001000bd98       0x5c /usr/lib/gcc/arm-none-eabi/10.3.1/../../../arm-none-eabi/lib/thumb/v6-m/nofp/libc.a(lib_a-strlen-stub.o)
                0x000000001000bd98                strlen
 .text          0x000000001000bdf4       0x74 /usr/lib/gcc/arm-none-eabi/10.3.1/../../../arm-none-eabi/lib/thumb/v6-m/nofp/libc.a(lib_a-strncmp.o)
                0x000000001000bdf4                strncmp
 .text          0x000000001000be68      0x1b8 /usr/lib/gcc/arm-none-eabi/10.3.1/../../../arm-none-eabi/lib/thumb/v6-m/nofp/libc.a(lib_a-strtol.o)
                0x000000001000bfac                _strtol_r
                0x000000001000bfc8                strtol_l
                0x000000001000bff4                strtol
 .text          0x000000001000c020      0x1d0 /usr/lib/gcc/arm-none-eabi/10.3.1/../../../arm-none-eabi/lib/thumb/v6-m/nofp/libc.a(lib_a-strtoll.o)
                0x000000001000c1b8                _strtoll_r
                0x000000001000c1c0                strtoll_l
                0x000000001000c1d8                strtoll
 .text          0x000000001000c1f0     0x16e4 /usr/lib/gcc/arm-none-eabi/10.3.1/../../../arm-none-eabi/lib/thumb/v6-m/nofp/libc.a(lib_a-vfprintf.o)
                0x000000001000c1f0                _vfprintf_r
                0x000000001000d848                vfprintf
 .text          0x000000001000d8d4       0xdc /usr/lib/gcc/arm-none-eabi/10.3.1/../../../arm-none-eabi/lib/thumb/v6-m/nofp/libc.a(lib_a-wsetup.o)
                0x000000001000d8d4                __swsetup_r
 .text          0x000000001000d9b0       0x88 /usr/lib/gcc/arm-none-eabi/10.3.1/../../../arm-none-eabi/lib/thumb/v6-m/nofp/libc.a(lib_a-__atexit.o)
                0x000000001000d9b0                __register_exitproc
 .text          0x000000001000da38     0x1104 /usr/lib/gcc/arm-none-eabi/10.3.1/../../../arm-none-eabi/lib/thumb/v6-m/nofp/libc.a(lib_a-dtoa.o)
                0x000000001000db80                _dtoa_r
 .text          0x000000001000eb3c        0xc /usr/lib/gcc/arm-none-eabi/10.3.1/../../../arm-none-eabi/lib/thumb/v6-m/nofp/libc.a(lib_a-errno.o)
                0x000000001000eb3c                __errno
 .text          0x000000001000eb48      0x1c0 /usr/lib/gcc/arm-none-eabi/10.3.1/../../../arm-none-eabi/lib/thumb/v6-m/nofp/libc.a(lib_a-fflush.o)
                0x000000001000eb48                __sflush_r
                0x000000001000ec88                _fflush_r
                0x000000001000ecb4                fflush
 .text          0x000000001000ed08      0x248 /usr/lib/gcc/arm-none-eabi/10.3.1/../../../arm-none-eabi/lib/thumb/v6-m/nofp/libc.a(lib_a-findfp.o)
                0x000000001000ed0c                _cleanup_r
                0x000000001000ee08                __sfmoreglue
                0x000000001000ee38                __sfp
                0x000000001000eee8                _cleanup
                0x000000001000ef00                __sinit
                0x000000001000ef10                __sfp_lock_acquire
                0x000000001000ef14                __sfp_lock_release
                0x000000001000ef18                __sinit_lock_acquire
                0x000000001000ef1c                __sinit_lock_release
                0x000000001000ef20                __fp_lock_all
                0x000000001000ef38                __fp_unlock_all
 .text          0x000000001000ef50      0x260 /usr/lib/gcc/arm-none-eabi/10.3.1/../../../arm-none-eabi/lib/thumb/v6-m/nofp/libc.a(lib_a-freer.o)
                0x000000001000ef50                _malloc_trim_r
                0x000000001000efec                _free_r
 .text          0x000000001000f1b0       0x88 /usr/lib/gcc/arm-none-eabi/10.3.1/../../../arm-none-eabi/lib/thumb/v6-m/nofp/libc.a(lib_a-fwalk.o)
                0x000000001000f1b0                _fwalk
                0x000000001000f1f0                _fwalk_reent
 .text          0x000000001000f238       0x14 /usr/lib/gcc/arm-none-eabi/10.3.1/../../../arm-none-eabi/lib/thumb/v6-m/nofp/libc.a(lib_a-localeconv.o)
                0x000000001000f238                __localeconv_l
                0x000000001000f23c                _localeconv_r
                0x000000001000f244                localeconv
 .text          0x000000001000f24c      0x144 /usr/lib/gcc/arm-none-eabi/10.3.1/../../../arm-none-eabi/lib/thumb/v6-m/nofp/libc.a(lib_a-makebuf.o)
                0x000000001000f24c                __smakebuf_r
                0x000000001000f330                __swhatbuf_r
 .text          0x000000001000f390      0xafc /usr/lib/gcc/arm-none-eabi/10.3.1/../../../arm-none-eabi/lib/thumb/v6-m/nofp/libc.a(lib_a-mprec.o)
                0x000000001000f390                _Balloc
                0x000000001000f3e0                _Bfree
                0x000000001000f3f4                __multadd
                0x000000001000f49c                __s2b
                0x000000001000f54c                __hi0bits
                0x000000001000f584                __lo0bits
                0x000000001000f5e0                __i2b
                0x000000001000f640                __multiply
                0x000000001000f7e4                __pow5mult
                0x000000001000f8bc                __lshift
                0x000000001000f9b8                __mcmp
                0x000000001000f9ec                __mdiff
                0x000000001000fb78                __ulp
                0x000000001000fbc0                __b2d
                0x000000001000fc88                __d2b
                0x000000001000fd60                __ratio
                0x000000001000fdc8                _mprec_log10
                0x000000001000fdfc                __copybits
                0x000000001000fe3c                __any_on
 .text          0x000000001000fe8c       0xa4 /usr/lib/gcc/arm-none-eabi/10.3.1/../../../arm-none-eabi/lib/thumb/v6-m/nofp/libc.a(lib_a-stdio.o)
                0x000000001000fe8c                __sread
                0x000000001000feb4                __seofread
                0x000000001000feb8                __swrite
                0x000000001000fef8                __sseek
                0x000000001000ff24                __sclose
 .text          0x000000001000ff30      0xdd8 /usr/lib/gcc/arm-none-eabi/10.3.1/../../../arm-none-eabi/lib/thumb/v6-m/nofp/libc.a(lib_a-vfiprintf.o)
                0x000000001000ffb8                __sprint_r
                0x000000001000ffcc                _vfiprintf_r
                0x0000000010010c7c                vfiprintf
 .text          0x0000000010010d08       0x28 /usr/lib/gcc/arm-none-eabi/10.3.1/../../../arm-none-eabi/lib/thumb/v6-m/nofp/libc.a(lib_a-writer.o)
                0x0000000010010d08                _write_r
 .text          0x0000000010010d30       0x24 /usr/lib/gcc/arm-none-eabi/10.3.1/../../../arm-none-eabi/lib/thumb/v6-m/nofp/libc.a(lib_a-closer.o)
                0x0000000010010d30                _close_r
 .text          0x0000000010010d54       0xe8 /usr/lib/gcc/arm-none-eabi/10.3.1/../../../arm-none-eabi/lib/thumb/v6-m/nofp/libc.a(lib_a-fclose.o)
                0x0000000010010dc4                _fclose_r
                0x0000000010010dfc                fclose
 .text          0x0000000010010e3c       0xfc /usr/lib/gcc/arm-none-eabi/10.3.1/../../../arm-none-eabi/lib/thumb/v6-m/nofp/libc.a(lib_a-fputwc.o)
                0x0000000010010e3c                __fputwc
                0x0000000010010ed4                _fputwc_r
                0x0000000010010ef4                fputwc
 .text          0x0000000010010f38       0x28 /usr/lib/gcc/arm-none-eabi/10.3.1/../../../arm-none-eabi/lib/thumb/v6-m/nofp/libc.a(lib_a-fstatr.o)
                0x0000000010010f38                _fstat_r
 .text          0x0000000010010f60      0x2f4 /usr/lib/gcc/arm-none-eabi/10.3.1/../../../arm-none-eabi/lib/thumb/v6-m/nofp/libc.a(lib_a-fvwrite.o)
                0x0000000010010f60                __sfvwrite_r
 .text          0x0000000010011254       0x24 /usr/lib/gcc/arm-none-eabi/10.3.1/../../../arm-none-eabi/lib/thumb/v6-m/nofp/libc.a(lib_a-isattyr.o)
                0x0000000010011254                _isatty_r
 .text          0x0000000010011278       0x98 /usr/lib/gcc/arm-none-eabi/10.3.1/../../../arm-none-eabi/lib/thumb/v6-m/nofp/libc.a(lib_a-locale.o)
                0x0000000010011278                _setlocale_r
                0x00000000100112bc                __locale_mb_cur_max
                0x00000000100112cc                setlocale
 .text          0x0000000010011310       0x28 /usr/lib/gcc/arm-none-eabi/10.3.1/../../../arm-none-eabi/lib/thumb/v6-m/nofp/libc.a(lib_a-lseekr.o)
                0x0000000010011310                _lseek_r
 .text          0x0000000010011338       0x44 /usr/lib/gcc/arm-none-eabi/10.3.1/../../../arm-none-eabi/lib/thumb/v6-m/nofp/libc.a(lib_a-mbtowc_r.o)
                0x0000000010011338                _mbtowc_r
                0x0000000010011350                __ascii_mbtowc
 .text          0x000000001001137c       0x28 /usr/lib/gcc/arm-none-eabi/10.3.1/../../../arm-none-eabi/lib/thumb/v6-m/nofp/libc.a(lib_a-readr.o)
                0x000000001001137c                _read_r
 .text          0x00000000100113a4       0xe0 /usr/lib/gcc/arm-none-eabi/10.3.1/../../../arm-none-eabi/lib/thumb/v6-m/nofp/libc.a(lib_a-wbuf.o)
                0x00000000100113a4                __swbuf_r
                0x000000001001146c                __swbuf
 .text          0x0000000010011484       0x84 /usr/lib/gcc/arm-none-eabi/10.3.1/../../../arm-none-eabi/lib/thumb/v6-m/nofp/libc.a(lib_a-wcrtomb.o)
                0x0000000010011484                _wcrtomb_r
                0x00000000100114c4                wcrtomb
 .text          0x0000000010011508       0x2c /usr/lib/gcc/arm-none-eabi/10.3.1/../../../arm-none-eabi/lib/thumb/v6-m/nofp/libc.a(lib_a-wctomb_r.o)
                0x0000000010011508                _wctomb_r
                0x0000000010011518                __ascii_wctomb
 *(.fini)
 .fini          0x0000000010011534        0x4 /usr/lib/gcc/arm-none-eabi/10.3.1/thumb/v6-m/nofp/crti.o
                0x0000000010011534                _fini
 .fini.__stub   0x0000000010011538      0x130 linker stubs
 *crtbegin.o(.ctors)
 *crtbegin?.o(.ctors)
 *(EXCLUDE_FILE(*crtend.o *crtend?.o) .ctors)
 *(SORT_BY_NAME(.ctors.*))
 *(.ctors)
 *crtbegin.o(.dtors)
 *crtbegin?.o(.dtors)
 *(EXCLUDE_FILE(*crtend.o *crtend?.o) .dtors)
 *(SORT_BY_NAME(.dtors.*))
 *(.dtors)
 *(.eh_frame*)
 .eh_frame      0x0000000010011668        0x0 /usr/lib/gcc/arm-none-eabi/10.3.1/thumb/v6-m/nofp/crtbegin.o
                0x0000000010011668                . = ALIGN (0x4)

.glue_7         0x0000000010011668        0x0
 .glue_7        0x0000000010011668        0x0 linker stubs

.glue_7t        0x0000000010011668        0x0
 .glue_7t       0x0000000010011668        0x0 linker stubs

.vfp11_veneer   0x0000000010011668        0x0
 .vfp11_veneer  0x0000000010011668        0x0 linker stubs

.v4_bx          0x0000000010011668        0x0
 .v4_bx         0x0000000010011668        0x0 linker stubs

.iplt           0x0000000010011668        0x0
 .iplt          0x0000000010011668        0x0 /usr/lib/gcc/arm-none-eabi/10.3.1/thumb/v6-m/nofp/crtbegin.o

.rodata         0x0000000010011668     0x42ec
 *(EXCLUDE_FILE(*libm.a: *libc.a:*lib_a-mem*.o *libgcc.a:) .rodata*)
 .rodata._robotlinefollowerreaction_function_0.str1.4
                0x0000000010011668        0x5 CMakeFiles/SimpleLineFollow.dir/_robotlinefollower.c.obj
 *fill*         0x000000001001166d        0x3 
 .rodata._robotlinefollowerreaction_function_1.str1.4
                0x0000000010011670       0x2d CMakeFiles/SimpleLineFollow.dir/_robotlinefollower.c.obj
 *fill*         0x000000001001169d        0x3 
 .rodata.new__robotlinefollower.str1.4
                0x00000000100116a0        0xc CMakeFiles/SimpleLineFollow.dir/_robotlinefollower.c.obj