Archive member included to satisfy reference by file (symbol)

core/libcore.a(tag.c.obj)     CMakeFiles/SimpleLineFollow.dir/lib/schedule.c.obj (lf_time_logical)
core/libcore.a(reactor_common.c.obj)
                              CMakeFiles/SimpleLineFollow.dir/SimpleLineFollow.c.obj (_lf_allocate)
core/libcore.a(lf_token.c.obj)
                              CMakeFiles/SimpleLineFollow.dir/SimpleLineFollow.c.obj (_lf_initialize_template)
core/libcore.a(environment.c.obj)
                              core/libcore.a(reactor_common.c.obj) (environment_free)
core/libcore.a(reactor.c.obj)
                              CMakeFiles/SimpleLineFollow.dir/_robotlinefollower.c.obj (_lf_set_present)
core/libcore.a(vector.c.obj)  core/libcore.a(reactor_common.c.obj) (vector_at)
core/libcore.a(pqueue.c.obj)  core/libcore.a(environment.c.obj) (pqueue_init)
core/libcore.a(util.c.obj)    core/libcore.a(reactor_common.c.obj) (lf_print)
core/libcore.a(hashset.c.obj)
                              core/libcore.a(lf_token.c.obj) (hashset_num_items)
core/libcore.a(hashset_itr.c.obj)
                              core/libcore.a(lf_token.c.obj) (hashset_iterator)
core/libcore.a(modes.c.obj)   core/libcore.a(reactor_common.c.obj) (_lf_add_suspended_event)
core/libcore.a(lf_rp2040_support.c.obj)
                              core/libcore.a(reactor.c.obj) (_lf_initialize_clock)
robot/librobot.a(display.c.obj)
                              CMakeFiles/SimpleLineFollow.dir/_display.c.obj (display_set_font)
robot/librobot.a(font_8x8.c.obj)
                              robot/librobot.a(display.c.obj) (font_8x8)
robot/librobot.a(font_8x16.c.obj)
                              CMakeFiles/SimpleLineFollow.dir/_display.c.obj (font_8x16)
robot/librobot.a(imu.c.obj)   CMakeFiles/SimpleLineFollow.dir/_gyro.c.obj (imu_init)
robot/librobot.a(motors.c.obj)
                              CMakeFiles/SimpleLineFollow.dir/_motors.c.obj (motors_init)
robot/librobot.a(sh1106.c.obj)
                              robot/librobot.a(display.c.obj) (sh1106_transfer_start)
/usr/lib/gcc/arm-none-eabi/10.3.1/thumb/v6-m/nofp/libgcc.a(_dvmd_tls.o)
                              CMakeFiles/SimpleLineFollow.dir/home/foobar/pico-sdk/src/rp2_common/pico_divider/divider.S.obj (__aeabi_idiv0)
/usr/lib/gcc/arm-none-eabi/10.3.1/../../../arm-none-eabi/lib/thumb/v6-m/nofp/libc.a(lib_a-atexit.o)
                              /usr/lib/gcc/arm-none-eabi/10.3.1/../../../arm-none-eabi/lib/thumb/v6-m/nofp/crt0.o (atexit)
/usr/lib/gcc/arm-none-eabi/10.3.1/../../../arm-none-eabi/lib/thumb/v6-m/nofp/libc.a(lib_a-atoi.o)
                              core/libcore.a(reactor_common.c.obj) (atoi)
/usr/lib/gcc/arm-none-eabi/10.3.1/../../../arm-none-eabi/lib/thumb/v6-m/nofp/libc.a(lib_a-atoll.o)
                              core/libcore.a(reactor_common.c.obj) (atoll)
/usr/lib/gcc/arm-none-eabi/10.3.1/../../../arm-none-eabi/lib/thumb/v6-m/nofp/libc.a(lib_a-calloc.o)
                              CMakeFiles/SimpleLineFollow.dir/home/foobar/pico-sdk/src/rp2_common/pico_malloc/pico_malloc.c.obj (calloc)
/usr/lib/gcc/arm-none-eabi/10.3.1/../../../arm-none-eabi/lib/thumb/v6-m/nofp/libc.a(lib_a-callocr.o)
                              /usr/lib/gcc/arm-none-eabi/10.3.1/../../../arm-none-eabi/lib/thumb/v6-m/nofp/libc.a(lib_a-calloc.o) (_calloc_r)
/usr/lib/gcc/arm-none-eabi/10.3.1/../../../arm-none-eabi/lib/thumb/v6-m/nofp/libc.a(lib_a-fini.o)
                              /usr/lib/gcc/arm-none-eabi/10.3.1/../../../arm-none-eabi/lib/thumb/v6-m/nofp/crt0.o (__libc_fini_array)
/usr/lib/gcc/arm-none-eabi/10.3.1/../../../arm-none-eabi/lib/thumb/v6-m/nofp/libc.a(lib_a-impure.o)
                              core/libcore.a(util.c.obj) (_impure_ptr)
/usr/lib/gcc/arm-none-eabi/10.3.1/../../../arm-none-eabi/lib/thumb/v6-m/nofp/libc.a(lib_a-init.o)
                              /usr/lib/gcc/arm-none-eabi/10.3.1/../../../arm-none-eabi/lib/thumb/v6-m/nofp/crt0.o (__libc_init_array)
/usr/lib/gcc/arm-none-eabi/10.3.1/../../../arm-none-eabi/lib/thumb/v6-m/nofp/libc.a(lib_a-malloc.o)
                              CMakeFiles/SimpleLineFollow.dir/home/foobar/pico-sdk/src/rp2_common/pico_malloc/pico_malloc.c.obj (malloc)
/usr/lib/gcc/arm-none-eabi/10.3.1/../../../arm-none-eabi/lib/thumb/v6-m/nofp/libc.a(lib_a-mallocr.o)
                              /usr/lib/gcc/arm-none-eabi/10.3.1/../../../arm-none-eabi/lib/thumb/v6-m/nofp/libc.a(lib_a-callocr.o) (_malloc_r)
/usr/lib/gcc/arm-none-eabi/10.3.1/../../../arm-none-eabi/lib/thumb/v6-m/nofp/libc.a(lib_a-mlock.o)
                              /usr/lib/gcc/arm-none-eabi/10.3.1/../../../arm-none-eabi/lib/thumb/v6-m/nofp/libc.a(lib_a-mallocr.o) (__malloc_lock)
/usr/lib/gcc/arm-none-eabi/10.3.1/../../../arm-none-eabi/lib/thumb/v6-m/nofp/libc.a(lib_a-realloc.o)
                              CMakeFiles/SimpleLineFollow.dir/home/foobar/pico-sdk/src/rp2_common/pico_malloc/pico_malloc.c.obj (realloc)
[...]
Memory Configuration

Name             Origin             Length             Attributes
FLASH            0x0000000010000000 0x0000000000200000 xr
RAM              0x0000000020000000 0x0000000000040000 xrw
SCRATCH_X        0x0000000020040000 0x0000000000001000 xrw
SCRATCH_Y        0x0000000020041000 0x0000000000001000 xrw
*default*        0x0000000000000000 0xffffffffffffffff

Linker script and memory map

LOAD /usr/lib/gcc/arm-none-eabi/10.3.1/thumb/v6-m/nofp/crti.o
LOAD /usr/lib/gcc/arm-none-eabi/10.3.1/thumb/v6-m/nofp/crtbegin.o
LOAD /usr/lib/gcc/arm-none-eabi/10.3.1/../../../arm-none-eabi/lib/thumb/v6-m/nofp/crt0.o

.flash_begin    0x0000000010000000        0x0
                0x0000000010000000                __flash_binary_start = .

.boot2          0x0000000010000000      0x100
                0x0000000010000000                __boot2_start__ = .
 *(.boot2)
 .boot2         0x0000000010000000      0x100 /tmp/ccH98LX4.o
                0x0000000010000100                __boot2_end__ = .
                0x0000000000000001                ASSERT (((__boot2_end__ - __boot2_start__) == 0x100), ERROR: Pico second stage bootloader must be 256 bytes in size)

.text           0x0000000010000100    0x13ca8
                0x0000000010000100                __logical_binary_start = .
 *(.vectors)
 .vectors       0x0000000010000100       0xd4 CMakeFiles/SimpleLineFollow.dir/home/foobar/pico-sdk/src/rp2_common/pico_standard_link/crt0.S.obj
                0x0000000010000100                __vectors
                0x0000000010000100                __VECTOR_TABLE
                0x00000000100001c0                isr_invalid
                0x00000000100001c0                __default_isrs_start
                0x00000000100001c2                isr_nmi
                0x00000000100001c4                isr_hardfault
                0x00000000100001c6                isr_svcall
                0x00000000100001c8                isr_pendsv
                0x00000000100001ca                isr_systick
                0x00000000100001cc                isr_irq30
                0x00000000100001cc                __unhandled_user_irq
                0x00000000100001cc                isr_irq13
                0x00000000100001cc                isr_irq27
                0x00000000100001cc                isr_irq31
                0x00000000100001cc                isr_irq5
                0x00000000100001cc                isr_irq11
                0x00000000100001cc                isr_irq23
                0x00000000100001cc                isr_irq18
                0x00000000100001cc                isr_irq28
                0x00000000100001cc                isr_irq19
                0x00000000100001cc                isr_irq0
                0x00000000100001cc                isr_irq6
                0x00000000100001cc                isr_irq22
                0x00000000100001cc                isr_irq17
                0x00000000100001cc                isr_irq14
                0x00000000100001cc                isr_irq2
                0x00000000100001cc                isr_irq10
                0x00000000100001cc                isr_irq8
                0x00000000100001cc                isr_irq24
                0x00000000100001cc                isr_irq1
                0x00000000100001cc                isr_irq7
                0x00000000100001cc                isr_irq21
                0x00000000100001cc                isr_irq20
                0x00000000100001cc                isr_irq15
                0x00000000100001cc                isr_irq25
                0x00000000100001cc                isr_irq4
                0x00000000100001cc                isr_irq16
                0x00000000100001cc                isr_irq29
                0x00000000100001cc                isr_irq26
                0x00000000100001cc                __default_isrs_end
                0x00000000100001cc                isr_irq3
                0x00000000100001cc                isr_irq12
                0x00000000100001cc                isr_irq9
                0x00000000100001d2                unhandled_user_irq_num_in_r0
 *(.binary_info_header)
 .binary_info_header
                0x00000000100001d4       0x14 CMakeFiles/SimpleLineFollow.dir/home/foobar/pico-sdk/src/rp2_common/pico_standard_link/crt0.S.obj
                0x00000000100001e8                __binary_info_header_end = .
 *(.reset)
 .reset         0x00000000100001e8       0xa0 CMakeFiles/SimpleLineFollow.dir/home/foobar/pico-sdk/src/rp2_common/pico_standard_link/crt0.S.obj
                0x00000000100001e8                _entry_point
 .reset         0x0000000010000288       0x30 CMakeFiles/SimpleLineFollow.dir/home/foobar/pico-sdk/src/rp2_common/pico_standard_link/binary_info.c.obj
 *(.init)
 .init          0x00000000100002b8        0x4 /usr/lib/gcc/arm-none-eabi/10.3.1/thumb/v6-m/nofp/crti.o
                0x00000000100002b8                _init
 *(EXCLUDE_FILE(*libm.a: *libc.a:*lib_a-mem*.o *libgcc.a:) .text*)
 .text          0x00000000100002bc       0x98 /usr/lib/gcc/arm-none-eabi/10.3.1/thumb/v6-m/nofp/crtbegin.o
 .text.lf_schedule
                0x0000000010000354       0x10 CMakeFiles/SimpleLineFollow.dir/lib/schedule.c.obj
                0x0000000010000354                lf_schedule
 .text.new__simplelinefollow_main
                0x0000000010000364       0x14 CMakeFiles/SimpleLineFollow.dir/_simplelinefollow_main.c.obj
                0x0000000010000364                new__simplelinefollow_main
 .text._robotlinefollowerreaction_function_0
                0x0000000010000378       0x30 CMakeFiles/SimpleLineFollow.dir/_robotlinefollower.c.obj
                0x0000000010000378                _robotlinefollowerreaction_function_0
 .text._robotlinefollowerreaction_function_1
                0x00000000100003a8       0x30 CMakeFiles/SimpleLineFollow.dir/_robotlinefollower.c.obj
                0x00000000100003a8                _robotlinefollowerreaction_function_1
 .text._robotlinefollowerreaction_function_2
                0x00000000100003d8      0x220 CMakeFiles/SimpleLineFollow.dir/_robotlinefollower.c.obj
                0x00000000100003d8                _robotlinefollowerreaction_function_2
 .text._robotlinefollowerreaction_function_3
                0x00000000100005f8      0x1dc CMakeFiles/SimpleLineFollow.dir/_robotlinefollower.c.obj
                0x00000000100005f8                _robotlinefollowerreaction_function_3
 .text._robotlinefollowerreaction_function_5
                0x00000000100007d4       0xac CMakeFiles/SimpleLineFollow.dir/_robotlinefollower.c.obj
                0x00000000100007d4                _robotlinefollowerreaction_function_5
 .text._robotlinefollowerreaction_function_6
                0x0000000010000880       0xac CMakeFiles/SimpleLineFollow.dir/_robotlinefollower.c.obj
                0x0000000010000880                _robotlinefollowerreaction_function_6
 .text._robotlinefollowerreaction_function_8
                0x000000001000092c      0x160 CMakeFiles/SimpleLineFollow.dir/_robotlinefollower.c.obj
                0x000000001000092c                _robotlinefollowerreaction_function_8
 .text._robotlinefollowerreaction_function_4
                0x0000000010000a8c      0x254 CMakeFiles/SimpleLineFollow.dir/_robotlinefollower.c.obj
                0x0000000010000a8c                _robotlinefollowerreaction_function_4
 .text._robotlinefollowerreaction_function_7
                0x0000000010000ce0       0x44 CMakeFiles/SimpleLineFollow.dir/_robotlinefollower.c.obj
                0x0000000010000ce0                _robotlinefollowerreaction_function_7
 .text.new__robotlinefollower
                0x0000000010000d24      0x600 CMakeFiles/SimpleLineFollow.dir/_robotlinefollower.c.obj
                0x0000000010000d24                new__robotlinefollower
 .text._motorsreaction_function_1
                0x0000000010001324       0x4c CMakeFiles/SimpleLineFollow.dir/_motors.c.obj
                0x0000000010001324                _motorsreaction_function_1
 .text._motorsreaction_function_2
                0x0000000010001370       0x4c CMakeFiles/SimpleLineFollow.dir/_motors.c.obj
                0x0000000010001370                _motorsreaction_function_2
 .text._motorsreaction_function_0
                0x00000000100013bc        0xc CMakeFiles/SimpleLineFollow.dir/_motors.c.obj
                0x00000000100013bc                _motorsreaction_function_0
 .text.new__motors
                0x00000000100013c8       0xe8 CMakeFiles/SimpleLineFollow.dir/_motors.c.obj
                0x00000000100013c8                new__motors
 .text.new__gyroangle
                0x00000000100014b0       0x24 CMakeFiles/SimpleLineFollow.dir/_gyroangle.c.obj
                0x00000000100014b0                new__gyroangle
 .text._gyroreaction_function_1
                0x00000000100014d4       0x78 CMakeFiles/SimpleLineFollow.dir/_gyro.c.obj
                0x00000000100014d4                _gyroreaction_function_1
 .text._gyroreaction_function_0
                0x000000001000154c       0x20 CMakeFiles/SimpleLineFollow.dir/_gyro.c.obj
                0x000000001000154c                _gyroreaction_function_0
 .text.new__gyro
                0x000000001000156c       0xa4 CMakeFiles/SimpleLineFollow.dir/_gyro.c.obj
                0x000000001000156c                new__gyro
 .text._trapezoidalintegratorreaction_function_0
                0x0000000010001610       0xb0 CMakeFiles/SimpleLineFollow.dir/_trapezoidalintegrator.c.obj
                0x0000000010001610                _trapezoidalintegratorreaction_function_0
 .text.new__trapezoidalintegrator
                0x00000000100016c0       0x60 CMakeFiles/SimpleLineFollow.dir/_trapezoidalintegrator.c.obj
                0x00000000100016c0                new__trapezoidalintegrator
 .text._angletodistancereaction_function_0
                0x0000000010001720       0x2c CMakeFiles/SimpleLineFollow.dir/_angletodistance.c.obj
                0x0000000010001720                _angletodistancereaction_function_0
 .text._angletodistancereaction_function_1
                0x000000001000174c       0x4c CMakeFiles/SimpleLineFollow.dir/_angletodistance.c.obj
                0x000000001000174c                _angletodistancereaction_function_1
 .text._angletodistancereaction_function_2
                0x0000000010001798       0x4c CMakeFiles/SimpleLineFollow.dir/_angletodistance.c.obj
                0x0000000010001798                _angletodistancereaction_function_2
 .text.new__angletodistance
                0x00000000100017e4       0xdc CMakeFiles/SimpleLineFollow.dir/_angletodistance.c.obj
                0x00000000100017e4                new__angletodistance
 .text._encodersreaction_function_1
                0x00000000100018c0       0x8c CMakeFiles/SimpleLineFollow.dir/_encoders.c.obj
                0x00000000100018c0                _encodersreaction_function_1
 .text._encodersreaction_function_0
                0x000000001000194c      0x118 CMakeFiles/SimpleLineFollow.dir/_encoders.c.obj
                0x000000001000194c                _encodersreaction_function_0
 .text.new__encoders
                0x0000000010001a64       0xa4 CMakeFiles/SimpleLineFollow.dir/_encoders.c.obj
                0x0000000010001a64                new__encoders
 .text._irsensorreaderreaction_function_1
                0x0000000010001b08       0x50 CMakeFiles/SimpleLineFollow.dir/_irsensorreader.c.obj
                0x0000000010001b08                _irsensorreaderreaction_function_1
 .text._irsensorreaderreaction_function_2
                0x0000000010001b58       0x30 CMakeFiles/SimpleLineFollow.dir/_irsensorreader.c.obj
                0x0000000010001b58                _irsensorreaderreaction_function_2
 .text._irsensorreaderreaction_function_3
                0x0000000010001b88       0x34 CMakeFiles/SimpleLineFollow.dir/_irsensorreader.c.obj
                0x0000000010001b88                _irsensorreaderreaction_function_3
 .text._irsensorreaderreaction_function_0
                0x0000000010001bbc       0x64 CMakeFiles/SimpleLineFollow.dir/_irsensorreader.c.obj
                0x0000000010001bbc                _irsensorreaderreaction_function_0
 .text.new__irsensorreader
                0x0000000010001c20       0xf4 CMakeFiles/SimpleLineFollow.dir/_irsensorreader.c.obj
                0x0000000010001c20                new__irsensorreader
 .text._displayreaction_function_1
                0x0000000010001d14       0xb4 CMakeFiles/SimpleLineFollow.dir/_display.c.obj
                0x0000000010001d14                _displayreaction_function_1
 .text._displayreaction_function_0
                0x0000000010001dc8       0x2c CMakeFiles/SimpleLineFollow.dir/_display.c.obj
                0x0000000010001dc8                _displayreaction_function_0
 .text.new__display
                0x0000000010001df4      0x104 CMakeFiles/SimpleLineFollow.dir/_display.c.obj
                0x0000000010001df4                new__display
 .text.startup.main
                0x0000000010001ef8        0xc CMakeFiles/SimpleLineFollow.dir/SimpleLineFollow.c.obj
                0x0000000010001ef8                main
 .text._lf_set_default_command_line_options
                0x0000000010001f04        0x4 CMakeFiles/SimpleLineFollow.dir/SimpleLineFollow.c.obj
                0x0000000010001f04                _lf_set_default_command_line_options
 .text._lf_create_environments
                0x0000000010001f08       0x34 CMakeFiles/SimpleLineFollow.dir/SimpleLineFollow.c.obj
                0x0000000010001f08                _lf_create_environments
 .text._lf_get_environments
                0x0000000010001f3c        0xc CMakeFiles/SimpleLineFollow.dir/SimpleLineFollow.c.obj
                0x0000000010001f3c                _lf_get_environments
 .text._lf_initialize_trigger_objects
                0x0000000010001f48     0x1238 CMakeFiles/SimpleLineFollow.dir/SimpleLineFollow.c.obj
                0x0000000010001f48                _lf_initialize_trigger_objects
 .text.terminate_execution
                0x0000000010003180        0x4 CMakeFiles/SimpleLineFollow.dir/SimpleLineFollow.c.obj
                0x0000000010003180                terminate_execution
 .text.gpio_set_function
                0x0000000010003184       0x30 CMakeFiles/SimpleLineFollow.dir/home/foobar/pico-sdk/src/rp2_common/hardware_gpio/gpio.c.obj
                0x0000000010003184                gpio_set_function
 .text.gpio_set_pulls
                0x00000000100031b4       0x30 CMakeFiles/SimpleLineFollow.dir/home/foobar/pico-sdk/src/rp2_common/hardware_gpio/gpio.c.obj
                0x00000000100031b4                gpio_set_pulls
 .text.gpio_set_input_enabled
                0x00000000100031e4       0x28 CMakeFiles/SimpleLineFollow.dir/home/foobar/pico-sdk/src/rp2_common/hardware_gpio/gpio.c.obj
                0x00000000100031e4                gpio_set_input_enabled
 .text.gpio_init
                0x000000001000320c       0x3c CMakeFiles/SimpleLineFollow.dir/home/foobar/pico-sdk/src/rp2_common/hardware_gpio/gpio.c.obj
                0x000000001000320c                gpio_init
 .text.running_on_fpga
                0x0000000010003248       0x10 CMakeFiles/SimpleLineFollow.dir/home/foobar/pico-sdk/src/rp2_common/pico_platform/platform.c.obj
                0x0000000010003248                running_on_fpga
 .text.hw_claim_lock
                0x0000000010003258       0x18 CMakeFiles/SimpleLineFollow.dir/home/foobar/pico-sdk/src/rp2_common/hardware_claim/claim.c.obj
                0x0000000010003258                hw_claim_lock
 .text.hw_claim_unlock
                0x0000000010003270       0x14 CMakeFiles/SimpleLineFollow.dir/home/foobar/pico-sdk/src/rp2_common/hardware_claim/claim.c.obj
                0x0000000010003270                hw_claim_unlock
 .text.hw_claim_or_assert
                0x0000000010003284       0x44 CMakeFiles/SimpleLineFollow.dir/home/foobar/pico-sdk/src/rp2_common/hardware_claim/claim.c.obj
                0x0000000010003284                hw_claim_or_assert
 .text.hw_claim_unused_from_range
                0x00000000100032c8       0x9c CMakeFiles/SimpleLineFollow.dir/home/foobar/pico-sdk/src/rp2_common/hardware_claim/claim.c.obj
                0x00000000100032c8                hw_claim_unused_from_range
 .text.spin_locks_reset
                0x0000000010003364       0x1c CMakeFiles/SimpleLineFollow.dir/home/foobar/pico-sdk/src/rp2_common/hardware_sync/sync.c.obj
                0x0000000010003364                spin_locks_reset
 .text.next_striped_spin_lock_num
                0x0000000010003380       0x18 CMakeFiles/SimpleLineFollow.dir/home/foobar/pico-sdk/src/rp2_common/hardware_sync/sync.c.obj
                0x0000000010003380                next_striped_spin_lock_num
 .text.spin_lock_claim_unused
                0x0000000010003398       0x20 CMakeFiles/SimpleLineFollow.dir/home/foobar/pico-sdk/src/rp2_common/hardware_sync/sync.c.obj
                0x0000000010003398                spin_lock_claim_unused
 .text.irq_set_enabled
                0x00000000100033b8       0x24 CMakeFiles/SimpleLineFollow.dir/home/foobar/pico-sdk/src/rp2_common/hardware_irq/irq.c.obj
                0x00000000100033b8                irq_set_enabled
 .text.irq_set_pending
                0x00000000100033dc       0x10 CMakeFiles/SimpleLineFollow.dir/home/foobar/pico-sdk/src/rp2_common/hardware_irq/irq.c.obj
                0x00000000100033dc                irq_set_pending
 .text.irq_has_shared_handler
                0x00000000100033ec       0x2c CMakeFiles/SimpleLineFollow.dir/home/foobar/pico-sdk/src/rp2_common/hardware_irq/irq.c.obj
                0x00000000100033ec                irq_has_shared_handler
 .text.irq_get_vtable_handler
                0x0000000010003418       0x10 CMakeFiles/SimpleLineFollow.dir/home/foobar/pico-sdk/src/rp2_common/hardware_irq/irq.c.obj
                0x0000000010003418                irq_get_vtable_handler
 .text.irq_set_exclusive_handler
                0x0000000010003428       0x54 CMakeFiles/SimpleLineFollow.dir/home/foobar/pico-sdk/src/rp2_common/hardware_irq/irq.c.obj
                0x0000000010003428                irq_set_exclusive_handler
 .text.irq_add_shared_handler
                0x000000001000347c      0x1e8 CMakeFiles/SimpleLineFollow.dir/home/foobar/pico-sdk/src/rp2_common/hardware_irq/irq.c.obj
                0x000000001000347c                irq_add_shared_handler
 .text.irq_remove_handler
                0x0000000010003664      0x1b0 CMakeFiles/SimpleLineFollow.dir/home/foobar/pico-sdk/src/rp2_common/hardware_irq/irq.c.obj
                0x0000000010003664                irq_remove_handler
 .text.irq_add_tail_to_free_list
                0x0000000010003814       0xb4 CMakeFiles/SimpleLineFollow.dir/home/foobar/pico-sdk/src/rp2_common/hardware_irq/irq.c.obj
                0x0000000010003814                irq_add_tail_to_free_list
 .text.irq_init_priorities
                0x00000000100038c8       0x24 CMakeFiles/SimpleLineFollow.dir/home/foobar/pico-sdk/src/rp2_common/hardware_irq/irq.c.obj
                0x00000000100038c8                irq_init_priorities
 .text.user_irq_claim_unused
                0x00000000100038ec       0x28 CMakeFiles/SimpleLineFollow.dir/home/foobar/pico-sdk/src/rp2_common/hardware_irq/irq.c.obj
                0x00000000100038ec                user_irq_claim_unused
 .text.sem_init
                0x0000000010003914       0x20 CMakeFiles/SimpleLineFollow.dir/home/foobar/pico-sdk/src/common/pico_sync/sem.c.obj
                0x0000000010003914                sem_init
 .text.lock_init
                0x0000000010003934       0x10 CMakeFiles/SimpleLineFollow.dir/home/foobar/pico-sdk/src/common/pico_sync/lock_core.c.obj
                0x0000000010003934                lock_init
 .text.mutex_init
                0x0000000010003944       0x1c CMakeFiles/SimpleLineFollow.dir/home/foobar/pico-sdk/src/common/pico_sync/mutex.c.obj
                0x0000000010003944                mutex_init
 .text.recursive_mutex_init
                0x0000000010003960       0x1c CMakeFiles/SimpleLineFollow.dir/home/foobar/pico-sdk/src/common/pico_sync/mutex.c.obj
                0x0000000010003960                recursive_mutex_init
 .text.critical_section_init
                0x000000001000397c       0x20 CMakeFiles/SimpleLineFollow.dir/home/foobar/pico-sdk/src/common/pico_sync/critical_section.c.obj
                0x000000001000397c                critical_section_init
 .text.critical_section_init_with_lock_num
                0x000000001000399c       0x14 CMakeFiles/SimpleLineFollow.dir/home/foobar/pico-sdk/src/common/pico_sync/critical_section.c.obj
                0x000000001000399c                critical_section_init_with_lock_num
 .text.timer_pool_entry_comparator
                0x00000000100039b0       0x34 CMakeFiles/SimpleLineFollow.dir/home/foobar/pico-sdk/src/common/pico_time/time.c.obj
                0x00000000100039b0                timer_pool_entry_comparator
 .text.sleep_until_callback
                0x00000000100039e4       0x30 CMakeFiles/SimpleLineFollow.dir/home/foobar/pico-sdk/src/common/pico_time/time.c.obj
 .text.add_alarm_under_lock.isra.0
                0x0000000010003a14      0x100 CMakeFiles/SimpleLineFollow.dir/home/foobar/pico-sdk/src/common/pico_time/time.c.obj
 .text.alarm_pool_alarm_callback
                0x0000000010003b14      0x1bc CMakeFiles/SimpleLineFollow.dir/home/foobar/pico-sdk/src/common/pico_time/time.c.obj
 .text.alarm_pool_init_default
                0x0000000010003cd0       0x6c CMakeFiles/SimpleLineFollow.dir/home/foobar/pico-sdk/src/common/pico_time/time.c.obj
                0x0000000010003cd0                alarm_pool_init_default
 .text.alarm_pool_get_default
                0x0000000010003d3c        0x8 CMakeFiles/SimpleLineFollow.dir/home/foobar/pico-sdk/src/common/pico_time/time.c.obj
                0x0000000010003d3c                alarm_pool_get_default
 .text.alarm_pool_add_alarm_at
                0x0000000010003d44      0x178 CMakeFiles/SimpleLineFollow.dir/home/foobar/pico-sdk/src/common/pico_time/time.c.obj
                0x0000000010003d44                alarm_pool_add_alarm_at
 .text.alarm_pool_core_num
                0x0000000010003ebc        0x4 CMakeFiles/SimpleLineFollow.dir/home/foobar/pico-sdk/src/common/pico_time/time.c.obj
                0x0000000010003ebc                alarm_pool_core_num
 .text.sleep_until
                0x0000000010003ec0       0xc4 CMakeFiles/SimpleLineFollow.dir/home/foobar/pico-sdk/src/common/pico_time/time.c.obj
                0x0000000010003ec0                sleep_until
 .text.sleep_us
                0x0000000010003f84       0x24 CMakeFiles/SimpleLineFollow.dir/home/foobar/pico-sdk/src/common/pico_time/time.c.obj
                0x0000000010003f84                sleep_us
 .text.best_effort_wfe_or_timeout
                0x0000000010003fa8       0xd4 CMakeFiles/SimpleLineFollow.dir/home/foobar/pico-sdk/src/common/pico_time/time.c.obj
                0x0000000010003fa8                best_effort_wfe_or_timeout
 .text.hardware_alarm_irq_handler
                0x000000001000407c       0xbc CMakeFiles/SimpleLineFollow.dir/home/foobar/pico-sdk/src/rp2_common/hardware_timer/timer.c.obj
 .text.hardware_alarm_claim
                0x0000000010004138       0x18 CMakeFiles/SimpleLineFollow.dir/home/foobar/pico-sdk/src/rp2_common/hardware_timer/timer.c.obj
                0x0000000010004138                hardware_alarm_claim
 .text.time_us_64
                0x0000000010004150       0x14 CMakeFiles/SimpleLineFollow.dir/home/foobar/pico-sdk/src/rp2_common/hardware_timer/timer.c.obj
                0x0000000010004150                time_us_64
 .text.busy_wait_us
                0x0000000010004164       0x54 CMakeFiles/SimpleLineFollow.dir/home/foobar/pico-sdk/src/rp2_common/hardware_timer/timer.c.obj
                0x0000000010004164                busy_wait_us
 .text.busy_wait_until
                0x00000000100041b8       0x20 CMakeFiles/SimpleLineFollow.dir/home/foobar/pico-sdk/src/rp2_common/hardware_timer/timer.c.obj
                0x00000000100041b8                busy_wait_until
 .text.hardware_alarm_set_callback
                0x00000000100041d8       0x8c CMakeFiles/SimpleLineFollow.dir/home/foobar/pico-sdk/src/rp2_common/hardware_timer/timer.c.obj
                0x00000000100041d8                hardware_alarm_set_callback
 .text.hardware_alarm_set_target
                0x0000000010004264       0xd4 CMakeFiles/SimpleLineFollow.dir/home/foobar/pico-sdk/src/rp2_common/hardware_timer/timer.c.obj
                0x0000000010004264                hardware_alarm_set_target
 .text.hardware_alarm_cancel
                0x0000000010004338       0x3c CMakeFiles/SimpleLineFollow.dir/home/foobar/pico-sdk/src/rp2_common/hardware_timer/timer.c.obj
                0x0000000010004338                hardware_alarm_cancel
 .text.ph_merge_nodes
                0x0000000010004374       0x68 CMakeFiles/SimpleLineFollow.dir/home/foobar/pico-sdk/src/common/pico_util/pheap.c.obj
 .text.ph_post_alloc_init
                0x00000000100043dc       0x3c CMakeFiles/SimpleLineFollow.dir/home/foobar/pico-sdk/src/common/pico_util/pheap.c.obj
                0x00000000100043dc                ph_post_alloc_init
 .text.ph_merge_two_pass
                0x0000000010004418       0x90 CMakeFiles/SimpleLineFollow.dir/home/foobar/pico-sdk/src/common/pico_util/pheap.c.obj
                0x0000000010004418                ph_merge_two_pass
 .text.ph_remove_any_head
                0x00000000100044a8      0x100 CMakeFiles/SimpleLineFollow.dir/home/foobar/pico-sdk/src/common/pico_util/pheap.c.obj
 .text.ph_remove_head
                0x00000000100045a8      0x104 CMakeFiles/SimpleLineFollow.dir/home/foobar/pico-sdk/src/common/pico_util/pheap.c.obj
                0x00000000100045a8                ph_remove_head
 .text.ph_remove_and_free_node
                0x00000000100046ac       0x7c CMakeFiles/SimpleLineFollow.dir/home/foobar/pico-sdk/src/common/pico_util/pheap.c.obj
                0x00000000100046ac                ph_remove_and_free_node
 .text.clocks_init
                0x0000000010004728      0x2d0 CMakeFiles/SimpleLineFollow.dir/home/foobar/pico-sdk/src/rp2_common/hardware_clocks/clocks.c.obj
                0x0000000010004728                clocks_init
 .text.clock_get_hz
                0x00000000100049f8        0xc CMakeFiles/SimpleLineFollow.dir/home/foobar/pico-sdk/src/rp2_common/hardware_clocks/clocks.c.obj
                0x00000000100049f8                clock_get_hz
 .text.pll_init
                0x0000000010004a04       0xa0 CMakeFiles/SimpleLineFollow.dir/home/foobar/pico-sdk/src/rp2_common/hardware_pll/pll.c.obj
                0x0000000010004a04                pll_init
 .text.watchdog_start_tick
                0x0000000010004aa4       0x10 CMakeFiles/SimpleLineFollow.dir/home/foobar/pico-sdk/src/rp2_common/hardware_watchdog/watchdog.c.obj
                0x0000000010004aa4                watchdog_start_tick
 .text.watchdog_reboot
                0x0000000010004ab4       0x98 CMakeFiles/SimpleLineFollow.dir/home/foobar/pico-sdk/src/rp2_common/hardware_watchdog/watchdog.c.obj
                0x0000000010004ab4                watchdog_reboot
 .text.xosc_init
                0x0000000010004b4c       0x28 CMakeFiles/SimpleLineFollow.dir/home/foobar/pico-sdk/src/rp2_common/hardware_xosc/xosc.c.obj
                0x0000000010004b4c                xosc_init
 .text.runtime_init
                0x0000000010004b74       0xf0 CMakeFiles/SimpleLineFollow.dir/home/foobar/pico-sdk/src/rp2_common/pico_runtime/runtime.c.obj
                0x0000000010004b74                runtime_init
 .text._exit    0x0000000010004c64        0x4 CMakeFiles/SimpleLineFollow.dir/home/foobar/pico-sdk/src/rp2_common/pico_runtime/runtime.c.obj
                0x0000000010004c64                _exit
 .text._sbrk    0x0000000010004c68       0x34 CMakeFiles/SimpleLineFollow.dir/home/foobar/pico-sdk/src/rp2_common/pico_runtime/runtime.c.obj
                0x0000000010004c68                _sbrk
 .text.exit     0x0000000010004c9c        0x8 CMakeFiles/SimpleLineFollow.dir/home/foobar/pico-sdk/src/rp2_common/pico_runtime/runtime.c.obj
                0x0000000010004c9c                exit
 .text.__assert_func
                0x0000000010004ca4       0x34 CMakeFiles/SimpleLineFollow.dir/home/foobar/pico-sdk/src/rp2_common/pico_runtime/runtime.c.obj
                0x0000000010004ca4                __assert_func
 .text.panic    0x0000000010004cd8       0x30 CMakeFiles/SimpleLineFollow.dir/home/foobar/pico-sdk/src/rp2_common/pico_runtime/runtime.c.obj
                0x0000000010004cd8                panic
 .text.hard_assertion_failure
                0x0000000010004d08        0xc CMakeFiles/SimpleLineFollow.dir/home/foobar/pico-sdk/src/rp2_common/pico_runtime/runtime.c.obj
                0x0000000010004d08                hard_assertion_failure
 .text._out_buffer
                0x0000000010004d14        0x8 CMakeFiles/SimpleLineFollow.dir/home/foobar/pico-sdk/src/rp2_common/pico_printf/printf.c.obj
 .text._out_null
                0x0000000010004d1c        0x4 CMakeFiles/SimpleLineFollow.dir/home/foobar/pico-sdk/src/rp2_common/pico_printf/printf.c.obj
 .text._out_rev
                0x0000000010004d20       0x9c CMakeFiles/SimpleLineFollow.dir/home/foobar/pico-sdk/src/rp2_common/pico_printf/printf.c.obj
 .text._ntoa_format
                0x0000000010004dbc      0x1cc CMakeFiles/SimpleLineFollow.dir/home/foobar/pico-sdk/src/rp2_common/pico_printf/printf.c.obj
 .text._out_char
                0x0000000010004f88       0x10 CMakeFiles/SimpleLineFollow.dir/home/foobar/pico-sdk/src/rp2_common/pico_printf/printf.c.obj
 .text._out_fct
                0x0000000010004f98       0x10 CMakeFiles/SimpleLineFollow.dir/home/foobar/pico-sdk/src/rp2_common/pico_printf/printf.c.obj
 .text._etoa    0x0000000010004fa8      0x44c CMakeFiles/SimpleLineFollow.dir/home/foobar/pico-sdk/src/rp2_common/pico_printf/printf.c.obj
 .text._ftoa    0x00000000100053f4      0x398 CMakeFiles/SimpleLineFollow.dir/home/foobar/pico-sdk/src/rp2_common/pico_printf/printf.c.obj
 .text._vsnprintf
                0x000000001000578c      0xb04 CMakeFiles/SimpleLineFollow.dir/home/foobar/pico-sdk/src/rp2_common/pico_printf/printf.c.obj
 .text.__wrap_snprintf
                0x0000000010006290       0x28 CMakeFiles/SimpleLineFollow.dir/home/foobar/pico-sdk/src/rp2_common/pico_printf/printf.c.obj
                0x0000000010006290                __wrap_snprintf
 .text.vfctprintf
                0x00000000100062b8       0x20 CMakeFiles/SimpleLineFollow.dir/home/foobar/pico-sdk/src/rp2_common/pico_printf/printf.c.obj
                0x00000000100062b8                vfctprintf
 .text.weak_raw_printf
                0x00000000100062d8       0x40 CMakeFiles/SimpleLineFollow.dir/home/foobar/pico-sdk/src/rp2_common/pico_printf/printf.c.obj
                0x00000000100062d8                weak_raw_printf
 .text.weak_raw_vprintf
                0x0000000010006318       0x30 CMakeFiles/SimpleLineFollow.dir/home/foobar/pico-sdk/src/rp2_common/pico_printf/printf.c.obj
                0x0000000010006318                weak_raw_vprintf
 .text          0x0000000010006348       0x10 CMakeFiles/SimpleLineFollow.dir/home/foobar/pico-sdk/src/rp2_common/pico_bit_ops/bit_ops_aeabi.S.obj
 .text.rom_func_lookup
                0x0000000010006358       0x10 CMakeFiles/SimpleLineFollow.dir/home/foobar/pico-sdk/src/rp2_common/pico_bootrom/bootrom.c.obj
                0x0000000010006358                rom_func_lookup
 .text.rom_data_lookup
                0x0000000010006368       0x10 CMakeFiles/SimpleLineFollow.dir/home/foobar/pico-sdk/src/rp2_common/pico_bootrom/bootrom.c.obj
                0x0000000010006368                rom_data_lookup
 .text.rom_funcs_lookup
                0x0000000010006378       0x44 CMakeFiles/SimpleLineFollow.dir/home/foobar/pico-sdk/src/rp2_common/pico_bootrom/bootrom.c.obj
                0x0000000010006378                rom_funcs_lookup
 .text.__wrap___aeabi_idiv
                0x00000000100063bc       0x50 CMakeFiles/SimpleLineFollow.dir/home/foobar/pico-sdk/src/rp2_common/pico_divider/divider.S.obj
                0x00000000100063bc                __wrap___aeabi_idivmod
                0x00000000100063bc                divmod_s32s32
                0x00000000100063bc                div_s32s32
                0x00000000100063bc                __wrap___aeabi_idiv
                0x00000000100063c4                divmod_s32s32_unsafe
                0x00000000100063f0                divmod_s32s32_savestate
 .text.__wrap___aeabi_uidiv
                0x000000001000640c       0x4c CMakeFiles/SimpleLineFollow.dir/home/foobar/pico-sdk/src/rp2_common/pico_divider/divider.S.obj
                0x000000001000640c                __wrap___aeabi_uidiv
                0x000000001000640c                __wrap___aeabi_uidivmod
                0x000000001000640c                div_u32u32
                0x000000001000640c                divmod_u32u32
                0x0000000010006414                divmod_u32u32_unsafe
                0x000000001000643c                divmod_u32u32_savestate
 .text.__wrap___aeabi_ldiv
                0x0000000010006458      0x424 CMakeFiles/SimpleLineFollow.dir/home/foobar/pico-sdk/src/rp2_common/pico_divider/divider.S.obj
                0x0000000010006458                div_s64s64
                0x0000000010006458                divmod_s64s64
                0x0000000010006458                __wrap___aeabi_ldivmod
                0x0000000010006488                div_u64u64
                0x0000000010006488                divmod_u64u64
                0x0000000010006488                __wrap___aeabi_uldivmod
                0x0000000010006498                divmod_u64u64_savestate
                0x00000000100064b8                divmod_s64s64_unsafe
                0x0000000010006540                divmod_u64u64_unsafe
 .text.__wrap___aeabi_darithmetic
                0x000000001000687c       0x60 CMakeFiles/SimpleLineFollow.dir/home/foobar/pico-sdk/src/rp2_common/pico_double/double_aeabi.S.obj
                0x000000001000687c                __wrap___aeabi_drsub
                0x0000000010006882                __wrap___aeabi_dsub
                0x000000001000688c                __wrap___aeabi_dadd
                0x0000000010006896                __wrap___aeabi_ddiv
                0x00000000100068ca                __wrap___aeabi_dmul
 .text.__wrap___aeabi_cdcmple
                0x00000000100068dc       0x6c CMakeFiles/SimpleLineFollow.dir/home/foobar/pico-sdk/src/rp2_common/pico_double/double_aeabi.S.obj
                0x00000000100068dc                __wrap___aeabi_cdrcmple
                0x00000000100068ec                __wrap___aeabi_cdcmple
                0x00000000100068ec                __wrap___aeabi_cdcmpeq
 .text.__wrap___aeabi_dcmpeq
                0x0000000010006948       0x10 CMakeFiles/SimpleLineFollow.dir/home/foobar/pico-sdk/src/rp2_common/pico_double/double_aeabi.S.obj
                0x0000000010006948                __wrap___aeabi_dcmpeq
 .text.__wrap___aeabi_dcmplt
                0x0000000010006958        0xc CMakeFiles/SimpleLineFollow.dir/home/foobar/pico-sdk/src/rp2_common/pico_double/double_aeabi.S.obj
                0x0000000010006958                __wrap___aeabi_dcmplt
 .text.__wrap___aeabi_dcmple
                0x0000000010006964       0x10 CMakeFiles/SimpleLineFollow.dir/home/foobar/pico-sdk/src/rp2_common/pico_double/double_aeabi.S.obj
                0x0000000010006964                __wrap___aeabi_dcmple
 .text.__wrap___aeabi_dcmpge
                0x0000000010006974       0x10 CMakeFiles/SimpleLineFollow.dir/home/foobar/pico-sdk/src/rp2_common/pico_double/double_aeabi.S.obj
                0x0000000010006974                __wrap___aeabi_dcmpge
 .text.__wrap___aeabi_dcmpgt
                0x0000000010006984        0xa CMakeFiles/SimpleLineFollow.dir/home/foobar/pico-sdk/src/rp2_common/pico_double/double_aeabi.S.obj
                0x0000000010006984                __wrap___aeabi_dcmpgt
 .text.__wrap___aeabi_dcmpun
                0x000000001000698e       0x1c CMakeFiles/SimpleLineFollow.dir/home/foobar/pico-sdk/src/rp2_common/pico_double/double_aeabi.S.obj
                0x000000001000698e                __wrap___aeabi_dcmpun
 *fill*         0x00000000100069aa        0x2 
 .text.__wrap___aeabi_i2d
                0x00000000100069ac       0x38 CMakeFiles/SimpleLineFollow.dir/home/foobar/pico-sdk/src/rp2_common/pico_double/double_aeabi.S.obj
                0x00000000100069ac                __wrap___aeabi_ui2d
                0x00000000100069b4                __wrap___aeabi_i2d
 .text.__wrap___aeabi_d2iz
                0x00000000100069e4       0x48 CMakeFiles/SimpleLineFollow.dir/home/foobar/pico-sdk/src/rp2_common/pico_double/double_aeabi.S.obj
                0x00000000100069e4                __wrap___aeabi_d2iz
                0x00000000100069e4                double2int_z
 .text.__wrap___aeabi_d2uiz
                0x0000000010006a2c       0x10 CMakeFiles/SimpleLineFollow.dir/home/foobar/pico-sdk/src/rp2_common/pico_double/double_aeabi.S.obj
                0x0000000010006a2c                double2uint
                0x0000000010006a2c                __wrap___aeabi_d2uiz
 .text.__wrap___aeabi_l2d
                0x0000000010006a3c       0x10 CMakeFiles/SimpleLineFollow.dir/home/foobar/pico-sdk/src/rp2_common/pico_double/double_aeabi.S.obj
                0x0000000010006a3c                __wrap___aeabi_l2d
 .text.__wrap___aeabi_d2f
                0x0000000010006a4c       0x10 CMakeFiles/SimpleLineFollow.dir/home/foobar/pico-sdk/src/rp2_common/pico_double/double_aeabi.S.obj
                0x0000000010006a4c                __wrap___aeabi_d2f
 .text.missing_double_func_shim
                0x0000000010006a5c        0xc CMakeFiles/SimpleLineFollow.dir/home/foobar/pico-sdk/src/rp2_common/pico_double/double_init_rom.c.obj
 .text.__aeabi_double_init
                0x0000000010006a68       0x98 CMakeFiles/SimpleLineFollow.dir/home/foobar/pico-sdk/src/rp2_common/pico_double/double_init_rom.c.obj
                0x0000000010006a68                __aeabi_double_init
 .text.double_table_shim_on_use_helper
                0x0000000010006b00       0x2c CMakeFiles/SimpleLineFollow.dir/home/foobar/pico-sdk/src/rp2_common/pico_double/double_v1_rom_shim.S.obj
                0x0000000010006b00                double_table_shim_on_use_helper
 .text.__aeabi_lmul
                0x0000000010006b2c       0x32 CMakeFiles/SimpleLineFollow.dir/home/foobar/pico-sdk/src/rp2_common/pico_int64_ops/pico_int64_ops_aeabi.S.obj
                0x0000000010006b2c                __wrap___aeabi_lmul
 *fill*         0x0000000010006b5e        0x2 
 .text.__wrap___aeabi_farithmetic
                0x0000000010006b60       0x48 CMakeFiles/SimpleLineFollow.dir/home/foobar/pico-sdk/src/rp2_common/pico_float/float_aeabi.S.obj
                0x0000000010006b60                __wrap___aeabi_frsub
                0x0000000010006b66                __wrap___aeabi_fsub
                0x0000000010006b6c                __wrap___aeabi_fadd
                0x0000000010006b72                __wrap___aeabi_fdiv
                0x0000000010006b9a                __wrap___aeabi_fmul
 .text.__wrap___aeabi_cfcmple
                0x0000000010006ba8       0x50 CMakeFiles/SimpleLineFollow.dir/home/foobar/pico-sdk/src/rp2_common/pico_float/float_aeabi.S.obj
                0x0000000010006ba8                __wrap___aeabi_cfrcmple
                0x0000000010006bb4                __wrap___aeabi_cfcmpeq
                0x0000000010006bb4                __wrap___aeabi_cfcmple
 .text.__wrap___aeabi_fcmpge
                0x0000000010006bf8       0x10 CMakeFiles/SimpleLineFollow.dir/home/foobar/pico-sdk/src/rp2_common/pico_float/float_aeabi.S.obj
                0x0000000010006bf8                __wrap___aeabi_fcmpge
 .text.__wrap___aeabi_fcmpgt
                0x0000000010006c08        0xa CMakeFiles/SimpleLineFollow.dir/home/foobar/pico-sdk/src/rp2_common/pico_float/float_aeabi.S.obj
                0x0000000010006c08                __wrap___aeabi_fcmpgt
 .text.__wrap___aeabi_ui2f
                0x0000000010006c12        0xa CMakeFiles/SimpleLineFollow.dir/home/foobar/pico-sdk/src/rp2_common/pico_float/float_aeabi.S.obj
                0x0000000010006c12                __wrap___aeabi_ui2f
 .text.__wrap___aeabi_i2f
                0x0000000010006c1c       0x44 CMakeFiles/SimpleLineFollow.dir/home/foobar/pico-sdk/src/rp2_common/pico_float/float_aeabi.S.obj
                0x0000000010006c1c                __wrap___aeabi_i2f
 .text.__wrap___aeabi_f2uiz
                0x0000000010006c60        0xc CMakeFiles/SimpleLineFollow.dir/home/foobar/pico-sdk/src/rp2_common/pico_float/float_aeabi.S.obj
                0x0000000010006c60                __wrap___aeabi_f2uiz
 .text.__wrap___aeabi_f2d
                0x0000000010006c6c        0xc CMakeFiles/SimpleLineFollow.dir/home/foobar/pico-sdk/src/rp2_common/pico_float/float_aeabi.S.obj
                0x0000000010006c6c                __wrap___aeabi_f2d
 .text.missing_float_func_shim
                0x0000000010006c78        0xc CMakeFiles/SimpleLineFollow.dir/home/foobar/pico-sdk/src/rp2_common/pico_float/float_init_rom.c.obj
 .text.__aeabi_float_init
                0x0000000010006c84       0x5c CMakeFiles/SimpleLineFollow.dir/home/foobar/pico-sdk/src/rp2_common/pico_float/float_init_rom.c.obj
                0x0000000010006c84                __aeabi_float_init
 .text.__wrap_malloc
                0x0000000010006ce0       0x3c CMakeFiles/SimpleLineFollow.dir/home/foobar/pico-sdk/src/rp2_common/pico_malloc/pico_malloc.c.obj
                0x0000000010006ce0                __wrap_malloc
 .text.__wrap_calloc
                0x0000000010006d1c       0x40 CMakeFiles/SimpleLineFollow.dir/home/foobar/pico-sdk/src/rp2_common/pico_malloc/pico_malloc.c.obj
                0x0000000010006d1c                __wrap_calloc
 .text.__wrap_realloc
                0x0000000010006d5c       0x40 CMakeFiles/SimpleLineFollow.dir/home/foobar/pico-sdk/src/rp2_common/pico_malloc/pico_malloc.c.obj
                0x0000000010006d5c                __wrap_realloc
 .text.__wrap_free
                0x0000000010006d9c       0x20 CMakeFiles/SimpleLineFollow.dir/home/foobar/pico-sdk/src/rp2_common/pico_malloc/pico_malloc.c.obj
                0x0000000010006d9c                __wrap_free
 .text          0x0000000010006dbc       0x10 CMakeFiles/SimpleLineFollow.dir/home/foobar/pico-sdk/src/rp2_common/pico_mem_ops/mem_ops_aeabi.S.obj
                0x0000000010006dbc                __aeabi_mem_init
 .text.memset   0x0000000010006dcc        0xc CMakeFiles/SimpleLineFollow.dir/home/foobar/pico-sdk/src/rp2_common/pico_mem_ops/mem_ops_aeabi.S.obj
                0x0000000010006dcc                __wrap_memset
 .text.memcpy   0x0000000010006dd8        0xc CMakeFiles/SimpleLineFollow.dir/home/foobar/pico-sdk/src/rp2_common/pico_mem_ops/mem_ops_aeabi.S.obj
                0x0000000010006dd8                __wrap___aeabi_memcpy
                0x0000000010006dd8                __wrap_memcpy
 .text.stdio_out_chars_no_crlf
                0x0000000010006de4       0x10 CMakeFiles/SimpleLineFollow.dir/home/foobar/pico-sdk/src/rp2_common/pico_stdio/stdio.c.obj
 .text.stdio_out_chars_crlf
                0x0000000010006df4       0xb4 CMakeFiles/SimpleLineFollow.dir/home/foobar/pico-sdk/src/rp2_common/pico_stdio/stdio.c.obj
 .text.stdio_buffered_printer
                0x0000000010006ea8       0x64 CMakeFiles/SimpleLineFollow.dir/home/foobar/pico-sdk/src/rp2_common/pico_stdio/stdio.c.obj
 .text.stdio_put_string.isra.0
                0x0000000010006f0c       0xfc CMakeFiles/SimpleLineFollow.dir/home/foobar/pico-sdk/src/rp2_common/pico_stdio/stdio.c.obj
 .text.__wrap_putchar
                0x0000000010007008       0x98 CMakeFiles/SimpleLineFollow.dir/home/foobar/pico-sdk/src/rp2_common/pico_stdio/stdio.c.obj
                0x0000000010007008                __wrap_putchar
 .text.__wrap_puts
                0x00000000100070a0       0x3c CMakeFiles/SimpleLineFollow.dir/home/foobar/pico-sdk/src/rp2_common/pico_stdio/stdio.c.obj
                0x00000000100070a0                __wrap_puts
 .text._read    0x00000000100070dc       0x94 CMakeFiles/SimpleLineFollow.dir/home/foobar/pico-sdk/src/rp2_common/pico_stdio/stdio.c.obj
                0x00000000100070dc                _read
 .text._write   0x0000000010007170       0xac CMakeFiles/SimpleLineFollow.dir/home/foobar/pico-sdk/src/rp2_common/pico_stdio/stdio.c.obj
                0x0000000010007170                _write
 .text._close   0x000000001000721c        0x8 CMakeFiles/SimpleLineFollow.dir/home/foobar/pico-sdk/src/rp2_common/pico_stdio/stdio.c.obj
                0x000000001000721c                _close
 .text._lseek   0x0000000010007224        0x8 CMakeFiles/SimpleLineFollow.dir/home/foobar/pico-sdk/src/rp2_common/pico_stdio/stdio.c.obj
                0x0000000010007224                _lseek
 .text._fstat   0x000000001000722c        0x8 CMakeFiles/SimpleLineFollow.dir/home/foobar/pico-sdk/src/rp2_common/pico_stdio/stdio.c.obj
                0x000000001000722c                _fstat
 .text._isatty  0x0000000010007234        0xc CMakeFiles/SimpleLineFollow.dir/home/foobar/pico-sdk/src/rp2_common/pico_stdio/stdio.c.obj
                0x0000000010007234                _isatty
 .text.stdio_set_driver_enabled
                0x0000000010007240       0x30 CMakeFiles/SimpleLineFollow.dir/home/foobar/pico-sdk/src/rp2_common/pico_stdio/stdio.c.obj
                0x0000000010007240                stdio_set_driver_enabled
 .text.__wrap_vprintf
                0x0000000010007270       0xd8 CMakeFiles/SimpleLineFollow.dir/home/foobar/pico-sdk/src/rp2_common/pico_stdio/stdio.c.obj
                0x0000000010007270                __wrap_vprintf
 .text.__wrap_printf
                0x0000000010007348       0x18 CMakeFiles/SimpleLineFollow.dir/home/foobar/pico-sdk/src/rp2_common/pico_stdio/stdio.c.obj
                0x0000000010007348                __wrap_printf
 .text.stdio_init_all
                0x0000000010007360       0x10 CMakeFiles/SimpleLineFollow.dir/home/foobar/pico-sdk/src/rp2_common/pico_stdio/stdio.c.obj
                0x0000000010007360                stdio_init_all
 .text.stdio_uart_init
                0x0000000010007370        0x4 CMakeFiles/SimpleLineFollow.dir/home/foobar/pico-sdk/src/rp2_common/pico_stdio_uart/stdio_uart.c.obj
                0x0000000010007370                stdio_uart_init
 .text.resetd_init
                0x0000000010007374        0x4 CMakeFiles/SimpleLineFollow.dir/home/foobar/pico-sdk/src/rp2_common/pico_stdio_usb/reset_interface.c.obj
 .text.resetd_reset
                0x0000000010007378        0xc CMakeFiles/SimpleLineFollow.dir/home/foobar/pico-sdk/src/rp2_common/pico_stdio_usb/reset_interface.c.obj
 .text.resetd_open
                0x0000000010007384       0x28 CMakeFiles/SimpleLineFollow.dir/home/foobar/pico-sdk/src/rp2_common/pico_stdio_usb/reset_interface.c.obj
 .text.resetd_xfer_cb
                0x00000000100073ac        0x4 CMakeFiles/SimpleLineFollow.dir/home/foobar/pico-sdk/src/rp2_common/pico_stdio_usb/reset_interface.c.obj
 .text.resetd_control_xfer_cb
                0x00000000100073b0       0x64 CMakeFiles/SimpleLineFollow.dir/home/foobar/pico-sdk/src/rp2_common/pico_stdio_usb/reset_interface.c.obj
 .text.usbd_app_driver_get_cb
                0x0000000010007414        0xc CMakeFiles/SimpleLineFollow.dir/home/foobar/pico-sdk/src/rp2_common/pico_stdio_usb/reset_interface.c.obj
                0x0000000010007414                usbd_app_driver_get_cb
 .text.tud_cdc_line_coding_cb
                0x0000000010007420       0x34 CMakeFiles/SimpleLineFollow.dir/home/foobar/pico-sdk/src/rp2_common/pico_stdio_usb/reset_interface.c.obj
                0x0000000010007420                tud_cdc_line_coding_cb
 .text.stdio_usb_set_chars_available_callback
                0x0000000010007454       0x14 CMakeFiles/SimpleLineFollow.dir/home/foobar/pico-sdk/src/rp2_common/pico_stdio_usb/stdio_usb.c.obj
                0x0000000010007454                stdio_usb_set_chars_available_callback
 .text.usb_irq  0x0000000010007468       0x10 CMakeFiles/SimpleLineFollow.dir/home/foobar/pico-sdk/src/rp2_common/pico_stdio_usb/stdio_usb.c.obj
 .text.timer_task
                0x0000000010007478       0x54 CMakeFiles/SimpleLineFollow.dir/home/foobar/pico-sdk/src/rp2_common/pico_stdio_usb/stdio_usb.c.obj
 .text.stdio_usb_in_chars
                0x00000000100074cc       0x90 CMakeFiles/SimpleLineFollow.dir/home/foobar/pico-sdk/src/rp2_common/pico_stdio_usb/stdio_usb.c.obj
                0x00000000100074cc                stdio_usb_in_chars
 .text.stdio_usb_out_chars
                0x000000001000755c      0x100 CMakeFiles/SimpleLineFollow.dir/home/foobar/pico-sdk/src/rp2_common/pico_stdio_usb/stdio_usb.c.obj
 .text.low_priority_worker_irq
                0x000000001000765c       0xa8 CMakeFiles/SimpleLineFollow.dir/home/foobar/pico-sdk/src/rp2_common/pico_stdio_usb/stdio_usb.c.obj
 .text.tud_cdc_rx_cb
                0x0000000010007704       0x20 CMakeFiles/SimpleLineFollow.dir/home/foobar/pico-sdk/src/rp2_common/pico_stdio_usb/stdio_usb.c.obj
                0x0000000010007704                tud_cdc_rx_cb
 .text.stdio_usb_init
                0x0000000010007724       0xdc CMakeFiles/SimpleLineFollow.dir/home/foobar/pico-sdk/src/rp2_common/pico_stdio_usb/stdio_usb.c.obj
                0x0000000010007724                stdio_usb_init
 .text.tud_descriptor_device_cb
                0x0000000010007800        0x8 CMakeFiles/SimpleLineFollow.dir/home/foobar/pico-sdk/src/rp2_common/pico_stdio_usb/stdio_usb_descriptors.c.obj
                0x0000000010007800                tud_descriptor_device_cb
 .text.tud_descriptor_configuration_cb
                0x0000000010007808        0x8 CMakeFiles/SimpleLineFollow.dir/home/foobar/pico-sdk/src/rp2_common/pico_stdio_usb/stdio_usb_descriptors.c.obj
                0x0000000010007808                tud_descriptor_configuration_cb
 .text.tud_descriptor_string_cb
                0x0000000010007810       0x74 CMakeFiles/SimpleLineFollow.dir/home/foobar/pico-sdk/src/rp2_common/pico_stdio_usb/stdio_usb_descriptors.c.obj
                0x0000000010007810                tud_descriptor_string_cb
 .text.startup._retrieve_unique_id_on_boot
                0x0000000010007884       0x10 CMakeFiles/SimpleLineFollow.dir/home/foobar/pico-sdk/src/rp2_common/pico_unique_id/unique_id.c.obj
 .text.pico_get_unique_board_id_string
                0x0000000010007894      0x1a8 CMakeFiles/SimpleLineFollow.dir/home/foobar/pico-sdk/src/rp2_common/pico_unique_id/unique_id.c.obj
                0x0000000010007894                pico_get_unique_board_id_string
 .text.flash_get_unique_id
                0x0000000010007a3c       0x40 CMakeFiles/SimpleLineFollow.dir/home/foobar/pico-sdk/src/rp2_common/hardware_flash/flash.c.obj
                0x0000000010007a3c                flash_get_unique_id
 .text.dcd_int_enable
                0x0000000010007a7c        0xc CMakeFiles/SimpleLineFollow.dir/home/foobar/pico-sdk/lib/tinyusb/src/portable/raspberrypi/rp2040/dcd_rp2040.c.obj
                0x0000000010007a7c                dcd_int_enable
 .text.dcd_set_address
                0x0000000010007a88       0x14 CMakeFiles/SimpleLineFollow.dir/home/foobar/pico-sdk/lib/tinyusb/src/portable/raspberrypi/rp2040/dcd_rp2040.c.obj
                0x0000000010007a88                dcd_set_address
 .text.dcd_connect
                0x0000000010007a9c       0x10 CMakeFiles/SimpleLineFollow.dir/home/foobar/pico-sdk/lib/tinyusb/src/portable/raspberrypi/rp2040/dcd_rp2040.c.obj
                0x0000000010007a9c                dcd_connect
 .text.dcd_init
                0x0000000010007aac       0x98 CMakeFiles/SimpleLineFollow.dir/home/foobar/pico-sdk/lib/tinyusb/src/portable/raspberrypi/rp2040/dcd_rp2040.c.obj
                0x0000000010007aac                dcd_init
 .text.dcd_edpt0_status_complete
                0x0000000010007b44       0x1c CMakeFiles/SimpleLineFollow.dir/home/foobar/pico-sdk/lib/tinyusb/src/portable/raspberrypi/rp2040/dcd_rp2040.c.obj
                0x0000000010007b44                dcd_edpt0_status_complete
 .text.dcd_edpt_open
                0x0000000010007b60      0x108 CMakeFiles/SimpleLineFollow.dir/home/foobar/pico-sdk/lib/tinyusb/src/portable/raspberrypi/rp2040/dcd_rp2040.c.obj
                0x0000000010007b60                dcd_edpt_open
 .text.dcd_edpt_close_all
                0x0000000010007c68        0x8 CMakeFiles/SimpleLineFollow.dir/home/foobar/pico-sdk/lib/tinyusb/src/portable/raspberrypi/rp2040/dcd_rp2040.c.obj
                0x0000000010007c68                dcd_edpt_close_all
 .text.dcd_edpt_xfer
                0x0000000010007c70       0x24 CMakeFiles/SimpleLineFollow.dir/home/foobar/pico-sdk/lib/tinyusb/src/portable/raspberrypi/rp2040/dcd_rp2040.c.obj
                0x0000000010007c70                dcd_edpt_xfer
 .text.dcd_edpt_stall
                0x0000000010007c94       0x38 CMakeFiles/SimpleLineFollow.dir/home/foobar/pico-sdk/lib/tinyusb/src/portable/raspberrypi/rp2040/dcd_rp2040.c.obj
                0x0000000010007c94                dcd_edpt_stall
 .text.dcd_edpt_clear_stall
                0x0000000010007ccc       0x30 CMakeFiles/SimpleLineFollow.dir/home/foobar/pico-sdk/lib/tinyusb/src/portable/raspberrypi/rp2040/dcd_rp2040.c.obj
                0x0000000010007ccc                dcd_edpt_clear_stall
 .text.rp2040_usb_init
                0x0000000010007cfc       0x4c CMakeFiles/SimpleLineFollow.dir/home/foobar/pico-sdk/lib/tinyusb/src/portable/raspberrypi/rp2040/rp2040_usb.c.obj
                0x0000000010007cfc                rp2040_usb_init
 .text.hw_endpoint_xfer_start
                0x0000000010007d48       0x50 CMakeFiles/SimpleLineFollow.dir/home/foobar/pico-sdk/lib/tinyusb/src/portable/raspberrypi/rp2040/rp2040_usb.c.obj
                0x0000000010007d48                hw_endpoint_xfer_start
 .text.tud_mounted
                0x0000000010007d98       0x10 CMakeFiles/SimpleLineFollow.dir/home/foobar/pico-sdk/lib/tinyusb/src/device/usbd.c.obj
                0x0000000010007d98                tud_mounted
 .text.tud_suspended
                0x0000000010007da8       0x10 CMakeFiles/SimpleLineFollow.dir/home/foobar/pico-sdk/lib/tinyusb/src/device/usbd.c.obj
                0x0000000010007da8                tud_suspended
 .text.tud_inited
                0x0000000010007db8       0x14 CMakeFiles/SimpleLineFollow.dir/home/foobar/pico-sdk/lib/tinyusb/src/device/usbd.c.obj
                0x0000000010007db8                tud_inited
 .text.tud_init
                0x0000000010007dcc       0xe4 CMakeFiles/SimpleLineFollow.dir/home/foobar/pico-sdk/lib/tinyusb/src/device/usbd.c.obj
                0x0000000010007dcc                tud_init
 .text.tud_task_ext
                0x0000000010007eb0      0x854 CMakeFiles/SimpleLineFollow.dir/home/foobar/pico-sdk/lib/tinyusb/src/device/usbd.c.obj
                0x0000000010007eb0                tud_task_ext
 .text.usbd_open_edpt_pair
                0x0000000010008704       0x9c CMakeFiles/SimpleLineFollow.dir/home/foobar/pico-sdk/lib/tinyusb/src/device/usbd.c.obj
                0x0000000010008704                usbd_open_edpt_pair
 .text.usbd_defer_func
                0x00000000100087a0       0x48 CMakeFiles/SimpleLineFollow.dir/home/foobar/pico-sdk/lib/tinyusb/src/device/usbd.c.obj
                0x00000000100087a0                usbd_defer_func
 .text.usbd_edpt_open
                0x00000000100087e8       0x34 CMakeFiles/SimpleLineFollow.dir/home/foobar/pico-sdk/lib/tinyusb/src/device/usbd.c.obj
                0x00000000100087e8                usbd_edpt_open
 .text.usbd_edpt_claim
                0x000000001000881c       0x28 CMakeFiles/SimpleLineFollow.dir/home/foobar/pico-sdk/lib/tinyusb/src/device/usbd.c.obj
                0x000000001000881c                usbd_edpt_claim
 .text.usbd_edpt_release
                0x0000000010008844       0x28 CMakeFiles/SimpleLineFollow.dir/home/foobar/pico-sdk/lib/tinyusb/src/device/usbd.c.obj
                0x0000000010008844                usbd_edpt_release
 .text.usbd_edpt_xfer
                0x000000001000886c       0x4c CMakeFiles/SimpleLineFollow.dir/home/foobar/pico-sdk/lib/tinyusb/src/device/usbd.c.obj
                0x000000001000886c                usbd_edpt_xfer
 .text.tud_control_status
                0x00000000100088b8       0x30 CMakeFiles/SimpleLineFollow.dir/home/foobar/pico-sdk/lib/tinyusb/src/device/usbd_control.c.obj
                0x00000000100088b8                tud_control_status
 .text.tud_control_xfer
                0x00000000100088e8       0xbc CMakeFiles/SimpleLineFollow.dir/home/foobar/pico-sdk/lib/tinyusb/src/device/usbd_control.c.obj
                0x00000000100088e8                tud_control_xfer
 .text.usbd_control_reset
                0x00000000100089a4       0x14 CMakeFiles/SimpleLineFollow.dir/home/foobar/pico-sdk/lib/tinyusb/src/device/usbd_control.c.obj
                0x00000000100089a4                usbd_control_reset
 .text.usbd_control_set_complete_callback
                0x00000000100089b8        0xc CMakeFiles/SimpleLineFollow.dir/home/foobar/pico-sdk/lib/tinyusb/src/device/usbd_control.c.obj
                0x00000000100089b8                usbd_control_set_complete_callback
 .text.usbd_control_set_request
                0x00000000100089c4       0x1c CMakeFiles/SimpleLineFollow.dir/home/foobar/pico-sdk/lib/tinyusb/src/device/usbd_control.c.obj
                0x00000000100089c4                usbd_control_set_request
 .text.usbd_control_xfer_cb
                0x00000000100089e0       0xfc CMakeFiles/SimpleLineFollow.dir/home/foobar/pico-sdk/lib/tinyusb/src/device/usbd_control.c.obj
                0x00000000100089e0                usbd_control_xfer_cb
 .text.tud_cdc_n_connected
                0x0000000010008adc       0x30 CMakeFiles/SimpleLineFollow.dir/home/foobar/pico-sdk/lib/tinyusb/src/class/cdc/cdc_device.c.obj
                0x0000000010008adc                tud_cdc_n_connected
 .text.tud_cdc_n_available
                0x0000000010008b0c       0x18 CMakeFiles/SimpleLineFollow.dir/home/foobar/pico-sdk/lib/tinyusb/src/class/cdc/cdc_device.c.obj
                0x0000000010008b0c                tud_cdc_n_available
 .text.tud_cdc_n_read
                0x0000000010008b24       0x70 CMakeFiles/SimpleLineFollow.dir/home/foobar/pico-sdk/lib/tinyusb/src/class/cdc/cdc_device.c.obj
                0x0000000010008b24                tud_cdc_n_read
 .text.tud_cdc_n_write_flush
                0x0000000010008b94       0x78 CMakeFiles/SimpleLineFollow.dir/home/foobar/pico-sdk/lib/tinyusb/src/class/cdc/cdc_device.c.obj
                0x0000000010008b94                tud_cdc_n_write_flush
 .text.tud_cdc_n_write
                0x0000000010008c0c       0x34 CMakeFiles/SimpleLineFollow.dir/home/foobar/pico-sdk/lib/tinyusb/src/class/cdc/cdc_device.c.obj
                0x0000000010008c0c                tud_cdc_n_write
 .text.tud_cdc_n_write_available
                0x0000000010008c40       0x18 CMakeFiles/SimpleLineFollow.dir/home/foobar/pico-sdk/lib/tinyusb/src/class/cdc/cdc_device.c.obj
                0x0000000010008c40                tud_cdc_n_write_available
 .text.cdcd_init
                0x0000000010008c58       0x7c CMakeFiles/SimpleLineFollow.dir/home/foobar/pico-sdk/lib/tinyusb/src/class/cdc/cdc_device.c.obj
                0x0000000010008c58                cdcd_init
 .text.cdcd_reset
                0x0000000010008cd4       0x2c CMakeFiles/SimpleLineFollow.dir/home/foobar/pico-sdk/lib/tinyusb/src/class/cdc/cdc_device.c.obj
                0x0000000010008cd4                cdcd_reset
 .text.cdcd_open
                0x0000000010008d00       0xe8 CMakeFiles/SimpleLineFollow.dir/home/foobar/pico-sdk/lib/tinyusb/src/class/cdc/cdc_device.c.obj
                0x0000000010008d00                cdcd_open
 .text.cdcd_control_xfer_cb
                0x0000000010008de8       0xe4 CMakeFiles/SimpleLineFollow.dir/home/foobar/pico-sdk/lib/tinyusb/src/class/cdc/cdc_device.c.obj
                0x0000000010008de8                cdcd_control_xfer_cb
 .text.cdcd_xfer_cb
                0x0000000010008ecc      0x148 CMakeFiles/SimpleLineFollow.dir/home/foobar/pico-sdk/lib/tinyusb/src/class/cdc/cdc_device.c.obj
                0x0000000010008ecc                cdcd_xfer_cb
 .text.tusb_init
                0x0000000010009014        0xc CMakeFiles/SimpleLineFollow.dir/home/foobar/pico-sdk/lib/tinyusb/src/tusb.c.obj
                0x0000000010009014                tusb_init
 .text.tusb_inited
                0x0000000010009020        0x8 CMakeFiles/SimpleLineFollow.dir/home/foobar/pico-sdk/lib/tinyusb/src/tusb.c.obj
                0x0000000010009020                tusb_inited
 .text.tu_edpt_claim
                0x0000000010009028       0x50 CMakeFiles/SimpleLineFollow.dir/home/foobar/pico-sdk/lib/tinyusb/src/tusb.c.obj
                0x0000000010009028                tu_edpt_claim
 .text.tu_edpt_release
                0x0000000010009078       0x38 CMakeFiles/SimpleLineFollow.dir/home/foobar/pico-sdk/lib/tinyusb/src/tusb.c.obj
                0x0000000010009078                tu_edpt_release
 .text.tu_edpt_validate
                0x00000000100090b0       0x78 CMakeFiles/SimpleLineFollow.dir/home/foobar/pico-sdk/lib/tinyusb/src/tusb.c.obj
                0x00000000100090b0                tu_edpt_validate
 .text.tu_edpt_bind_driver
                0x0000000010009128       0x34 CMakeFiles/SimpleLineFollow.dir/home/foobar/pico-sdk/lib/tinyusb/src/tusb.c.obj
                0x0000000010009128                tu_edpt_bind_driver
 .text.tu_fifo_config
                0x000000001000915c       0x70 CMakeFiles/SimpleLineFollow.dir/home/foobar/pico-sdk/lib/tinyusb/src/common/tusb_fifo.c.obj
                0x000000001000915c                tu_fifo_config
 .text.tu_fifo_count
                0x00000000100091cc       0x2c CMakeFiles/SimpleLineFollow.dir/home/foobar/pico-sdk/lib/tinyusb/src/common/tusb_fifo.c.obj
                0x00000000100091cc                tu_fifo_count
 .text.tu_fifo_empty
                0x00000000100091f8       0x10 CMakeFiles/SimpleLineFollow.dir/home/foobar/pico-sdk/lib/tinyusb/src/common/tusb_fifo.c.obj
                0x00000000100091f8                tu_fifo_empty
 .text.tu_fifo_remaining
                0x0000000010009208       0x2c CMakeFiles/SimpleLineFollow.dir/home/foobar/pico-sdk/lib/tinyusb/src/common/tusb_fifo.c.obj
                0x0000000010009208                tu_fifo_remaining
 .text.tu_fifo_read
                0x0000000010009234       0xa0 CMakeFiles/SimpleLineFollow.dir/home/foobar/pico-sdk/lib/tinyusb/src/common/tusb_fifo.c.obj
                0x0000000010009234                tu_fifo_read
 .text.tu_fifo_read_n
                0x00000000100092d4       0xec CMakeFiles/SimpleLineFollow.dir/home/foobar/pico-sdk/lib/tinyusb/src/common/tusb_fifo.c.obj
                0x00000000100092d4                tu_fifo_read_n
 .text.tu_fifo_write
                0x00000000100093c0       0x88 CMakeFiles/SimpleLineFollow.dir/home/foobar/pico-sdk/lib/tinyusb/src/common/tusb_fifo.c.obj
                0x00000000100093c0                tu_fifo_write
 .text.tu_fifo_write_n
                0x0000000010009448      0x168 CMakeFiles/SimpleLineFollow.dir/home/foobar/pico-sdk/lib/tinyusb/src/common/tusb_fifo.c.obj
                0x0000000010009448                tu_fifo_write_n
 .text.tu_fifo_clear
                0x00000000100095b0       0x40 CMakeFiles/SimpleLineFollow.dir/home/foobar/pico-sdk/lib/tinyusb/src/common/tusb_fifo.c.obj
                0x00000000100095b0                tu_fifo_clear
 .text.tu_fifo_set_overwritable
                0x00000000100095f0       0x48 CMakeFiles/SimpleLineFollow.dir/home/foobar/pico-sdk/lib/tinyusb/src/common/tusb_fifo.c.obj
                0x00000000100095f0                tu_fifo_set_overwritable
 .text.adc_init
                0x0000000010009638       0x38 CMakeFiles/SimpleLineFollow.dir/home/foobar/pico-sdk/src/rp2_common/hardware_adc/adc.c.obj
                0x0000000010009638                adc_init
 .text.pio_add_program
                0x0000000010009670       0xc8 CMakeFiles/SimpleLineFollow.dir/home/foobar/pico-sdk/src/rp2_common/hardware_pio/pio.c.obj
                0x0000000010009670                pio_add_program
 .text.pio_sm_set_consecutive_pindirs
                0x0000000010009738       0xb0 CMakeFiles/SimpleLineFollow.dir/home/foobar/pico-sdk/src/rp2_common/hardware_pio/pio.c.obj
                0x0000000010009738                pio_sm_set_consecutive_pindirs
 .text.pio_sm_init
                0x00000000100097e8       0x8c CMakeFiles/SimpleLineFollow.dir/home/foobar/pico-sdk/src/rp2_common/hardware_pio/pio.c.obj
                0x00000000100097e8                pio_sm_init
 .text.spi_init
                0x0000000010009874      0x138 CMakeFiles/SimpleLineFollow.dir/home/foobar/pico-sdk/src/rp2_common/hardware_spi/spi.c.obj
                0x0000000010009874                spi_init
 .text.i2c_set_baudrate
                0x00000000100099ac       0xc4 CMakeFiles/SimpleLineFollow.dir/home/foobar/pico-sdk/src/rp2_common/hardware_i2c/i2c.c.obj
                0x00000000100099ac                i2c_set_baudrate
 .text.i2c_init
                0x0000000010009a70       0x54 CMakeFiles/SimpleLineFollow.dir/home/foobar/pico-sdk/src/rp2_common/hardware_i2c/i2c.c.obj
                0x0000000010009a70                i2c_init
 .text.i2c_write_blocking
                0x0000000010009ac4       0xd0 CMakeFiles/SimpleLineFollow.dir/home/foobar/pico-sdk/src/rp2_common/hardware_i2c/i2c.c.obj
                0x0000000010009ac4                i2c_write_blocking
 .text.i2c_read_blocking
                0x0000000010009b94       0xac CMakeFiles/SimpleLineFollow.dir/home/foobar/pico-sdk/src/rp2_common/hardware_i2c/i2c.c.obj
                0x0000000010009b94                i2c_read_blocking
 .text.lf_tag_compare
                0x0000000010009c40       0x38 core/libcore.a(tag.c.obj)
                0x0000000010009c40                lf_tag_compare
 .text.lf_time_logical
                0x0000000010009c78        0x8 core/libcore.a(tag.c.obj)
                0x0000000010009c78                lf_time_logical
 .text.lf_time_logical_elapsed
                0x0000000010009c80       0x14 core/libcore.a(tag.c.obj)
                0x0000000010009c80                lf_time_logical_elapsed
 .text.lf_time_physical
                0x0000000010009c94       0x60 core/libcore.a(tag.c.obj)
                0x0000000010009c94                lf_time_physical
 .text.lf_time_physical_elapsed
                0x0000000010009cf4       0x6c core/libcore.a(tag.c.obj)
                0x0000000010009cf4                lf_time_physical_elapsed
 .text.lf_time_start
                0x0000000010009d60        0xc core/libcore.a(tag.c.obj)
                0x0000000010009d60                lf_time_start
 .text.lf_comma_separated_time
                0x0000000010009d6c      0x274 core/libcore.a(tag.c.obj)
                0x0000000010009d6c                lf_comma_separated_time
 .text._lf_allocate
                0x0000000010009fe0       0x3c core/libcore.a(reactor_common.c.obj)
                0x0000000010009fe0                _lf_allocate
 .text._lf_new_reactor
                0x000000001000a01c       0x40 core/libcore.a(reactor_common.c.obj)
                0x000000001000a01c                _lf_new_reactor
 .text._lf_set_stop_tag
                0x000000001000a05c       0x3c core/libcore.a(reactor_common.c.obj)
                0x000000001000a05c                _lf_set_stop_tag
 .text._lf_start_time_step
                0x000000001000a098       0x68 core/libcore.a(reactor_common.c.obj)
                0x000000001000a098                _lf_start_time_step
 .text._lf_is_tag_after_stop_tag
                0x000000001000a100       0x30 core/libcore.a(reactor_common.c.obj)
                0x000000001000a100                _lf_is_tag_after_stop_tag
 .text._lf_initialize_timer
                0x000000001000a130       0xd4 core/libcore.a(reactor_common.c.obj)
                0x000000001000a130                _lf_initialize_timer
 .text._lf_initialize_timers
                0x000000001000a204       0x30 core/libcore.a(reactor_common.c.obj)
                0x000000001000a204                _lf_initialize_timers
 .text._lf_trigger_startup_reactions
                0x000000001000a234       0x58 core/libcore.a(reactor_common.c.obj)
                0x000000001000a234                _lf_trigger_startup_reactions
 .text._lf_trigger_shutdown_reactions
                0x000000001000a28c       0x48 core/libcore.a(reactor_common.c.obj)
                0x000000001000a28c                _lf_trigger_shutdown_reactions
 .text._lf_recycle_event
                0x000000001000a2d4       0x20 core/libcore.a(reactor_common.c.obj)
                0x000000001000a2d4                _lf_recycle_event
 .text._lf_create_dummy_events
                0x000000001000a2f4       0xbc core/libcore.a(reactor_common.c.obj)
                0x000000001000a2f4                _lf_create_dummy_events
 .text._lf_schedule_at_tag
                0x000000001000a3b0      0x2c4 core/libcore.a(reactor_common.c.obj)
                0x000000001000a3b0                _lf_schedule_at_tag
 .text._lf_schedule
                0x000000001000a674      0x2c4 core/libcore.a(reactor_common.c.obj)
                0x000000001000a674                _lf_schedule
 .text._lf_pop_events
                0x000000001000a938      0x130 core/libcore.a(reactor_common.c.obj)
                0x000000001000a938                _lf_pop_events
 .text._lf_schedule_token
                0x000000001000aa68       0x58 core/libcore.a(reactor_common.c.obj)
                0x000000001000aa68                _lf_schedule_token
 .text._lf_advance_logical_time
                0x000000001000aac0       0x38 core/libcore.a(reactor_common.c.obj)
                0x000000001000aac0                _lf_advance_logical_time
 .text._lf_invoke_reaction
                0x000000001000aaf8       0x14 core/libcore.a(reactor_common.c.obj)
                0x000000001000aaf8                _lf_invoke_reaction
 .text.schedule_output_reactions
                0x000000001000ab0c      0x150 core/libcore.a(reactor_common.c.obj)
                0x000000001000ab0c                schedule_output_reactions
 .text.usage    0x000000001000ac5c       0xb0 core/libcore.a(reactor_common.c.obj)
                0x000000001000ac5c                usage
 .text.process_args
                0x000000001000ad0c      0x414 core/libcore.a(reactor_common.c.obj)
                0x000000001000ad0c                process_args
 .text.initialize_global
                0x000000001000b120       0x24 core/libcore.a(reactor_common.c.obj)
                0x000000001000b120                initialize_global
 .text.termination
                0x000000001000b144      0x198 core/libcore.a(reactor_common.c.obj)
                0x000000001000b144                termination
 .text._lf_free_token.part.0
                0x000000001000b2dc       0xcc core/libcore.a(lf_token.c.obj)
 .text._lf_new_token
                0x000000001000b3a8       0xb4 core/libcore.a(lf_token.c.obj)
                0x000000001000b3a8                _lf_new_token
 .text._lf_initialize_template
                0x000000001000b45c       0xdc core/libcore.a(lf_token.c.obj)
                0x000000001000b45c                _lf_initialize_template
 .text._lf_initialize_token_with_value
                0x000000001000b538       0x80 core/libcore.a(lf_token.c.obj)
                0x000000001000b538                _lf_initialize_token_with_value
 .text._lf_free_all_tokens
                0x000000001000b5b8       0xe0 core/libcore.a(lf_token.c.obj)
                0x000000001000b5b8                _lf_free_all_tokens
 .text._lf_replace_template_token
                0x000000001000b698       0x44 core/libcore.a(lf_token.c.obj)
                0x000000001000b698                _lf_replace_template_token
 .text._lf_done_using
                0x000000001000b6dc       0x2c core/libcore.a(lf_token.c.obj)
                0x000000001000b6dc                _lf_done_using
 .text._lf_free_token_copies
                0x000000001000b708       0x44 core/libcore.a(lf_token.c.obj)
                0x000000001000b708                _lf_free_token_copies
 .text.environment_init_tags
                0x000000001000b74c       0x58 core/libcore.a(environment.c.obj)
                0x000000001000b74c                environment_init_tags
 .text.environment_free
                0x000000001000b7a4       0x60 core/libcore.a(environment.c.obj)
                0x000000001000b7a4                environment_free
 .text.environment_init
                0x000000001000b804      0x1e4 core/libcore.a(environment.c.obj)
                0x000000001000b804                environment_init
 .text._lf_set_present
                0x000000001000b9e8       0x4c core/libcore.a(reactor.c.obj)
                0x000000001000b9e8                _lf_set_present
 .text._lf_trigger_reaction
                0x000000001000ba34       0x38 core/libcore.a(reactor.c.obj)
                0x000000001000ba34                _lf_trigger_reaction
 .text._lf_do_step
                0x000000001000ba6c       0xb8 core/libcore.a(reactor.c.obj)
                0x000000001000ba6c                _lf_do_step
 .text.next     0x000000001000bb24      0x138 core/libcore.a(reactor.c.obj)
                0x000000001000bb24                next
 .text.lf_reactor_c_main
                0x000000001000bc5c       0xfc core/libcore.a(reactor.c.obj)
                0x000000001000bc5c                lf_reactor_c_main
 .text.lf_notify_of_event
                0x000000001000bd58        0x8 core/libcore.a(reactor.c.obj)
                0x000000001000bd58                lf_notify_of_event
 .text.lf_critical_section_enter
                0x000000001000bd60        0x8 core/libcore.a(reactor.c.obj)
                0x000000001000bd60                lf_critical_section_enter
 .text.lf_critical_section_exit
                0x000000001000bd68        0x8 core/libcore.a(reactor.c.obj)
                0x000000001000bd68                lf_critical_section_exit
 .text.vector_at
                0x000000001000bd70       0x54 core/libcore.a(vector.c.obj)
                0x000000001000bd70                vector_at
 .text.vector_size
                0x000000001000bdc4        0x8 core/libcore.a(vector.c.obj)
                0x000000001000bdc4                vector_size
 .text.percolate_down
                0x000000001000bdcc       0xd8 core/libcore.a(pqueue.c.obj)
 .text.bubble_up.isra.0
                0x000000001000bea4       0x84 core/libcore.a(pqueue.c.obj)
 .text.find_equal_same_priority
                0x000000001000bf28       0xa8 core/libcore.a(pqueue.c.obj)
                0x000000001000bf28                find_equal_same_priority
 .text.pqueue_init
                0x000000001000bfd0       0x54 core/libcore.a(pqueue.c.obj)
                0x000000001000bfd0                pqueue_init
 .text.pqueue_free
                0x000000001000c024       0x14 core/libcore.a(pqueue.c.obj)
                0x000000001000c024                pqueue_free
 .text.pqueue_size
                0x000000001000c038       0x10 core/libcore.a(pqueue.c.obj)
                0x000000001000c038                pqueue_size
 .text.pqueue_find_equal_same_priority
                0x000000001000c048        0xc core/libcore.a(pqueue.c.obj)
                0x000000001000c048                pqueue_find_equal_same_priority
 .text.pqueue_insert
                0x000000001000c054       0x44 core/libcore.a(pqueue.c.obj)
                0x000000001000c054                pqueue_insert
 .text.pqueue_remove
                0x000000001000c098       0x6c core/libcore.a(pqueue.c.obj)
                0x000000001000c098                pqueue_remove
 .text.pqueue_pop
                0x000000001000c104       0x28 core/libcore.a(pqueue.c.obj)
                0x000000001000c104                pqueue_pop
 .text.pqueue_peek
                0x000000001000c12c       0x14 core/libcore.a(pqueue.c.obj)
                0x000000001000c12c                pqueue_peek
 .text.in_reverse_order
                0x000000001000c140       0x18 core/libcore.a(pqueue.c.obj)
                0x000000001000c140                in_reverse_order
 .text.in_no_particular_order
                0x000000001000c158        0x4 core/libcore.a(pqueue.c.obj)
                0x000000001000c158                in_no_particular_order
 .text.event_matches
                0x000000001000c15c        0xc core/libcore.a(pqueue.c.obj)
                0x000000001000c15c                event_matches
 .text.reaction_matches
                0x000000001000c168        0x8 core/libcore.a(pqueue.c.obj)
                0x000000001000c168                reaction_matches
 .text.get_event_time
                0x000000001000c170        0x8 core/libcore.a(pqueue.c.obj)
                0x000000001000c170                get_event_time
 .text.get_reaction_index
                0x000000001000c178        0x8 core/libcore.a(pqueue.c.obj)
                0x000000001000c178                get_reaction_index
 .text.get_event_position
                0x000000001000c180        0x4 core/libcore.a(pqueue.c.obj)
                0x000000001000c180                get_event_position
 .text.get_reaction_position
                0x000000001000c184        0x4 core/libcore.a(pqueue.c.obj)
                0x000000001000c184                get_reaction_position
 .text.set_event_position
                0x000000001000c188        0x4 core/libcore.a(pqueue.c.obj)
                0x000000001000c188                set_event_position
 .text.set_reaction_position
                0x000000001000c18c        0x4 core/libcore.a(pqueue.c.obj)
                0x000000001000c18c                set_reaction_position
 .text.print_reaction
                0x000000001000c190        0x4 core/libcore.a(pqueue.c.obj)
                0x000000001000c190                print_reaction
 .text.print_event
                0x000000001000c194        0x4 core/libcore.a(pqueue.c.obj)
                0x000000001000c194                print_event
 .text._lf_message_print
                0x000000001000c198       0xc0 core/libcore.a(util.c.obj)
                0x000000001000c198                _lf_message_print
 .text.lf_print
                0x000000001000c258       0x88 core/libcore.a(util.c.obj)
                0x000000001000c258                lf_print
 .text.lf_print_error
                0x000000001000c2e0       0x88 core/libcore.a(util.c.obj)
                0x000000001000c2e0                lf_print_error
 .text.lf_print_warning
                0x000000001000c368       0x88 core/libcore.a(util.c.obj)
                0x000000001000c368                lf_print_warning
 .text.lf_print_error_and_exit
                0x000000001000c3f0       0x24 core/libcore.a(util.c.obj)
                0x000000001000c3f0                lf_print_error_and_exit
 .text.lf_assert
                0x000000001000c414       0x2c core/libcore.a(util.c.obj)
                0x000000001000c414                lf_assert
 .text.hashset_num_items
                0x000000001000c440        0x4 core/libcore.a(hashset.c.obj)
                0x000000001000c440                hashset_num_items
 .text.hashset_destroy
                0x000000001000c444       0x18 core/libcore.a(hashset.c.obj)
                0x000000001000c444                hashset_destroy
 .text.hashset_create
                0x000000001000c45c       0x40 core/libcore.a(hashset.c.obj)
                0x000000001000c45c                hashset_create
 .text.hashset_add
                0x000000001000c49c      0x180 core/libcore.a(hashset.c.obj)
                0x000000001000c49c                hashset_add
 .text.hashset_remove
                0x000000001000c61c       0x50 core/libcore.a(hashset.c.obj)
                0x000000001000c61c                hashset_remove
 .text.hashset_iterator
                0x000000001000c66c       0x1c core/libcore.a(hashset_itr.c.obj)
                0x000000001000c66c                hashset_iterator
 .text.hashset_iterator_next
                0x000000001000c688       0x34 core/libcore.a(hashset_itr.c.obj)
                0x000000001000c688                hashset_iterator_next
 .text.hashset_iterator_value
                0x000000001000c6bc        0xc core/libcore.a(hashset_itr.c.obj)
                0x000000001000c6bc                hashset_iterator_value
 .text._lf_add_suspended_event
                0x000000001000c6c8       0x3c core/libcore.a(modes.c.obj)
                0x000000001000c6c8                _lf_add_suspended_event
 .text._lf_mode_is_active
                0x000000001000c704       0x10 core/libcore.a(modes.c.obj)
                0x000000001000c704                _lf_mode_is_active
 .text._lf_handle_mode_startup_reset_reactions
                0x000000001000c714       0xfc core/libcore.a(modes.c.obj)
                0x000000001000c714                _lf_handle_mode_startup_reset_reactions
 .text._lf_handle_mode_shutdown_reactions
                0x000000001000c810       0x5c core/libcore.a(modes.c.obj)
                0x000000001000c810                _lf_handle_mode_shutdown_reactions
 .text._lf_process_mode_changes
                0x000000001000c86c      0x39c core/libcore.a(modes.c.obj)
                0x000000001000c86c                _lf_process_mode_changes
 .text._lf_terminate_modal_reactors
                0x000000001000cc08       0x50 core/libcore.a(modes.c.obj)
                0x000000001000cc08                _lf_terminate_modal_reactors
 .text._lf_initialize_modes
                0x000000001000cc58       0x44 core/libcore.a(modes.c.obj)
                0x000000001000cc58                _lf_initialize_modes
 .text._lf_handle_mode_changes
                0x000000001000cc9c       0x24 core/libcore.a(modes.c.obj)
                0x000000001000cc9c                _lf_handle_mode_changes
 .text._lf_handle_mode_triggered_reactions
                0x000000001000ccc0       0x24 core/libcore.a(modes.c.obj)
                0x000000001000ccc0                _lf_handle_mode_triggered_reactions
 .text._lf_initialize_clock
                0x000000001000cce4       0x20 core/libcore.a(lf_rp2040_support.c.obj)
                0x000000001000cce4                _lf_initialize_clock
 .text._lf_clock_now
                0x000000001000cd04       0x24 core/libcore.a(lf_rp2040_support.c.obj)
                0x000000001000cd04                _lf_clock_now
 .text._lf_interruptable_sleep_until_locked
                0x000000001000cd28       0x48 core/libcore.a(lf_rp2040_support.c.obj)
                0x000000001000cd28                _lf_interruptable_sleep_until_locked
 .text.lf_disable_interrupts_nested
                0x000000001000cd70       0x3c core/libcore.a(lf_rp2040_support.c.obj)
                0x000000001000cd70                lf_disable_interrupts_nested
 .text.lf_enable_interrupts_nested
                0x000000001000cdac       0x34 core/libcore.a(lf_rp2040_support.c.obj)
                0x000000001000cdac                lf_enable_interrupts_nested
 .text._lf_unthreaded_notify_of_event
                0x000000001000cde0       0x10 core/libcore.a(lf_rp2040_support.c.obj)
                0x000000001000cde0                _lf_unthreaded_notify_of_event
 .text.color32_0
                0x000000001000cdf0        0x8 robot/librobot.a(display.c.obj)
                0x000000001000cdf0                color32_0
 .text.color32_1
                0x000000001000cdf8        0x8 robot/librobot.a(display.c.obj)
                0x000000001000cdf8                color32_1
 .text.color32_0_on_1
                0x000000001000ce00        0x8 robot/librobot.a(display.c.obj)
                0x000000001000ce00                color32_0_on_1
 .text.color32_1_on_0
                0x000000001000ce08        0x4 robot/librobot.a(display.c.obj)
                0x000000001000ce08                color32_1_on_0
 .text.color32_xor
                0x000000001000ce0c        0x8 robot/librobot.a(display.c.obj)
                0x000000001000ce0c                color32_xor
 .text.color32_nop
                0x000000001000ce14        0x4 robot/librobot.a(display.c.obj)
                0x000000001000ce14                color32_nop
 .text.color8_0
                0x000000001000ce18        0x8 robot/librobot.a(display.c.obj)
                0x000000001000ce18                color8_0
 .text.color8_1
                0x000000001000ce20        0x8 robot/librobot.a(display.c.obj)
                0x000000001000ce20                color8_1
 .text.color8_0_on_1
                0x000000001000ce28        0x8 robot/librobot.a(display.c.obj)
                0x000000001000ce28                color8_0_on_1
 .text.color8_1_on_0
                0x000000001000ce30        0x4 robot/librobot.a(display.c.obj)
                0x000000001000ce30                color8_1_on_0
 .text.color8_xor
                0x000000001000ce34        0x8 robot/librobot.a(display.c.obj)
                0x000000001000ce34                color8_xor
 .text.color8_nop
                0x000000001000ce3c        0x4 robot/librobot.a(display.c.obj)
                0x000000001000ce3c                color8_nop
 .text.display_set_font
                0x000000001000ce40        0xc robot/librobot.a(display.c.obj)
                0x000000001000ce40                display_set_font
 .text.display_init
                0x000000001000ce4c       0x18 robot/librobot.a(display.c.obj)
                0x000000001000ce4c                display_init
 .text.display_fill
                0x000000001000ce64       0x2c robot/librobot.a(display.c.obj)
                0x000000001000ce64                display_fill
 .text.display_show_partial
                0x000000001000ce90       0xb0 robot/librobot.a(display.c.obj)
                0x000000001000ce90                display_show_partial
 .text.display_text
                0x000000001000cf40      0x44c robot/librobot.a(display.c.obj)
                0x000000001000cf40                display_text
 .text.display_fill_rect
                0x000000001000d38c      0x15c robot/librobot.a(display.c.obj)
                0x000000001000d38c                display_fill_rect
 .text.display_show
                0x000000001000d4e8       0x28 robot/librobot.a(display.c.obj)
                0x000000001000d4e8                display_show
 .text._imu_reset
                0x000000001000d510       0xb4 robot/librobot.a(imu.c.obj)
                0x000000001000d510                _imu_reset
 .text._imu_set
                0x000000001000d5c4       0x7c robot/librobot.a(imu.c.obj)
                0x000000001000d5c4                _imu_set
 .text.imu_init
                0x000000001000d640       0x94 robot/librobot.a(imu.c.obj)
                0x000000001000d640                imu_init
 .text.imu_read_gyro
                0x000000001000d6d4       0x94 robot/librobot.a(imu.c.obj)
                0x000000001000d6d4                imu_read_gyro
 .text.motors_init
                0x000000001000d768       0x5c robot/librobot.a(motors.c.obj)
                0x000000001000d768                motors_init
 .text.motors_set_power
                0x000000001000d7c4       0x70 robot/librobot.a(motors.c.obj)
                0x000000001000d7c4                motors_set_power
 .text.sh1106_transfer_start
                0x000000001000d834       0x40 robot/librobot.a(sh1106.c.obj)
                0x000000001000d834                sh1106_transfer_start
 .text.sh1106_transfer_end
                0x000000001000d874       0x1c robot/librobot.a(sh1106.c.obj)
                0x000000001000d874                sh1106_transfer_end
 .text.sh1106_write_page
                0x000000001000d890       0x54 robot/librobot.a(sh1106.c.obj)
                0x000000001000d890                sh1106_write_page
 .text.sh1106_clear
                0x000000001000d8e4       0xa0 robot/librobot.a(sh1106.c.obj)
                0x000000001000d8e4                sh1106_clear
 .text.sh1106_init
                0x000000001000d984       0xd0 robot/librobot.a(sh1106.c.obj)
                0x000000001000d984                sh1106_init
 .text          0x000000001000da54       0x10 /usr/lib/gcc/arm-none-eabi/10.3.1/../../../arm-none-eabi/lib/thumb/v6-m/nofp/libc.a(lib_a-atexit.o)
                0x000000001000da54                atexit
 .text          0x000000001000da64       0x18 /usr/lib/gcc/arm-none-eabi/10.3.1/../../../arm-none-eabi/lib/thumb/v6-m/nofp/libc.a(lib_a-atoi.o)
                0x000000001000da64                atoi
                0x000000001000da70                _atoi_r
 .text          0x000000001000da7c       0x18 /usr/lib/gcc/arm-none-eabi/10.3.1/../../../arm-none-eabi/lib/thumb/v6-m/nofp/libc.a(lib_a-atoll.o)
                0x000000001000da7c                atoll
                0x000000001000da88                _atoll_r
 .text          0x000000001000da94       0x18 /usr/lib/gcc/arm-none-eabi/10.3.1/../../../arm-none-eabi/lib/thumb/v6-m/nofp/libc.a(lib_a-calloc.o)
                0x000000001000da94                calloc
 .text          0x000000001000daac       0x5c /usr/lib/gcc/arm-none-eabi/10.3.1/../../../arm-none-eabi/lib/thumb/v6-m/nofp/libc.a(lib_a-callocr.o)
                0x000000001000daac                _calloc_r
 .text          0x000000001000db08       0x28 /usr/lib/gcc/arm-none-eabi/10.3.1/../../../arm-none-eabi/lib/thumb/v6-m/nofp/libc.a(lib_a-malloc.o)
                0x000000001000db08                malloc
                0x000000001000db1c                free
 .text          0x000000001000db30      0x574 /usr/lib/gcc/arm-none-eabi/10.3.1/../../../arm-none-eabi/lib/thumb/v6-m/nofp/libc.a(lib_a-mallocr.o)
                0x000000001000db30                _malloc_r
 .text          0x000000001000e0a4        0x8 /usr/lib/gcc/arm-none-eabi/10.3.1/../../../arm-none-eabi/lib/thumb/v6-m/nofp/libc.a(lib_a-mlock.o)
                0x000000001000e0a4                __malloc_lock
                0x000000001000e0a8                __malloc_unlock
 .text          0x000000001000e0ac       0x18 /usr/lib/gcc/arm-none-eabi/10.3.1/../../../arm-none-eabi/lib/thumb/v6-m/nofp/libc.a(lib_a-realloc.o)
                0x000000001000e0ac                realloc
 .text          0x000000001000e0c4      0x354 /usr/lib/gcc/arm-none-eabi/10.3.1/../../../arm-none-eabi/lib/thumb/v6-m/nofp/libc.a(lib_a-reallocr.o)
                0x000000001000e0c4                _realloc_r
 .text          0x000000001000e418       0x24 /usr/lib/gcc/arm-none-eabi/10.3.1/../../../arm-none-eabi/lib/thumb/v6-m/nofp/libc.a(lib_a-sbrkr.o)
                0x000000001000e418                _sbrk_r
 .text          0x000000001000e43c       0x88 /usr/lib/gcc/arm-none-eabi/10.3.1/../../../arm-none-eabi/lib/thumb/v6-m/nofp/libc.a(lib_a-strcmp.o)
                0x000000001000e43c                strcmp
 .text          0x000000001000e4c4       0x5c /usr/lib/gcc/arm-none-eabi/10.3.1/../../../arm-none-eabi/lib/thumb/v6-m/nofp/libc.a(lib_a-strlen-stub.o)
                0x000000001000e4c4                strlen
 .text          0x000000001000e520       0x74 /usr/lib/gcc/arm-none-eabi/10.3.1/../../../arm-none-eabi/lib/thumb/v6-m/nofp/libc.a(lib_a-strncmp.o)
                0x000000001000e520                strncmp
 .text          0x000000001000e594      0x1b8 /usr/lib/gcc/arm-none-eabi/10.3.1/../../../arm-none-eabi/lib/thumb/v6-m/nofp/libc.a(lib_a-strtol.o)
                0x000000001000e6d8                _strtol_r
                0x000000001000e6f4                strtol_l
                0x000000001000e720                strtol
 .text          0x000000001000e74c      0x1d0 /usr/lib/gcc/arm-none-eabi/10.3.1/../../../arm-none-eabi/lib/thumb/v6-m/nofp/libc.a(lib_a-strtoll.o)
                0x000000001000e8e4                _strtoll_r
                0x000000001000e8ec                strtoll_l
                0x000000001000e904                strtoll
 .text          0x000000001000e91c     0x16e4 /usr/lib/gcc/arm-none-eabi/10.3.1/../../../arm-none-eabi/lib/thumb/v6-m/nofp/libc.a(lib_a-vfprintf.o)
                0x000000001000e91c                _vfprintf_r
                0x000000001000ff74                vfprintf
 .text          0x0000000010010000       0xdc /usr/lib/gcc/arm-none-eabi/10.3.1/../../../arm-none-eabi/lib/thumb/v6-m/nofp/libc.a(lib_a-wsetup.o)
                0x0000000010010000                __swsetup_r
 .text          0x00000000100100dc       0x88 /usr/lib/gcc/arm-none-eabi/10.3.1/../../../arm-none-eabi/lib/thumb/v6-m/nofp/libc.a(lib_a-__atexit.o)
                0x00000000100100dc                __register_exitproc
 .text          0x0000000010010164     0x1104 /usr/lib/gcc/arm-none-eabi/10.3.1/../../../arm-none-eabi/lib/thumb/v6-m/nofp/libc.a(lib_a-dtoa.o)
                0x00000000100102ac                _dtoa_r
 .text          0x0000000010011268        0xc /usr/lib/gcc/arm-none-eabi/10.3.1/../../../arm-none-eabi/lib/thumb/v6-m/nofp/libc.a(lib_a-errno.o)
                0x0000000010011268                __errno
 .text          0x0000000010011274      0x1c0 /usr/lib/gcc/arm-none-eabi/10.3.1/../../../arm-none-eabi/lib/thumb/v6-m/nofp/libc.a(lib_a-fflush.o)
                0x0000000010011274                __sflush_r
                0x00000000100113b4                _fflush_r
                0x00000000100113e0                fflush
 .text          0x0000000010011434      0x248 /usr/lib/gcc/arm-none-eabi/10.3.1/../../../arm-none-eabi/lib/thumb/v6-m/nofp/libc.a(lib_a-findfp.o)
                0x0000000010011438                _cleanup_r
                0x0000000010011534                __sfmoreglue
                0x0000000010011564                __sfp
                0x0000000010011614                _cleanup
                0x000000001001162c                __sinit
                0x000000001001163c                __sfp_lock_acquire
                0x0000000010011640                __sfp_lock_release
                0x0000000010011644                __sinit_lock_acquire
                0x0000000010011648                __sinit_lock_release
                0x000000001001164c                __fp_lock_all
                0x0000000010011664                __fp_unlock_all
 .text          0x000000001001167c      0x260 /usr/lib/gcc/arm-none-eabi/10.3.1/../../../arm-none-eabi/lib/thumb/v6-m/nofp/libc.a(lib_a-freer.o)
                0x000000001001167c                _malloc_trim_r
                0x0000000010011718                _free_r