Archive member included to satisfy reference by file (symbol)

core/libreactor-c.a(tag.c.o)  CMakeFiles/RobotTemplate.dir/lib/schedule.c.o (lf_tag_compare)
core/libreactor-c.a(clock.c.o)
                              core/libreactor-c.a(tag.c.o) (lf_clock_gettime)
core/libreactor-c.a(reactor_common.c.o)
                              CMakeFiles/RobotTemplate.dir/RobotTemplate.c.o (lf_allocate)
core/libreactor-c.a(lf_token.c.o)
                              CMakeFiles/RobotTemplate.dir/lib/schedule.c.o (_lf_initialize_token_with_value)
core/libreactor-c.a(environment.c.o)
                              core/libreactor-c.a(reactor_common.c.o) (environment_free)
core/libreactor-c.a(reactor.c.o)
                              CMakeFiles/RobotTemplate.dir/_robottemplate_main.c.o (lf_set_present)
core/libreactor-c.a(vector.c.o)
                              core/libreactor-c.a(reactor_common.c.o) (vector_at)
core/libreactor-c.a(pqueue_base.c.o)
                              core/libreactor-c.a(environment.c.o) (pqueue_init)
core/libreactor-c.a(pqueue_tag.c.o)
                              core/libreactor-c.a(environment.c.o) (pqueue_tag_compare)
core/libreactor-c.a(pqueue.c.o)
                              core/libreactor-c.a(environment.c.o) (in_reverse_order)
core/libreactor-c.a(util.c.o)
                              core/libreactor-c.a(pqueue_tag.c.o) (lf_print)
core/libreactor-c.a(hashset.c.o)
                              core/libreactor-c.a(lf_token.c.o) (hashset_num_items)
core/libreactor-c.a(hashset_itr.c.o)
                              core/libreactor-c.a(lf_token.c.o) (hashset_iterator)
core/libreactor-c.a(modes.c.o)
                              core/libreactor-c.a(reactor_common.c.o) (_lf_add_suspended_event)
robot/librobot.a(display.c.o)
                              CMakeFiles/RobotTemplate.dir/_display.c.o (display_set_font)
robot/librobot.a(font_8x8.c.o)
                              robot/librobot.a(display.c.o) (font_8x8)
robot/librobot.a(font_8x16.c.o)
                              CMakeFiles/RobotTemplate.dir/_display.c.o (font_8x16)
robot/librobot.a(sh1106.c.o)  robot/librobot.a(display.c.o) (sh1106_transfer_start)
core/liblf-low-level-platform-impl.a(lf_rp2040_support.c.o)
                              core/libreactor-c.a(reactor.c.o) (_lf_initialize_clock)
core/liblf-low-level-platform-impl.a(lf_atomic_irq.c.o)
                              core/libreactor-c.a(reactor_common.c.o) (lf_atomic_fetch_add)
/usr/lib/gcc/arm-none-eabi/13.2.1/thumb/v6-m/nofp/libgcc.a(_dvmd_tls.o)
                              CMakeFiles/RobotTemplate.dir/mnt/c/Users/gyoe4/EECS149Proj/PololuCharacterization/pico-sdk/src/rp2_common/pico_divider/divider_hardware.S.o (__aeabi_idiv0)
/usr/lib/gcc/arm-none-eabi/13.2.1/../../../arm-none-eabi/lib/thumb/v6-m/nofp/libg.a(libc_a-strncpy.o)
                              core/libreactor-c.a(environment.c.o) (strncpy)
/usr/lib/gcc/arm-none-eabi/13.2.1/../../../arm-none-eabi/lib/thumb/v6-m/nofp/libg.a(libc_a-vfprintf.o)
                              core/libreactor-c.a(util.c.o) (vfprintf)
/usr/lib/gcc/arm-none-eabi/13.2.1/../../../arm-none-eabi/lib/thumb/v6-m/nofp/libg.a(libc_a-strcmp.o)
                              core/libreactor-c.a(reactor_common.c.o) (strcmp)
/usr/lib/gcc/arm-none-eabi/13.2.1/../../../arm-none-eabi/lib/thumb/v6-m/nofp/libg.a(libc_a-fflush.o)
                              /usr/lib/gcc/arm-none-eabi/13.2.1/../../../arm-none-eabi/lib/thumb/v6-m/nofp/libg.a(libc_a-vfprintf.o) (_fflush_r)
/usr/lib/gcc/arm-none-eabi/13.2.1/../../../arm-none-eabi/lib/thumb/v6-m/nofp/libg.a(libc_a-strncmp.o)
                              core/libreactor-c.a(reactor_common.c.o) (strncmp)
/usr/lib/gcc/arm-none-eabi/13.2.1/../../../arm-none-eabi/lib/thumb/v6-m/nofp/libg.a(libc_a-calloc.o)
                              CMakeFiles/RobotTemplate.dir/mnt/c/Users/gyoe4/EECS149Proj/PololuCharacterization/pico-sdk/src/rp2_common/pico_malloc/malloc.c.o (calloc)
/usr/lib/gcc/arm-none-eabi/13.2.1/../../../arm-none-eabi/lib/thumb/v6-m/nofp/libg.a(libc_a-errno.o)
                              core/libreactor-c.a(util.c.o) (__errno)
/usr/lib/gcc/arm-none-eabi/13.2.1/../../../arm-none-eabi/lib/thumb/v6-m/nofp/libg.a(libc_a-impure.o)
                              core/libreactor-c.a(util.c.o) (_impure_ptr)
/usr/lib/gcc/arm-none-eabi/13.2.1/../../../arm-none-eabi/lib/thumb/v6-m/nofp/libg.a(libc_a-callocr.o)
                              /usr/lib/gcc/arm-none-eabi/13.2.1/../../../arm-none-eabi/lib/thumb/v6-m/nofp/libg.a(libc_a-calloc.o) (_calloc_r)
/usr/lib/gcc/arm-none-eabi/13.2.1/../../../arm-none-eabi/lib/thumb/v6-m/nofp/libg.a(libc_a-realloc.o)
                              CMakeFiles/RobotTemplate.dir/mnt/c/Users/gyoe4/EECS149Proj/PololuCharacterization/pico-sdk/src/rp2_common/pico_malloc/malloc.c.o (realloc)
/usr/lib/gcc/arm-none-eabi/13.2.1/../../../arm-none-eabi/lib/thumb/v6-m/nofp/libg.a(libc_a-mallocr.o)
[...]
Memory Configuration

Name             Origin             Length             Attributes
FLASH            0x10000000         0x00200000         xr
RAM              0x20000000         0x00040000         xrw
SCRATCH_X        0x20040000         0x00001000         xrw
SCRATCH_Y        0x20041000         0x00001000         xrw
*default*        0x00000000         0xffffffff

Linker script and memory map

LOAD /usr/lib/gcc/arm-none-eabi/13.2.1/thumb/v6-m/nofp/crti.o
LOAD /usr/lib/gcc/arm-none-eabi/13.2.1/thumb/v6-m/nofp/crtbegin.o
LOAD /usr/lib/gcc/arm-none-eabi/13.2.1/../../../arm-none-eabi/lib/thumb/v6-m/nofp/crt0.o

.flash_begin    0x10000000        0x0
                0x10000000                        __flash_binary_start = .

.boot2          0x10000000      0x100
                0x10000000                        __boot2_start__ = .
 *(.boot2)
 .boot2         0x10000000      0x100 pico-sdk/src/rp2040/boot_stage2/CMakeFiles/bs2_default_library.dir/bs2_default_padded_checksummed.S.o
                0x10000100                        __boot2_end__ = .
                0x00000001                        ASSERT (((__boot2_end__ - __boot2_start__) == 0x100), ERROR: Pico second stage bootloader must be 256 bytes in size)

.text           0x10000100    0x10728
                0x10000100                        __logical_binary_start = .
 *(.vectors)
 .vectors       0x10000100       0xd4 CMakeFiles/RobotTemplate.dir/mnt/c/Users/gyoe4/EECS149Proj/PololuCharacterization/pico-sdk/src/rp2_common/pico_crt0/crt0.S.o
                0x10000100                __vectors
                0x10000100                __VECTOR_TABLE
                0x100001c0                isr_invalid
                0x100001c0                __default_isrs_start
                0x100001c2                isr_nmi
                0x100001c4                isr_hardfault
                0x100001c6                isr_svcall
                0x100001c8                isr_pendsv
                0x100001ca                isr_systick
                0x100001cc                isr_irq30
                0x100001cc                __unhandled_user_irq
                0x100001cc                isr_irq13
                0x100001cc                isr_irq27
                0x100001cc                isr_irq31
                0x100001cc                isr_irq5
                0x100001cc                isr_irq11
                0x100001cc                isr_irq23
                0x100001cc                isr_irq18
                0x100001cc                isr_irq28
                0x100001cc                isr_irq19
                0x100001cc                isr_irq0
                0x100001cc                isr_irq6
                0x100001cc                isr_irq22
                0x100001cc                isr_irq17
                0x100001cc                isr_irq14
                0x100001cc                isr_irq2
                0x100001cc                isr_irq10
                0x100001cc                isr_irq8
                0x100001cc                isr_irq24
                0x100001cc                isr_irq1
                0x100001cc                isr_irq7
                0x100001cc                isr_irq21
                0x100001cc                isr_irq20
                0x100001cc                isr_irq15
                0x100001cc                isr_irq25
                0x100001cc                isr_irq4
                0x100001cc                isr_irq16
                0x100001cc                isr_irq29
                0x100001cc                isr_irq26
                0x100001cc                __default_isrs_end
                0x100001cc                isr_irq3
                0x100001cc                isr_irq12
                0x100001cc                isr_irq9
                0x100001d2                unhandled_user_irq_num_in_r0
 *(.binary_info_header)
 .binary_info_header
                0x100001d4       0x14 CMakeFiles/RobotTemplate.dir/mnt/c/Users/gyoe4/EECS149Proj/PololuCharacterization/pico-sdk/src/rp2_common/pico_crt0/crt0.S.o
                0x100001e8                        __binary_info_header_end = .
 *(.embedded_block)
                0x100001e8                        __embedded_block_end = .
 *(.reset)
 .reset         0x100001e8       0x9c CMakeFiles/RobotTemplate.dir/mnt/c/Users/gyoe4/EECS149Proj/PololuCharacterization/pico-sdk/src/rp2_common/pico_crt0/crt0.S.o
                0x100001e8                _entry_point
 *(.init)
 .init          0x10000284        0x4 /usr/lib/gcc/arm-none-eabi/13.2.1/thumb/v6-m/nofp/crti.o
                0x10000284                _init
 *(EXCLUDE_FILE(*libm.a: *libc.a:*lib_a-mem*.o *libgcc.a:) .text*)
 .text          0x10000288       0x98 /usr/lib/gcc/arm-none-eabi/13.2.1/thumb/v6-m/nofp/crtbegin.o
 .text.lf_schedule_trigger
                0x10000320      0x29c CMakeFiles/RobotTemplate.dir/lib/schedule.c.o
                0x10000320                lf_schedule_trigger
 .text._robottemplate_mainreaction_function_0
                0x100005bc       0x38 CMakeFiles/RobotTemplate.dir/_robottemplate_main.c.o
                0x100005bc                _robottemplate_mainreaction_function_0
 .text.new__robottemplate_main
                0x100005f4       0x64 CMakeFiles/RobotTemplate.dir/_robottemplate_main.c.o
                0x100005f4                new__robottemplate_main
 .text._robotreaction_function_0
                0x10000658       0x2c CMakeFiles/RobotTemplate.dir/_robot.c.o
                0x10000658                _robotreaction_function_0
 .text._robotreaction_function_1
                0x10000684       0x44 CMakeFiles/RobotTemplate.dir/_robot.c.o
                0x10000684                _robotreaction_function_1
 .text._robotreaction_function_2
                0x100006c8       0x44 CMakeFiles/RobotTemplate.dir/_robot.c.o
                0x100006c8                _robotreaction_function_2
 .text.new__robot
                0x1000070c      0x14c CMakeFiles/RobotTemplate.dir/_robot.c.o
                0x1000070c                new__robot
 .text._displayreaction_function_1
                0x10000858       0xb4 CMakeFiles/RobotTemplate.dir/_display.c.o
                0x10000858                _displayreaction_function_1
 .text._displayreaction_function_0
                0x1000090c       0x2c CMakeFiles/RobotTemplate.dir/_display.c.o
                0x1000090c                _displayreaction_function_0
 .text.new__display
                0x10000938      0x15c CMakeFiles/RobotTemplate.dir/_display.c.o
                0x10000938                new__display
 .text.startup.main
                0x10000a94        0xc CMakeFiles/RobotTemplate.dir/RobotTemplate.c.o
                0x10000a94                main
 .text.lf_set_default_command_line_options
                0x10000aa0        0x4 CMakeFiles/RobotTemplate.dir/RobotTemplate.c.o
                0x10000aa0                lf_set_default_command_line_options
 .text.lf_create_environments
                0x10000aa4       0x38 CMakeFiles/RobotTemplate.dir/RobotTemplate.c.o
                0x10000aa4                lf_create_environments
 .text._lf_get_environments
                0x10000adc        0xc CMakeFiles/RobotTemplate.dir/RobotTemplate.c.o
                0x10000adc                _lf_get_environments
 .text._lf_initialize_trigger_objects
                0x10000ae8      0x2d8 CMakeFiles/RobotTemplate.dir/RobotTemplate.c.o
                0x10000ae8                _lf_initialize_trigger_objects
 .text.lf_terminate_execution
                0x10000dc0        0x4 CMakeFiles/RobotTemplate.dir/RobotTemplate.c.o
                0x10000dc0                lf_terminate_execution
 .text.gpio_set_function
                0x10000dc4       0x34 CMakeFiles/RobotTemplate.dir/mnt/c/Users/gyoe4/EECS149Proj/PololuCharacterization/pico-sdk/src/rp2_common/hardware_gpio/gpio.c.o
                0x10000dc4                gpio_set_function
 .text.gpio_init
                0x10000df8       0x40 CMakeFiles/RobotTemplate.dir/mnt/c/Users/gyoe4/EECS149Proj/PololuCharacterization/pico-sdk/src/rp2_common/hardware_gpio/gpio.c.o
                0x10000df8                gpio_init
 .text.rp2040_chip_version
                0x10000e38        0xc CMakeFiles/RobotTemplate.dir/mnt/c/Users/gyoe4/EECS149Proj/PololuCharacterization/pico-sdk/src/rp2040/pico_platform/platform.c.o
                0x10000e38                rp2040_chip_version
 .text.panic    0x10000e44       0x30 CMakeFiles/RobotTemplate.dir/mnt/c/Users/gyoe4/EECS149Proj/PololuCharacterization/pico-sdk/src/rp2_common/pico_platform_panic/panic.c.o
                0x10000e44                panic
 .text.hw_claim_or_assert
                0x10000e74       0x44 CMakeFiles/RobotTemplate.dir/mnt/c/Users/gyoe4/EECS149Proj/PololuCharacterization/pico-sdk/src/common/hardware_claim/claim.c.o
                0x10000e74                hw_claim_or_assert
 .text.hw_claim_unused_from_range
                0x10000eb8       0x9c CMakeFiles/RobotTemplate.dir/mnt/c/Users/gyoe4/EECS149Proj/PololuCharacterization/pico-sdk/src/common/hardware_claim/claim.c.o
                0x10000eb8                hw_claim_unused_from_range
 .text.next_striped_spin_lock_num
                0x10000f54       0x18 CMakeFiles/RobotTemplate.dir/mnt/c/Users/gyoe4/EECS149Proj/PololuCharacterization/pico-sdk/src/rp2_common/hardware_sync/sync.c.o
                0x10000f54                next_striped_spin_lock_num
 .text.spin_lock_claim_unused
                0x10000f6c       0x24 CMakeFiles/RobotTemplate.dir/mnt/c/Users/gyoe4/EECS149Proj/PololuCharacterization/pico-sdk/src/rp2_common/hardware_sync/sync.c.o
                0x10000f6c                spin_lock_claim_unused
 .text.spin_locks_reset
                0x10000f90       0x1c CMakeFiles/RobotTemplate.dir/mnt/c/Users/gyoe4/EECS149Proj/PololuCharacterization/pico-sdk/src/rp2_common/hardware_sync_spin_lock/sync_spin_lock.c.o
                0x10000f90                spin_locks_reset
 .text.runtime_init_per_core_irq_priorities
                0x10000fac       0x24 CMakeFiles/RobotTemplate.dir/mnt/c/Users/gyoe4/EECS149Proj/PololuCharacterization/pico-sdk/src/rp2_common/hardware_irq/irq.c.o
                0x10000fac                runtime_init_per_core_irq_priorities
 .text.irq_set_enabled
                0x10000fd0       0x24 CMakeFiles/RobotTemplate.dir/mnt/c/Users/gyoe4/EECS149Proj/PololuCharacterization/pico-sdk/src/rp2_common/hardware_irq/irq.c.o
                0x10000fd0                irq_set_enabled
 .text.irq_is_enabled
                0x10000ff4       0x18 CMakeFiles/RobotTemplate.dir/mnt/c/Users/gyoe4/EECS149Proj/PololuCharacterization/pico-sdk/src/rp2_common/hardware_irq/irq.c.o
                0x10000ff4                irq_is_enabled
 .text.irq_set_pending
                0x1000100c       0x10 CMakeFiles/RobotTemplate.dir/mnt/c/Users/gyoe4/EECS149Proj/PololuCharacterization/pico-sdk/src/rp2_common/hardware_irq/irq.c.o
                0x1000100c                irq_set_pending
 .text.irq_has_shared_handler
                0x1000101c       0x2c CMakeFiles/RobotTemplate.dir/mnt/c/Users/gyoe4/EECS149Proj/PololuCharacterization/pico-sdk/src/rp2_common/hardware_irq/irq.c.o
                0x1000101c                irq_has_shared_handler
 .text.irq_set_exclusive_handler
                0x10001048       0x54 CMakeFiles/RobotTemplate.dir/mnt/c/Users/gyoe4/EECS149Proj/PololuCharacterization/pico-sdk/src/rp2_common/hardware_irq/irq.c.o
                0x10001048                irq_set_exclusive_handler
 .text.irq_add_shared_handler
                0x1000109c      0x1f4 CMakeFiles/RobotTemplate.dir/mnt/c/Users/gyoe4/EECS149Proj/PololuCharacterization/pico-sdk/src/rp2_common/hardware_irq/irq.c.o
                0x1000109c                irq_add_shared_handler
 .text.irq_remove_handler
                0x10001290      0x1d4 CMakeFiles/RobotTemplate.dir/mnt/c/Users/gyoe4/EECS149Proj/PololuCharacterization/pico-sdk/src/rp2_common/hardware_irq/irq.c.o
                0x10001290                irq_remove_handler
 .text.irq_add_tail_to_free_list
                0x10001464       0xb4 CMakeFiles/RobotTemplate.dir/mnt/c/Users/gyoe4/EECS149Proj/PololuCharacterization/pico-sdk/src/rp2_common/hardware_irq/irq.c.o
                0x10001464                irq_add_tail_to_free_list
 .text.user_irq_claim_unused
                0x10001518       0x2c CMakeFiles/RobotTemplate.dir/mnt/c/Users/gyoe4/EECS149Proj/PololuCharacterization/pico-sdk/src/rp2_common/hardware_irq/irq.c.o
                0x10001518                user_irq_claim_unused
 .text.sem_init
                0x10001544       0x20 CMakeFiles/RobotTemplate.dir/mnt/c/Users/gyoe4/EECS149Proj/PololuCharacterization/pico-sdk/src/common/pico_sync/sem.c.o
                0x10001544                sem_init
 .text.lock_init
                0x10001564       0x10 CMakeFiles/RobotTemplate.dir/mnt/c/Users/gyoe4/EECS149Proj/PololuCharacterization/pico-sdk/src/common/pico_sync/lock_core.c.o
                0x10001564                lock_init
 .text.runtime_init_mutex
                0x10001574       0x50 CMakeFiles/RobotTemplate.dir/mnt/c/Users/gyoe4/EECS149Proj/PololuCharacterization/pico-sdk/src/common/pico_sync/mutex.c.o
                0x10001574                runtime_init_mutex
 .text.mutex_init
                0x100015c4       0x1c CMakeFiles/RobotTemplate.dir/mnt/c/Users/gyoe4/EECS149Proj/PololuCharacterization/pico-sdk/src/common/pico_sync/mutex.c.o
                0x100015c4                mutex_init
 .text.critical_section_init
                0x100015e0       0x1c CMakeFiles/RobotTemplate.dir/mnt/c/Users/gyoe4/EECS149Proj/PololuCharacterization/pico-sdk/src/common/pico_sync/critical_section.c.o
                0x100015e0                critical_section_init
 .text.critical_section_init_with_lock_num
                0x100015fc       0x14 CMakeFiles/RobotTemplate.dir/mnt/c/Users/gyoe4/EECS149Proj/PololuCharacterization/pico-sdk/src/common/pico_sync/critical_section.c.o
                0x100015fc                critical_section_init_with_lock_num
 .text.sleep_until_callback
                0x10001610       0x30 CMakeFiles/RobotTemplate.dir/mnt/c/Users/gyoe4/EECS149Proj/PololuCharacterization/pico-sdk/src/common/pico_time/time.c.o
 .text.alarm_pool_irq_handler
                0x10001640      0x2fc CMakeFiles/RobotTemplate.dir/mnt/c/Users/gyoe4/EECS149Proj/PololuCharacterization/pico-sdk/src/common/pico_time/time.c.o
 .text.runtime_init_default_alarm_pool
                0x1000193c       0xdc CMakeFiles/RobotTemplate.dir/mnt/c/Users/gyoe4/EECS149Proj/PololuCharacterization/pico-sdk/src/common/pico_time/time.c.o
                0x1000193c                runtime_init_default_alarm_pool
 .text.alarm_pool_get_default
                0x10001a18        0x8 CMakeFiles/RobotTemplate.dir/mnt/c/Users/gyoe4/EECS149Proj/PololuCharacterization/pico-sdk/src/common/pico_time/time.c.o
                0x10001a18                alarm_pool_get_default
 .text.alarm_pool_add_alarm_at
                0x10001a20       0xd4 CMakeFiles/RobotTemplate.dir/mnt/c/Users/gyoe4/EECS149Proj/PololuCharacterization/pico-sdk/src/common/pico_time/time.c.o
                0x10001a20                alarm_pool_add_alarm_at
 .text.alarm_pool_add_alarm_at_force_in_context
                0x10001af4       0xb0 CMakeFiles/RobotTemplate.dir/mnt/c/Users/gyoe4/EECS149Proj/PololuCharacterization/pico-sdk/src/common/pico_time/time.c.o
                0x10001af4                alarm_pool_add_alarm_at_force_in_context
 .text.alarm_pool_cancel_alarm
                0x10001ba4       0x74 CMakeFiles/RobotTemplate.dir/mnt/c/Users/gyoe4/EECS149Proj/PololuCharacterization/pico-sdk/src/common/pico_time/time.c.o
                0x10001ba4                alarm_pool_cancel_alarm
 .text.alarm_pool_core_num
                0x10001c18        0x4 CMakeFiles/RobotTemplate.dir/mnt/c/Users/gyoe4/EECS149Proj/PololuCharacterization/pico-sdk/src/common/pico_time/time.c.o
                0x10001c18                alarm_pool_core_num
 .text.sleep_until
                0x10001c1c       0xd8 CMakeFiles/RobotTemplate.dir/mnt/c/Users/gyoe4/EECS149Proj/PololuCharacterization/pico-sdk/src/common/pico_time/time.c.o
                0x10001c1c                sleep_until
 .text.sleep_us
                0x10001cf4       0x28 CMakeFiles/RobotTemplate.dir/mnt/c/Users/gyoe4/EECS149Proj/PololuCharacterization/pico-sdk/src/common/pico_time/time.c.o
                0x10001cf4                sleep_us
 .text.best_effort_wfe_or_timeout
                0x10001d1c       0xe0 CMakeFiles/RobotTemplate.dir/mnt/c/Users/gyoe4/EECS149Proj/PololuCharacterization/pico-sdk/src/common/pico_time/time.c.o
                0x10001d1c                best_effort_wfe_or_timeout
 .text.timer_hardware_alarm_claim
                0x10001dfc       0x14 CMakeFiles/RobotTemplate.dir/mnt/c/Users/gyoe4/EECS149Proj/PololuCharacterization/pico-sdk/src/rp2_common/hardware_timer/timer.c.o
                0x10001dfc                timer_hardware_alarm_claim
 .text.timer_time_us_64
                0x10001e10       0x10 CMakeFiles/RobotTemplate.dir/mnt/c/Users/gyoe4/EECS149Proj/PololuCharacterization/pico-sdk/src/rp2_common/hardware_timer/timer.c.o
                0x10001e10                timer_time_us_64
 .text.time_us_64
                0x10001e20       0x14 CMakeFiles/RobotTemplate.dir/mnt/c/Users/gyoe4/EECS149Proj/PololuCharacterization/pico-sdk/src/rp2_common/hardware_timer/timer.c.o
                0x10001e20                time_us_64
 .text.busy_wait_us
                0x10001e34       0x68 CMakeFiles/RobotTemplate.dir/mnt/c/Users/gyoe4/EECS149Proj/PololuCharacterization/pico-sdk/src/rp2_common/hardware_timer/timer.c.o
                0x10001e34                busy_wait_us
 .text.busy_wait_until
                0x10001e9c       0x20 CMakeFiles/RobotTemplate.dir/mnt/c/Users/gyoe4/EECS149Proj/PololuCharacterization/pico-sdk/src/rp2_common/hardware_timer/timer.c.o
                0x10001e9c                busy_wait_until
 .text.uart_init
                0x10001ebc      0x120 CMakeFiles/RobotTemplate.dir/mnt/c/Users/gyoe4/EECS149Proj/PololuCharacterization/pico-sdk/src/rp2_common/hardware_uart/uart.c.o
                0x10001ebc                uart_init
 .text.clock_configure_int_divider
                0x10001fdc       0xf4 CMakeFiles/RobotTemplate.dir/mnt/c/Users/gyoe4/EECS149Proj/PololuCharacterization/pico-sdk/src/rp2_common/hardware_clocks/clocks.c.o
                0x10001fdc                clock_configure_int_divider
 .text.clock_configure_undivided
                0x100020d0       0xe8 CMakeFiles/RobotTemplate.dir/mnt/c/Users/gyoe4/EECS149Proj/PololuCharacterization/pico-sdk/src/rp2_common/hardware_clocks/clocks.c.o
                0x100020d0                clock_configure_undivided
 .text.clock_get_hz
                0x100021b8        0xc CMakeFiles/RobotTemplate.dir/mnt/c/Users/gyoe4/EECS149Proj/PololuCharacterization/pico-sdk/src/rp2_common/hardware_clocks/clocks.c.o
                0x100021b8                clock_get_hz
 .text.pll_init
                0x100021c4       0xa4 CMakeFiles/RobotTemplate.dir/mnt/c/Users/gyoe4/EECS149Proj/PololuCharacterization/pico-sdk/src/rp2_common/hardware_pll/pll.c.o
                0x100021c4                pll_init
 .text.watchdog_reboot
                0x10002268       0x9c CMakeFiles/RobotTemplate.dir/mnt/c/Users/gyoe4/EECS149Proj/PololuCharacterization/pico-sdk/src/rp2_common/hardware_watchdog/watchdog.c.o
                0x10002268                watchdog_reboot
 .text.tick_start
                0x10002304       0x10 CMakeFiles/RobotTemplate.dir/mnt/c/Users/gyoe4/EECS149Proj/PololuCharacterization/pico-sdk/src/rp2_common/hardware_ticks/ticks.c.o
                0x10002304                tick_start
 .text.rom_func_lookup
                0x10002314       0x10 CMakeFiles/RobotTemplate.dir/mnt/c/Users/gyoe4/EECS149Proj/PololuCharacterization/pico-sdk/src/rp2_common/pico_bootrom/bootrom.c.o
                0x10002314                rom_func_lookup
 .text.rom_data_lookup
                0x10002324       0x10 CMakeFiles/RobotTemplate.dir/mnt/c/Users/gyoe4/EECS149Proj/PololuCharacterization/pico-sdk/src/rp2_common/pico_bootrom/bootrom.c.o
                0x10002324                rom_data_lookup
 .text.rom_funcs_lookup
                0x10002334       0x44 CMakeFiles/RobotTemplate.dir/mnt/c/Users/gyoe4/EECS149Proj/PololuCharacterization/pico-sdk/src/rp2_common/pico_bootrom/bootrom.c.o
                0x10002334                rom_funcs_lookup
 .text.rom_reset_usb_boot_extra
                0x10002378       0x28 CMakeFiles/RobotTemplate.dir/mnt/c/Users/gyoe4/EECS149Proj/PololuCharacterization/pico-sdk/src/rp2_common/pico_bootrom/bootrom.c.o
                0x10002378                rom_reset_usb_boot_extra
 .text.xosc_init
                0x100023a0       0x28 CMakeFiles/RobotTemplate.dir/mnt/c/Users/gyoe4/EECS149Proj/PololuCharacterization/pico-sdk/src/rp2_common/hardware_xosc/xosc.c.o
                0x100023a0                xosc_init
 .text.first_per_core_initializer
                0x100023c8        0x4 CMakeFiles/RobotTemplate.dir/mnt/c/Users/gyoe4/EECS149Proj/PololuCharacterization/pico-sdk/src/rp2_common/pico_runtime/runtime.c.o
 .text.hard_assertion_failure
                0x100023cc        0xc CMakeFiles/RobotTemplate.dir/mnt/c/Users/gyoe4/EECS149Proj/PololuCharacterization/pico-sdk/src/rp2_common/pico_runtime/runtime.c.o
                0x100023cc                hard_assertion_failure
 .text.runtime_run_initializers
                0x100023d8       0x28 CMakeFiles/RobotTemplate.dir/mnt/c/Users/gyoe4/EECS149Proj/PololuCharacterization/pico-sdk/src/rp2_common/pico_runtime/runtime.c.o
                0x100023d8                runtime_run_initializers
 .text.runtime_init_early_resets
                0x10002400       0x2c CMakeFiles/RobotTemplate.dir/mnt/c/Users/gyoe4/EECS149Proj/PololuCharacterization/pico-sdk/src/rp2_common/pico_runtime_init/runtime_init.c.o
                0x10002400                runtime_init_early_resets
 .text.runtime_init_usb_power_down
                0x1000242c       0x1c CMakeFiles/RobotTemplate.dir/mnt/c/Users/gyoe4/EECS149Proj/PololuCharacterization/pico-sdk/src/rp2_common/pico_runtime_init/runtime_init.c.o
                0x1000242c                runtime_init_usb_power_down
 .text.runtime_init_post_clock_resets
                0x10002448       0x20 CMakeFiles/RobotTemplate.dir/mnt/c/Users/gyoe4/EECS149Proj/PololuCharacterization/pico-sdk/src/rp2_common/pico_runtime_init/runtime_init.c.o
                0x10002448                runtime_init_post_clock_resets
 .text.runtime_init_rp2040_gpio_ie_disable
                0x10002468       0x14 CMakeFiles/RobotTemplate.dir/mnt/c/Users/gyoe4/EECS149Proj/PololuCharacterization/pico-sdk/src/rp2_common/pico_runtime_init/runtime_init.c.o
                0x10002468                runtime_init_rp2040_gpio_ie_disable
 .text.runtime_init_spin_locks_reset
                0x1000247c        0x8 CMakeFiles/RobotTemplate.dir/mnt/c/Users/gyoe4/EECS149Proj/PololuCharacterization/pico-sdk/src/rp2_common/pico_runtime_init/runtime_init.c.o
                0x1000247c                runtime_init_spin_locks_reset
 .text.runtime_init_install_ram_vector_table
                0x10002484       0x1c CMakeFiles/RobotTemplate.dir/mnt/c/Users/gyoe4/EECS149Proj/PololuCharacterization/pico-sdk/src/rp2_common/pico_runtime_init/runtime_init.c.o
                0x10002484                runtime_init_install_ram_vector_table
 .text.runtime_init_clocks
                0x100024a0       0xd8 CMakeFiles/RobotTemplate.dir/mnt/c/Users/gyoe4/EECS149Proj/PololuCharacterization/pico-sdk/src/rp2_common/pico_runtime_init/runtime_init_clocks.c.o
                0x100024a0                runtime_init_clocks
 .text          0x10002578       0x10 CMakeFiles/RobotTemplate.dir/mnt/c/Users/gyoe4/EECS149Proj/PololuCharacterization/pico-sdk/src/rp2_common/pico_bit_ops/bit_ops_aeabi.S.o
 .text.__wrap___aeabi_idiv
                0x10002588       0x50 CMakeFiles/RobotTemplate.dir/mnt/c/Users/gyoe4/EECS149Proj/PololuCharacterization/pico-sdk/src/rp2_common/pico_divider/divider_hardware.S.o
                0x10002588                __wrap___aeabi_idivmod
                0x10002588                divmod_s32s32
                0x10002588                div_s32s32
                0x10002588                __wrap___aeabi_idiv
                0x10002590                divmod_s32s32_unsafe
                0x100025bc                divmod_s32s32_savestate
 .text.__wrap___aeabi_uidiv
                0x100025d8       0x4c CMakeFiles/RobotTemplate.dir/mnt/c/Users/gyoe4/EECS149Proj/PololuCharacterization/pico-sdk/src/rp2_common/pico_divider/divider_hardware.S.o
                0x100025d8                __wrap___aeabi_uidiv
                0x100025d8                __wrap___aeabi_uidivmod
                0x100025d8                div_u32u32
                0x100025d8                divmod_u32u32
                0x100025e0                divmod_u32u32_unsafe
                0x10002608                divmod_u32u32_savestate
 .text.__wrap___aeabi_ldiv
                0x10002624      0x424 CMakeFiles/RobotTemplate.dir/mnt/c/Users/gyoe4/EECS149Proj/PololuCharacterization/pico-sdk/src/rp2_common/pico_divider/divider_hardware.S.o
                0x10002624                div_s64s64
                0x10002624                divmod_s64s64
                0x10002624                __wrap___aeabi_ldivmod
                0x10002654                div_u64u64
                0x10002654                divmod_u64u64
                0x10002654                __wrap___aeabi_uldivmod
                0x10002664                divmod_u64u64_savestate
                0x10002684                divmod_s64s64_unsafe
                0x1000270c                divmod_u64u64_unsafe
 .text.__wrap___aeabi_darithmetic
                0x10002a48       0x80 CMakeFiles/RobotTemplate.dir/mnt/c/Users/gyoe4/EECS149Proj/PololuCharacterization/pico-sdk/src/rp2_common/pico_double/double_aeabi_rp2040.S.o
                0x10002a48                __wrap___aeabi_drsub
                0x10002a4e                __wrap___aeabi_dsub
                0x10002a60                __wrap___aeabi_dadd
                0x10002a72                __wrap___aeabi_ddiv
                0x10002aae                __wrap___aeabi_dmul
 .text.__wrap___aeabi_cdcmple
                0x10002ac8       0x6c CMakeFiles/RobotTemplate.dir/mnt/c/Users/gyoe4/EECS149Proj/PololuCharacterization/pico-sdk/src/rp2_common/pico_double/double_aeabi_rp2040.S.o
                0x10002ac8                __wrap___aeabi_cdrcmple
                0x10002ad8                __wrap___aeabi_cdcmple
                0x10002ad8                __wrap___aeabi_cdcmpeq
 .text.__wrap___aeabi_dcmpeq
                0x10002b34       0x10 CMakeFiles/RobotTemplate.dir/mnt/c/Users/gyoe4/EECS149Proj/PololuCharacterization/pico-sdk/src/rp2_common/pico_double/double_aeabi_rp2040.S.o
                0x10002b34                __wrap___aeabi_dcmpeq
 .text.__wrap___aeabi_dcmplt
                0x10002b44        0xc CMakeFiles/RobotTemplate.dir/mnt/c/Users/gyoe4/EECS149Proj/PololuCharacterization/pico-sdk/src/rp2_common/pico_double/double_aeabi_rp2040.S.o
                0x10002b44                __wrap___aeabi_dcmplt
 .text.__wrap___aeabi_dcmple
                0x10002b50       0x10 CMakeFiles/RobotTemplate.dir/mnt/c/Users/gyoe4/EECS149Proj/PololuCharacterization/pico-sdk/src/rp2_common/pico_double/double_aeabi_rp2040.S.o
                0x10002b50                __wrap___aeabi_dcmple
 .text.__wrap___aeabi_dcmpge
                0x10002b60       0x10 CMakeFiles/RobotTemplate.dir/mnt/c/Users/gyoe4/EECS149Proj/PololuCharacterization/pico-sdk/src/rp2_common/pico_double/double_aeabi_rp2040.S.o
                0x10002b60                __wrap___aeabi_dcmpge
 .text.__wrap___aeabi_dcmpgt
                0x10002b70        0xa CMakeFiles/RobotTemplate.dir/mnt/c/Users/gyoe4/EECS149Proj/PololuCharacterization/pico-sdk/src/rp2_common/pico_double/double_aeabi_rp2040.S.o
                0x10002b70                __wrap___aeabi_dcmpgt
 .text.__wrap___aeabi_dcmpun
                0x10002b7a       0x18 CMakeFiles/RobotTemplate.dir/mnt/c/Users/gyoe4/EECS149Proj/PololuCharacterization/pico-sdk/src/rp2_common/pico_double/double_aeabi_rp2040.S.o
                0x10002b7a                __wrap___aeabi_dcmpun
 *fill*         0x10002b92        0x2 
 .text.__wrap___aeabi_i2d
                0x10002b94       0x38 CMakeFiles/RobotTemplate.dir/mnt/c/Users/gyoe4/EECS149Proj/PololuCharacterization/pico-sdk/src/rp2_common/pico_double/double_aeabi_rp2040.S.o
                0x10002b94                __wrap___aeabi_ui2d
                0x10002b9c                __wrap___aeabi_i2d
 .text.__wrap___aeabi_d2iz
                0x10002bcc       0x48 CMakeFiles/RobotTemplate.dir/mnt/c/Users/gyoe4/EECS149Proj/PololuCharacterization/pico-sdk/src/rp2_common/pico_double/double_aeabi_rp2040.S.o
                0x10002bcc                __wrap___aeabi_d2iz
                0x10002bcc                double2int_z
 .text.__wrap___aeabi_d2uiz
                0x10002c14       0x18 CMakeFiles/RobotTemplate.dir/mnt/c/Users/gyoe4/EECS149Proj/PololuCharacterization/pico-sdk/src/rp2_common/pico_double/double_aeabi_rp2040.S.o
                0x10002c14                double2uint
                0x10002c14                __wrap___aeabi_d2uiz
 .text.__aeabi_double_init
                0x10002c2c       0xa4 CMakeFiles/RobotTemplate.dir/mnt/c/Users/gyoe4/EECS149Proj/PololuCharacterization/pico-sdk/src/rp2_common/pico_double/double_init_rom_rp2040.c.o
                0x10002c2c                __aeabi_double_init
 .text.double_table_shim_on_use_helper
                0x10002cd0       0x2c CMakeFiles/RobotTemplate.dir/mnt/c/Users/gyoe4/EECS149Proj/PololuCharacterization/pico-sdk/src/rp2_common/pico_double/double_v1_rom_shim_rp2040.S.o
                0x10002cd0                double_table_shim_on_use_helper
 .text.__wrap___aeabi_dsub
                0x10002cfc       0x10 CMakeFiles/RobotTemplate.dir/mnt/c/Users/gyoe4/EECS149Proj/PololuCharacterization/pico-sdk/src/rp2_common/pico_double/double_v1_rom_shim_rp2040.S.o
                0x10002cfc                drsub_shim
                0x10002d02                dsub_shim
 .text.dadd_shim
                0x10002d0c      0x15c CMakeFiles/RobotTemplate.dir/mnt/c/Users/gyoe4/EECS149Proj/PololuCharacterization/pico-sdk/src/rp2_common/pico_double/double_v1_rom_shim_rp2040.S.o
                0x10002d0c                dadd_shim
 .text.dmul_shim
                0x10002e68      0x15c CMakeFiles/RobotTemplate.dir/mnt/c/Users/gyoe4/EECS149Proj/PololuCharacterization/pico-sdk/src/rp2_common/pico_double/double_v1_rom_shim_rp2040.S.o
                0x10002e68                dmul_shim
 .text.ddiv_shim
                0x10002fc4      0x1b0 CMakeFiles/RobotTemplate.dir/mnt/c/Users/gyoe4/EECS149Proj/PololuCharacterization/pico-sdk/src/rp2_common/pico_double/double_v1_rom_shim_rp2040.S.o
                0x10002fc4                ddiv_shim
 .text.double2uint_shim
                0x10003174        0xe CMakeFiles/RobotTemplate.dir/mnt/c/Users/gyoe4/EECS149Proj/PololuCharacterization/pico-sdk/src/rp2_common/pico_double/double_v1_rom_shim_rp2040.S.o
                0x10003174                double2uint_shim
                0x10003176                double2ufix_shim
 *fill*         0x10003182        0x2 
 .text.double2uint64_shim
                0x10003184       0x70 CMakeFiles/RobotTemplate.dir/mnt/c/Users/gyoe4/EECS149Proj/PololuCharacterization/pico-sdk/src/rp2_common/pico_double/double_v1_rom_shim_rp2040.S.o
                0x10003184                double2uint64_shim
                0x10003186                double2ufix64_shim
                0x100031a6                d2fix_a
 .text.dunpacks
                0x100031f4       0x3c CMakeFiles/RobotTemplate.dir/mnt/c/Users/gyoe4/EECS149Proj/PololuCharacterization/pico-sdk/src/rp2_common/pico_double/double_v1_rom_shim_rp2040.S.o
                0x100031f4                dunpacks
 .text.__aeabi_lmul
                0x10003230       0x32 CMakeFiles/RobotTemplate.dir/mnt/c/Users/gyoe4/EECS149Proj/PololuCharacterization/pico-sdk/src/rp2_common/pico_int64_ops/pico_int64_ops_aeabi.S.o
                0x10003230                __wrap___aeabi_lmul
 *fill*         0x10003262        0x2 
 .text.__wrap___aeabi_farithmetic
                0x10003264       0x48 CMakeFiles/RobotTemplate.dir/mnt/c/Users/gyoe4/EECS149Proj/PololuCharacterization/pico-sdk/src/rp2_common/pico_float/float_aeabi_rp2040.S.o
                0x10003264                __wrap___aeabi_frsub
                0x1000326a                __wrap___aeabi_fsub
                0x10003270                __wrap___aeabi_fadd
                0x10003276                __wrap___aeabi_fdiv
                0x1000329e                __wrap___aeabi_fmul
 .text.__wrap___aeabi_cfcmple
                0x100032ac       0x50 CMakeFiles/RobotTemplate.dir/mnt/c/Users/gyoe4/EECS149Proj/PololuCharacterization/pico-sdk/src/rp2_common/pico_float/float_aeabi_rp2040.S.o
                0x100032ac                __wrap___aeabi_cfrcmple
                0x100032b8                __wrap___aeabi_cfcmpeq
                0x100032b8                __wrap___aeabi_cfcmple
 .text.__wrap___aeabi_fcmpge
                0x100032fc       0x10 CMakeFiles/RobotTemplate.dir/mnt/c/Users/gyoe4/EECS149Proj/PololuCharacterization/pico-sdk/src/rp2_common/pico_float/float_aeabi_rp2040.S.o
                0x100032fc                __wrap___aeabi_fcmpge
 .text.__wrap___aeabi_ui2f
                0x1000330c        0xa CMakeFiles/RobotTemplate.dir/mnt/c/Users/gyoe4/EECS149Proj/PololuCharacterization/pico-sdk/src/rp2_common/pico_float/float_aeabi_rp2040.S.o
                0x1000330c                uint2float
                0x1000330c                __wrap___aeabi_ui2f
 *fill*         0x10003316        0x2 
 .text.__wrap___aeabi_i2f
                0x10003318       0x44 CMakeFiles/RobotTemplate.dir/mnt/c/Users/gyoe4/EECS149Proj/PololuCharacterization/pico-sdk/src/rp2_common/pico_float/float_aeabi_rp2040.S.o
                0x10003318                int2float
                0x10003318                __wrap___aeabi_i2f
 .text.__aeabi_float_init
                0x1000335c       0x64 CMakeFiles/RobotTemplate.dir/mnt/c/Users/gyoe4/EECS149Proj/PololuCharacterization/pico-sdk/src/rp2_common/pico_float/float_init_rom_rp2040.c.o
                0x1000335c                __aeabi_float_init
 .text.float_table_shim_on_use_helper
                0x100033c0       0x2c CMakeFiles/RobotTemplate.dir/mnt/c/Users/gyoe4/EECS149Proj/PololuCharacterization/pico-sdk/src/rp2_common/pico_float/float_v1_rom_shim_rp2040.S.o
                0x100033c0                float_table_shim_on_use_helper
 .text.__wrap_malloc
                0x100033ec       0x3c CMakeFiles/RobotTemplate.dir/mnt/c/Users/gyoe4/EECS149Proj/PololuCharacterization/pico-sdk/src/rp2_common/pico_malloc/malloc.c.o
                0x100033ec                __wrap_malloc
 .text.__wrap_calloc
                0x10003428       0x44 CMakeFiles/RobotTemplate.dir/mnt/c/Users/gyoe4/EECS149Proj/PololuCharacterization/pico-sdk/src/rp2_common/pico_malloc/malloc.c.o
                0x10003428                __wrap_calloc
 .text.__wrap_realloc
                0x1000346c       0x40 CMakeFiles/RobotTemplate.dir/mnt/c/Users/gyoe4/EECS149Proj/PololuCharacterization/pico-sdk/src/rp2_common/pico_malloc/malloc.c.o
                0x1000346c                __wrap_realloc
 .text.__wrap_free
                0x100034ac       0x20 CMakeFiles/RobotTemplate.dir/mnt/c/Users/gyoe4/EECS149Proj/PololuCharacterization/pico-sdk/src/rp2_common/pico_malloc/malloc.c.o
                0x100034ac                __wrap_free
 .text          0x100034cc       0x10 CMakeFiles/RobotTemplate.dir/mnt/c/Users/gyoe4/EECS149Proj/PololuCharacterization/pico-sdk/src/rp2_common/pico_mem_ops/mem_ops_aeabi.S.o
                0x100034cc                __aeabi_mem_init
 .text.memset   0x100034dc        0xc CMakeFiles/RobotTemplate.dir/mnt/c/Users/gyoe4/EECS149Proj/PololuCharacterization/pico-sdk/src/rp2_common/pico_mem_ops/mem_ops_aeabi.S.o
                0x100034dc                __wrap_memset
 .text.memcpy   0x100034e8        0xc CMakeFiles/RobotTemplate.dir/mnt/c/Users/gyoe4/EECS149Proj/PololuCharacterization/pico-sdk/src/rp2_common/pico_mem_ops/mem_ops_aeabi.S.o
                0x100034e8                __wrap___aeabi_memcpy
                0x100034e8                __wrap_memcpy
 .text._out_buffer
                0x100034f4        0x8 CMakeFiles/RobotTemplate.dir/mnt/c/Users/gyoe4/EECS149Proj/PololuCharacterization/pico-sdk/src/rp2_common/pico_printf/printf.c.o
 .text._out_null
                0x100034fc        0x4 CMakeFiles/RobotTemplate.dir/mnt/c/Users/gyoe4/EECS149Proj/PololuCharacterization/pico-sdk/src/rp2_common/pico_printf/printf.c.o
 .text._out_rev
                0x10003500       0xac CMakeFiles/RobotTemplate.dir/mnt/c/Users/gyoe4/EECS149Proj/PololuCharacterization/pico-sdk/src/rp2_common/pico_printf/printf.c.o
 .text._ntoa_format
                0x100035ac      0x250 CMakeFiles/RobotTemplate.dir/mnt/c/Users/gyoe4/EECS149Proj/PololuCharacterization/pico-sdk/src/rp2_common/pico_printf/printf.c.o
 .text._out_char
                0x100037fc       0x10 CMakeFiles/RobotTemplate.dir/mnt/c/Users/gyoe4/EECS149Proj/PololuCharacterization/pico-sdk/src/rp2_common/pico_printf/printf.c.o
 .text._out_fct
                0x1000380c       0x10 CMakeFiles/RobotTemplate.dir/mnt/c/Users/gyoe4/EECS149Proj/PololuCharacterization/pico-sdk/src/rp2_common/pico_printf/printf.c.o
 .text._etoa    0x1000381c      0x464 CMakeFiles/RobotTemplate.dir/mnt/c/Users/gyoe4/EECS149Proj/PololuCharacterization/pico-sdk/src/rp2_common/pico_printf/printf.c.o
 .text._ftoa    0x10003c80      0x3c0 CMakeFiles/RobotTemplate.dir/mnt/c/Users/gyoe4/EECS149Proj/PololuCharacterization/pico-sdk/src/rp2_common/pico_printf/printf.c.o
 .text._vsnprintf
                0x10004040      0xbc8 CMakeFiles/RobotTemplate.dir/mnt/c/Users/gyoe4/EECS149Proj/PololuCharacterization/pico-sdk/src/rp2_common/pico_printf/printf.c.o
 .text.__wrap_snprintf
                0x10004c08       0x28 CMakeFiles/RobotTemplate.dir/mnt/c/Users/gyoe4/EECS149Proj/PololuCharacterization/pico-sdk/src/rp2_common/pico_printf/printf.c.o
                0x10004c08                __wrap_snprintf
 .text.vfctprintf
                0x10004c30       0x20 CMakeFiles/RobotTemplate.dir/mnt/c/Users/gyoe4/EECS149Proj/PololuCharacterization/pico-sdk/src/rp2_common/pico_printf/printf.c.o
                0x10004c30                vfctprintf
 .text.weak_raw_printf
                0x10004c50       0x40 CMakeFiles/RobotTemplate.dir/mnt/c/Users/gyoe4/EECS149Proj/PololuCharacterization/pico-sdk/src/rp2_common/pico_printf/printf.c.o
                0x10004c50                weak_raw_printf
 .text.weak_raw_vprintf
                0x10004c90       0x30 CMakeFiles/RobotTemplate.dir/mnt/c/Users/gyoe4/EECS149Proj/PololuCharacterization/pico-sdk/src/rp2_common/pico_printf/printf.c.o
                0x10004c90                weak_raw_vprintf
 .text._exit    0x10004cc0        0x4 CMakeFiles/RobotTemplate.dir/mnt/c/Users/gyoe4/EECS149Proj/PololuCharacterization/pico-sdk/src/rp2_common/pico_clib_interface/newlib_interface.c.o
                0x10004cc0                _exit
 .text._sbrk    0x10004cc4       0x34 CMakeFiles/RobotTemplate.dir/mnt/c/Users/gyoe4/EECS149Proj/PololuCharacterization/pico-sdk/src/rp2_common/pico_clib_interface/newlib_interface.c.o
                0x10004cc4                _sbrk
 .text._read    0x10004cf8       0x24 CMakeFiles/RobotTemplate.dir/mnt/c/Users/gyoe4/EECS149Proj/PololuCharacterization/pico-sdk/src/rp2_common/pico_clib_interface/newlib_interface.c.o
                0x10004cf8                _read
 .text._write   0x10004d1c       0x24 CMakeFiles/RobotTemplate.dir/mnt/c/Users/gyoe4/EECS149Proj/PololuCharacterization/pico-sdk/src/rp2_common/pico_clib_interface/newlib_interface.c.o
                0x10004d1c                _write
 .text._close   0x10004d40        0x8 CMakeFiles/RobotTemplate.dir/mnt/c/Users/gyoe4/EECS149Proj/PololuCharacterization/pico-sdk/src/rp2_common/pico_clib_interface/newlib_interface.c.o
                0x10004d40                _close
 .text._lseek   0x10004d48        0x8 CMakeFiles/RobotTemplate.dir/mnt/c/Users/gyoe4/EECS149Proj/PololuCharacterization/pico-sdk/src/rp2_common/pico_clib_interface/newlib_interface.c.o
                0x10004d48                _lseek
 .text._fstat   0x10004d50        0x8 CMakeFiles/RobotTemplate.dir/mnt/c/Users/gyoe4/EECS149Proj/PololuCharacterization/pico-sdk/src/rp2_common/pico_clib_interface/newlib_interface.c.o
                0x10004d50                _fstat
 .text._isatty  0x10004d58        0xc CMakeFiles/RobotTemplate.dir/mnt/c/Users/gyoe4/EECS149Proj/PololuCharacterization/pico-sdk/src/rp2_common/pico_clib_interface/newlib_interface.c.o
                0x10004d58                _isatty
 .text.exit     0x10004d64        0x8 CMakeFiles/RobotTemplate.dir/mnt/c/Users/gyoe4/EECS149Proj/PololuCharacterization/pico-sdk/src/rp2_common/pico_clib_interface/newlib_interface.c.o
                0x10004d64                exit
 .text.__assert_func
                0x10004d6c       0x38 CMakeFiles/RobotTemplate.dir/mnt/c/Users/gyoe4/EECS149Proj/PololuCharacterization/pico-sdk/src/rp2_common/pico_clib_interface/newlib_interface.c.o
                0x10004d6c                __assert_func
 .text.runtime_init
                0x10004da4       0x2c CMakeFiles/RobotTemplate.dir/mnt/c/Users/gyoe4/EECS149Proj/PololuCharacterization/pico-sdk/src/rp2_common/pico_clib_interface/newlib_interface.c.o
                0x10004da4                runtime_init
 .text.stdio_out_chars_no_crlf
                0x10004dd0       0x10 CMakeFiles/RobotTemplate.dir/mnt/c/Users/gyoe4/EECS149Proj/PololuCharacterization/pico-sdk/src/rp2_common/pico_stdio/stdio.c.o
 .text.stdio_out_chars_crlf
                0x10004de0       0x94 CMakeFiles/RobotTemplate.dir/mnt/c/Users/gyoe4/EECS149Proj/PololuCharacterization/pico-sdk/src/rp2_common/pico_stdio/stdio.c.o
 .text.stdio_buffered_printer
                0x10004e74       0x64 CMakeFiles/RobotTemplate.dir/mnt/c/Users/gyoe4/EECS149Proj/PololuCharacterization/pico-sdk/src/rp2_common/pico_stdio/stdio.c.o
 .text.stdio_put_string
                0x10004ed8      0x100 CMakeFiles/RobotTemplate.dir/mnt/c/Users/gyoe4/EECS149Proj/PololuCharacterization/pico-sdk/src/rp2_common/pico_stdio/stdio.c.o
                0x10004ed8                stdio_put_string
 .text.stdio_get_until
                0x10004fd8       0x84 CMakeFiles/RobotTemplate.dir/mnt/c/Users/gyoe4/EECS149Proj/PololuCharacterization/pico-sdk/src/rp2_common/pico_stdio/stdio.c.o
                0x10004fd8                stdio_get_until
 .text.stdio_set_driver_enabled
                0x1000505c       0x30 CMakeFiles/RobotTemplate.dir/mnt/c/Users/gyoe4/EECS149Proj/PololuCharacterization/pico-sdk/src/rp2_common/pico_stdio/stdio.c.o
                0x1000505c                stdio_set_driver_enabled
 .text.stdio_init_all
                0x1000508c       0x10 CMakeFiles/RobotTemplate.dir/mnt/c/Users/gyoe4/EECS149Proj/PololuCharacterization/pico-sdk/src/rp2_common/pico_stdio/stdio.c.o
                0x1000508c                stdio_init_all
 .text.__wrap_putchar
                0x1000509c       0x98 CMakeFiles/RobotTemplate.dir/mnt/c/Users/gyoe4/EECS149Proj/PololuCharacterization/pico-sdk/src/rp2_common/pico_stdio/stdio.c.o
                0x1000509c                stdio_putchar
                0x1000509c                __wrap_putchar
 .text.__wrap_puts
                0x10005134       0x3c CMakeFiles/RobotTemplate.dir/mnt/c/Users/gyoe4/EECS149Proj/PololuCharacterization/pico-sdk/src/rp2_common/pico_stdio/stdio.c.o
                0x10005134                __wrap_puts
                0x10005134                stdio_puts
 .text.__wrap_vprintf
                0x10005170       0xd4 CMakeFiles/RobotTemplate.dir/mnt/c/Users/gyoe4/EECS149Proj/PololuCharacterization/pico-sdk/src/rp2_common/pico_stdio/stdio.c.o
                0x10005170                __wrap_vprintf
                0x10005170                stdio_vprintf
 .text.__wrap_printf
                0x10005244       0x18 CMakeFiles/RobotTemplate.dir/mnt/c/Users/gyoe4/EECS149Proj/PololuCharacterization/pico-sdk/src/rp2_common/pico_stdio/stdio.c.o
                0x10005244                stdio_printf
                0x10005244                __wrap_printf
 .text.stdio_uart_out_chars
                0x1000525c       0x4c CMakeFiles/RobotTemplate.dir/mnt/c/Users/gyoe4/EECS149Proj/PololuCharacterization/pico-sdk/src/rp2_common/pico_stdio_uart/stdio_uart.c.o
 .text.stdio_uart_in_chars
                0x100052a8       0x90 CMakeFiles/RobotTemplate.dir/mnt/c/Users/gyoe4/EECS149Proj/PololuCharacterization/pico-sdk/src/rp2_common/pico_stdio_uart/stdio_uart.c.o
                0x100052a8                stdio_uart_in_chars
 .text.on_uart_rx
                0x10005338       0x28 CMakeFiles/RobotTemplate.dir/mnt/c/Users/gyoe4/EECS149Proj/PololuCharacterization/pico-sdk/src/rp2_common/pico_stdio_uart/stdio_uart.c.o
 .text.stdio_uart_out_flush
                0x10005360       0x14 CMakeFiles/RobotTemplate.dir/mnt/c/Users/gyoe4/EECS149Proj/PololuCharacterization/pico-sdk/src/rp2_common/pico_stdio_uart/stdio_uart.c.o
 .text.stdio_uart_set_chars_available_callback
                0x10005374       0x84 CMakeFiles/RobotTemplate.dir/mnt/c/Users/gyoe4/EECS149Proj/PololuCharacterization/pico-sdk/src/rp2_common/pico_stdio_uart/stdio_uart.c.o
 .text.stdio_uart_init
                0x100053f8       0x50 CMakeFiles/RobotTemplate.dir/mnt/c/Users/gyoe4/EECS149Proj/PololuCharacterization/pico-sdk/src/rp2_common/pico_stdio_uart/stdio_uart.c.o
                0x100053f8                stdio_uart_init
 .text.resetd_init
                0x10005448        0x4 CMakeFiles/RobotTemplate.dir/mnt/c/Users/gyoe4/EECS149Proj/PololuCharacterization/pico-sdk/src/rp2_common/pico_stdio_usb/reset_interface.c.o
 .text.resetd_reset
                0x1000544c        0xc CMakeFiles/RobotTemplate.dir/mnt/c/Users/gyoe4/EECS149Proj/PololuCharacterization/pico-sdk/src/rp2_common/pico_stdio_usb/reset_interface.c.o
 .text.resetd_open
                0x10005458       0x28 CMakeFiles/RobotTemplate.dir/mnt/c/Users/gyoe4/EECS149Proj/PololuCharacterization/pico-sdk/src/rp2_common/pico_stdio_usb/reset_interface.c.o
 .text.resetd_xfer_cb
                0x10005480        0x4 CMakeFiles/RobotTemplate.dir/mnt/c/Users/gyoe4/EECS149Proj/PololuCharacterization/pico-sdk/src/rp2_common/pico_stdio_usb/reset_interface.c.o
 .text.resetd_control_xfer_cb
                0x10005484       0x5c CMakeFiles/RobotTemplate.dir/mnt/c/Users/gyoe4/EECS149Proj/PololuCharacterization/pico-sdk/src/rp2_common/pico_stdio_usb/reset_interface.c.o
 .text.tud_descriptor_bos_cb
                0x100054e0        0x8 CMakeFiles/RobotTemplate.dir/mnt/c/Users/gyoe4/EECS149Proj/PololuCharacterization/pico-sdk/src/rp2_common/pico_stdio_usb/reset_interface.c.o
                0x100054e0                tud_descriptor_bos_cb
 .text.tud_vendor_control_xfer_cb
                0x100054e8       0x34 CMakeFiles/RobotTemplate.dir/mnt/c/Users/gyoe4/EECS149Proj/PololuCharacterization/pico-sdk/src/rp2_common/pico_stdio_usb/reset_interface.c.o
                0x100054e8                tud_vendor_control_xfer_cb
 .text.usbd_app_driver_get_cb
                0x1000551c        0xc CMakeFiles/RobotTemplate.dir/mnt/c/Users/gyoe4/EECS149Proj/PololuCharacterization/pico-sdk/src/rp2_common/pico_stdio_usb/reset_interface.c.o
                0x1000551c                usbd_app_driver_get_cb
 .text.tud_cdc_line_coding_cb
                0x10005528       0x2c CMakeFiles/RobotTemplate.dir/mnt/c/Users/gyoe4/EECS149Proj/PololuCharacterization/pico-sdk/src/rp2_common/pico_stdio_usb/reset_interface.c.o
                0x10005528                tud_cdc_line_coding_cb
 .text.stdio_usb_set_chars_available_callback
                0x10005554       0x14 CMakeFiles/RobotTemplate.dir/mnt/c/Users/gyoe4/EECS149Proj/PololuCharacterization/pico-sdk/src/rp2_common/pico_stdio_usb/stdio_usb.c.o
                0x10005554                stdio_usb_set_chars_available_callback
 .text.usb_irq  0x10005568       0x10 CMakeFiles/RobotTemplate.dir/mnt/c/Users/gyoe4/EECS149Proj/PololuCharacterization/pico-sdk/src/rp2_common/pico_stdio_usb/stdio_usb.c.o
 .text.timer_task
                0x10005578       0x64 CMakeFiles/RobotTemplate.dir/mnt/c/Users/gyoe4/EECS149Proj/PololuCharacterization/pico-sdk/src/rp2_common/pico_stdio_usb/stdio_usb.c.o
 .text.stdio_usb_in_chars
                0x100055dc       0x90 CMakeFiles/RobotTemplate.dir/mnt/c/Users/gyoe4/EECS149Proj/PololuCharacterization/pico-sdk/src/rp2_common/pico_stdio_usb/stdio_usb.c.o
                0x100055dc                stdio_usb_in_chars
 .text.stdio_usb_out_flush
                0x1000566c       0x50 CMakeFiles/RobotTemplate.dir/mnt/c/Users/gyoe4/EECS149Proj/PololuCharacterization/pico-sdk/src/rp2_common/pico_stdio_usb/stdio_usb.c.o
 .text.stdio_usb_out_chars
                0x100056bc      0x104 CMakeFiles/RobotTemplate.dir/mnt/c/Users/gyoe4/EECS149Proj/PololuCharacterization/pico-sdk/src/rp2_common/pico_stdio_usb/stdio_usb.c.o
 .text.low_priority_worker_irq
                0x100057c0       0xcc CMakeFiles/RobotTemplate.dir/mnt/c/Users/gyoe4/EECS149Proj/PololuCharacterization/pico-sdk/src/rp2_common/pico_stdio_usb/stdio_usb.c.o
 .text.stdio_usb_init
                0x1000588c       0xe8 CMakeFiles/RobotTemplate.dir/mnt/c/Users/gyoe4/EECS149Proj/PololuCharacterization/pico-sdk/src/rp2_common/pico_stdio_usb/stdio_usb.c.o
                0x1000588c                stdio_usb_init
 .text.tud_descriptor_device_cb
                0x10005974        0x8 CMakeFiles/RobotTemplate.dir/mnt/c/Users/gyoe4/EECS149Proj/PololuCharacterization/pico-sdk/src/rp2_common/pico_stdio_usb/stdio_usb_descriptors.c.o
                0x10005974                tud_descriptor_device_cb
 .text.tud_descriptor_configuration_cb
                0x1000597c        0x8 CMakeFiles/RobotTemplate.dir/mnt/c/Users/gyoe4/EECS149Proj/PololuCharacterization/pico-sdk/src/rp2_common/pico_stdio_usb/stdio_usb_descriptors.c.o
                0x1000597c                tud_descriptor_configuration_cb
 .text.tud_descriptor_string_cb
                0x10005984       0x78 CMakeFiles/RobotTemplate.dir/mnt/c/Users/gyoe4/EECS149Proj/PololuCharacterization/pico-sdk/src/rp2_common/pico_stdio_usb/stdio_usb_descriptors.c.o
                0x10005984                tud_descriptor_string_cb
 .text.startup._retrieve_unique_id_on_boot
                0x100059fc       0x10 CMakeFiles/RobotTemplate.dir/mnt/c/Users/gyoe4/EECS149Proj/PololuCharacterization/pico-sdk/src/rp2_common/pico_unique_id/unique_id.c.o
 .text.pico_get_unique_board_id_string
                0x10005a0c      0x1a8 CMakeFiles/RobotTemplate.dir/mnt/c/Users/gyoe4/EECS149Proj/PololuCharacterization/pico-sdk/src/rp2_common/pico_unique_id/unique_id.c.o
                0x10005a0c                pico_get_unique_board_id_string
 .text.flash_get_unique_id
                0x10005bb4       0x3c CMakeFiles/RobotTemplate.dir/mnt/c/Users/gyoe4/EECS149Proj/PololuCharacterization/pico-sdk/src/rp2_common/hardware_flash/flash.c.o
                0x10005bb4                flash_get_unique_id
 .text.dcd_init
                0x10005bf0       0x8c CMakeFiles/RobotTemplate.dir/mnt/c/Users/gyoe4/EECS149Proj/PololuCharacterization/pico-sdk/lib/tinyusb/src/portable/raspberrypi/rp2040/dcd_rp2040.c.o
                0x10005bf0                dcd_init
 .text.dcd_int_enable
                0x10005c7c        0xc CMakeFiles/RobotTemplate.dir/mnt/c/Users/gyoe4/EECS149Proj/PololuCharacterization/pico-sdk/lib/tinyusb/src/portable/raspberrypi/rp2040/dcd_rp2040.c.o
                0x10005c7c                dcd_int_enable
 .text.dcd_set_address
                0x10005c88       0x14 CMakeFiles/RobotTemplate.dir/mnt/c/Users/gyoe4/EECS149Proj/PololuCharacterization/pico-sdk/lib/tinyusb/src/portable/raspberrypi/rp2040/dcd_rp2040.c.o
                0x10005c88                dcd_set_address
 .text.dcd_sof_enable
                0x10005c9c       0x1c CMakeFiles/RobotTemplate.dir/mnt/c/Users/gyoe4/EECS149Proj/PololuCharacterization/pico-sdk/lib/tinyusb/src/portable/raspberrypi/rp2040/dcd_rp2040.c.o
                0x10005c9c                dcd_sof_enable
 .text.dcd_edpt0_status_complete
                0x10005cb8       0x1c CMakeFiles/RobotTemplate.dir/mnt/c/Users/gyoe4/EECS149Proj/PololuCharacterization/pico-sdk/lib/tinyusb/src/portable/raspberrypi/rp2040/dcd_rp2040.c.o
                0x10005cb8                dcd_edpt0_status_complete
 .text.dcd_edpt_open
                0x10005cd4      0x108 CMakeFiles/RobotTemplate.dir/mnt/c/Users/gyoe4/EECS149Proj/PololuCharacterization/pico-sdk/lib/tinyusb/src/portable/raspberrypi/rp2040/dcd_rp2040.c.o
                0x10005cd4                dcd_edpt_open
 .text.dcd_edpt_close_all
                0x10005ddc        0x8 CMakeFiles/RobotTemplate.dir/mnt/c/Users/gyoe4/EECS149Proj/PololuCharacterization/pico-sdk/lib/tinyusb/src/portable/raspberrypi/rp2040/dcd_rp2040.c.o
                0x10005ddc                dcd_edpt_close_all
 .text.dcd_edpt_xfer
                0x10005de4       0x24 CMakeFiles/RobotTemplate.dir/mnt/c/Users/gyoe4/EECS149Proj/PololuCharacterization/pico-sdk/lib/tinyusb/src/portable/raspberrypi/rp2040/dcd_rp2040.c.o
                0x10005de4                dcd_edpt_xfer
 .text.dcd_edpt_stall
                0x10005e08       0x34 CMakeFiles/RobotTemplate.dir/mnt/c/Users/gyoe4/EECS149Proj/PololuCharacterization/pico-sdk/lib/tinyusb/src/portable/raspberrypi/rp2040/dcd_rp2040.c.o
                0x10005e08                dcd_edpt_stall
 .text.dcd_edpt_clear_stall
                0x10005e3c       0x30 CMakeFiles/RobotTemplate.dir/mnt/c/Users/gyoe4/EECS149Proj/PololuCharacterization/pico-sdk/lib/tinyusb/src/portable/raspberrypi/rp2040/dcd_rp2040.c.o
                0x10005e3c                dcd_edpt_clear_stall
 .text.rp2040_usb_init
                0x10005e6c       0x40 CMakeFiles/RobotTemplate.dir/mnt/c/Users/gyoe4/EECS149Proj/PololuCharacterization/pico-sdk/lib/tinyusb/src/portable/raspberrypi/rp2040/rp2040_usb.c.o
                0x10005e6c                rp2040_usb_init
 .text.hw_endpoint_xfer_start
                0x10005eac       0x40 CMakeFiles/RobotTemplate.dir/mnt/c/Users/gyoe4/EECS149Proj/PololuCharacterization/pico-sdk/lib/tinyusb/src/portable/raspberrypi/rp2040/rp2040_usb.c.o
                0x10005eac                hw_endpoint_xfer_start
 .text.tud_event_hook_cb
                0x10005eec        0x4 CMakeFiles/RobotTemplate.dir/mnt/c/Users/gyoe4/EECS149Proj/PololuCharacterization/pico-sdk/lib/tinyusb/src/device/usbd.c.o
                0x10005eec                tud_event_hook_cb
 .text.tud_sof_cb
                0x10005ef0        0x4 CMakeFiles/RobotTemplate.dir/mnt/c/Users/gyoe4/EECS149Proj/PololuCharacterization/pico-sdk/lib/tinyusb/src/device/usbd.c.o
                0x10005ef0                tud_sof_cb
 .text.tud_descriptor_device_qualifier_cb
                0x10005ef4        0x4 CMakeFiles/RobotTemplate.dir/mnt/c/Users/gyoe4/EECS149Proj/PololuCharacterization/pico-sdk/lib/tinyusb/src/device/usbd.c.o
                0x10005ef4                tud_descriptor_device_qualifier_cb
 .text.tud_descriptor_other_speed_configuration_cb
                0x10005ef8        0x4 CMakeFiles/RobotTemplate.dir/mnt/c/Users/gyoe4/EECS149Proj/PololuCharacterization/pico-sdk/lib/tinyusb/src/device/usbd.c.o
                0x10005ef8                tud_descriptor_other_speed_configuration_cb
 .text.tud_mount_cb
                0x10005efc        0x4 CMakeFiles/RobotTemplate.dir/mnt/c/Users/gyoe4/EECS149Proj/PololuCharacterization/pico-sdk/lib/tinyusb/src/device/usbd.c.o
                0x10005efc                tud_mount_cb
 .text.tud_umount_cb
                0x10005f00        0x4 CMakeFiles/RobotTemplate.dir/mnt/c/Users/gyoe4/EECS149Proj/PololuCharacterization/pico-sdk/lib/tinyusb/src/device/usbd.c.o
                0x10005f00                tud_umount_cb
 .text.tud_suspend_cb
                0x10005f04        0x4 CMakeFiles/RobotTemplate.dir/mnt/c/Users/gyoe4/EECS149Proj/PololuCharacterization/pico-sdk/lib/tinyusb/src/device/usbd.c.o
                0x10005f04                tud_suspend_cb
 .text.tud_resume_cb
                0x10005f08        0x4 CMakeFiles/RobotTemplate.dir/mnt/c/Users/gyoe4/EECS149Proj/PololuCharacterization/pico-sdk/lib/tinyusb/src/device/usbd.c.o
                0x10005f08                tud_resume_cb
 .text.tud_mounted
                0x10005f0c       0x10 CMakeFiles/RobotTemplate.dir/mnt/c/Users/gyoe4/EECS149Proj/PololuCharacterization/pico-sdk/lib/tinyusb/src/device/usbd.c.o
                0x10005f0c                tud_mounted
 .text.tud_suspended
                0x10005f1c       0x10 CMakeFiles/RobotTemplate.dir/mnt/c/Users/gyoe4/EECS149Proj/PololuCharacterization/pico-sdk/lib/tinyusb/src/device/usbd.c.o
                0x10005f1c                tud_suspended
 .text.tud_init
                0x10005f2c       0xe4 CMakeFiles/RobotTemplate.dir/mnt/c/Users/gyoe4/EECS149Proj/PololuCharacterization/pico-sdk/lib/tinyusb/src/device/usbd.c.o
                0x10005f2c                tud_init
 .text.tud_task_ext
                0x10006010      0x800 CMakeFiles/RobotTemplate.dir/mnt/c/Users/gyoe4/EECS149Proj/PololuCharacterization/pico-sdk/lib/tinyusb/src/device/usbd.c.o
                0x10006010                tud_task_ext
 .text.usbd_open_edpt_pair
                0x10006810       0x9c CMakeFiles/RobotTemplate.dir/mnt/c/Users/gyoe4/EECS149Proj/PololuCharacterization/pico-sdk/lib/tinyusb/src/device/usbd.c.o
                0x10006810                usbd_open_edpt_pair
 .text.usbd_edpt_open
                0x100068ac       0x34 CMakeFiles/RobotTemplate.dir/mnt/c/Users/gyoe4/EECS149Proj/PololuCharacterization/pico-sdk/lib/tinyusb/src/device/usbd.c.o
                0x100068ac                usbd_edpt_open
 .text.usbd_edpt_claim
                0x100068e0       0x28 CMakeFiles/RobotTemplate.dir/mnt/c/Users/gyoe4/EECS149Proj/PololuCharacterization/pico-sdk/lib/tinyusb/src/device/usbd.c.o
                0x100068e0                usbd_edpt_claim
 .text.usbd_edpt_release
                0x10006908       0x28 CMakeFiles/RobotTemplate.dir/mnt/c/Users/gyoe4/EECS149Proj/PololuCharacterization/pico-sdk/lib/tinyusb/src/device/usbd.c.o
                0x10006908                usbd_edpt_release
 .text.usbd_edpt_xfer
                0x10006930       0x4c CMakeFiles/RobotTemplate.dir/mnt/c/Users/gyoe4/EECS149Proj/PololuCharacterization/pico-sdk/lib/tinyusb/src/device/usbd.c.o
                0x10006930                usbd_edpt_xfer
 .text.tud_control_status
                0x1000697c       0x2c CMakeFiles/RobotTemplate.dir/mnt/c/Users/gyoe4/EECS149Proj/PololuCharacterization/pico-sdk/lib/tinyusb/src/device/usbd_control.c.o
                0x1000697c                tud_control_status
 .text.tud_control_xfer
                0x100069a8       0xac CMakeFiles/RobotTemplate.dir/mnt/c/Users/gyoe4/EECS149Proj/PololuCharacterization/pico-sdk/lib/tinyusb/src/device/usbd_control.c.o
                0x100069a8                tud_control_xfer
 .text.usbd_control_reset
                0x10006a54       0x14 CMakeFiles/RobotTemplate.dir/mnt/c/Users/gyoe4/EECS149Proj/PololuCharacterization/pico-sdk/lib/tinyusb/src/device/usbd_control.c.o
                0x10006a54                usbd_control_reset
 .text.usbd_control_set_complete_callback
                0x10006a68        0xc CMakeFiles/RobotTemplate.dir/mnt/c/Users/gyoe4/EECS149Proj/PololuCharacterization/pico-sdk/lib/tinyusb/src/device/usbd_control.c.o
                0x10006a68                usbd_control_set_complete_callback
 .text.usbd_control_set_request
                0x10006a74       0x1c CMakeFiles/RobotTemplate.dir/mnt/c/Users/gyoe4/EECS149Proj/PololuCharacterization/pico-sdk/lib/tinyusb/src/device/usbd_control.c.o
                0x10006a74                usbd_control_set_request
 .text.usbd_control_xfer_cb
                0x10006a90       0xec CMakeFiles/RobotTemplate.dir/mnt/c/Users/gyoe4/EECS149Proj/PololuCharacterization/pico-sdk/lib/tinyusb/src/device/usbd_control.c.o
                0x10006a90                usbd_control_xfer_cb
 .text._prep_out_transaction.isra.0
                0x10006b7c       0x5c CMakeFiles/RobotTemplate.dir/mnt/c/Users/gyoe4/EECS149Proj/PololuCharacterization/pico-sdk/lib/tinyusb/src/class/cdc/cdc_device.c.o
 .text.tud_cdc_n_connected
                0x10006bd8       0x30 CMakeFiles/RobotTemplate.dir/mnt/c/Users/gyoe4/EECS149Proj/PololuCharacterization/pico-sdk/lib/tinyusb/src/class/cdc/cdc_device.c.o
                0x10006bd8                tud_cdc_n_connected
 .text.tud_cdc_n_available
                0x10006c08       0x18 CMakeFiles/RobotTemplate.dir/mnt/c/Users/gyoe4/EECS149Proj/PololuCharacterization/pico-sdk/lib/tinyusb/src/class/cdc/cdc_device.c.o
                0x10006c08                tud_cdc_n_available
 .text.tud_cdc_n_read
                0x10006c20       0x98 CMakeFiles/RobotTemplate.dir/mnt/c/Users/gyoe4/EECS149Proj/PololuCharacterization/pico-sdk/lib/tinyusb/src/class/cdc/cdc_device.c.o
                0x10006c20                tud_cdc_n_read
 .text.tud_cdc_n_write_flush
                0x10006cb8       0x78 CMakeFiles/RobotTemplate.dir/mnt/c/Users/gyoe4/EECS149Proj/PololuCharacterization/pico-sdk/lib/tinyusb/src/class/cdc/cdc_device.c.o
                0x10006cb8                tud_cdc_n_write_flush
 .text.tud_cdc_n_write
                0x10006d30       0x40 CMakeFiles/RobotTemplate.dir/mnt/c/Users/gyoe4/EECS149Proj/PololuCharacterization/pico-sdk/lib/tinyusb/src/class/cdc/cdc_device.c.o
                0x10006d30                tud_cdc_n_write
 .text.tud_cdc_n_write_available
                0x10006d70       0x18 CMakeFiles/RobotTemplate.dir/mnt/c/Users/gyoe4/EECS149Proj/PololuCharacterization/pico-sdk/lib/tinyusb/src/class/cdc/cdc_device.c.o
                0x10006d70                tud_cdc_n_write_available
 .text.cdcd_init
                0x10006d88       0x7c CMakeFiles/RobotTemplate.dir/mnt/c/Users/gyoe4/EECS149Proj/PololuCharacterization/pico-sdk/lib/tinyusb/src/class/cdc/cdc_device.c.o
                0x10006d88                cdcd_init
 .text.cdcd_deinit
                0x10006e04       0x34 CMakeFiles/RobotTemplate.dir/mnt/c/Users/gyoe4/EECS149Proj/PololuCharacterization/pico-sdk/lib/tinyusb/src/class/cdc/cdc_device.c.o
                0x10006e04                cdcd_deinit
 .text.cdcd_reset
                0x10006e38       0x4c CMakeFiles/RobotTemplate.dir/mnt/c/Users/gyoe4/EECS149Proj/PololuCharacterization/pico-sdk/lib/tinyusb/src/class/cdc/cdc_device.c.o
                0x10006e38                cdcd_reset
 .text.cdcd_open
                0x10006e84       0xb0 CMakeFiles/RobotTemplate.dir/mnt/c/Users/gyoe4/EECS149Proj/PololuCharacterization/pico-sdk/lib/tinyusb/src/class/cdc/cdc_device.c.o
                0x10006e84                cdcd_open
 .text.cdcd_control_xfer_cb
                0x10006f34       0xe4 CMakeFiles/RobotTemplate.dir/mnt/c/Users/gyoe4/EECS149Proj/PololuCharacterization/pico-sdk/lib/tinyusb/src/class/cdc/cdc_device.c.o
                0x10006f34                cdcd_control_xfer_cb
 .text.cdcd_xfer_cb
                0x10007018      0x100 CMakeFiles/RobotTemplate.dir/mnt/c/Users/gyoe4/EECS149Proj/PololuCharacterization/pico-sdk/lib/tinyusb/src/class/cdc/cdc_device.c.o
                0x10007018                cdcd_xfer_cb
 .text.vendord_init
                0x10007118       0x5c CMakeFiles/RobotTemplate.dir/mnt/c/Users/gyoe4/EECS149Proj/PololuCharacterization/pico-sdk/lib/tinyusb/src/class/vendor/vendor_device.c.o
                0x10007118                vendord_init
 .text.vendord_deinit
                0x10007174       0x1c CMakeFiles/RobotTemplate.dir/mnt/c/Users/gyoe4/EECS149Proj/PololuCharacterization/pico-sdk/lib/tinyusb/src/class/vendor/vendor_device.c.o
                0x10007174                vendord_deinit
 .text.vendord_reset
                0x10007190       0x20 CMakeFiles/RobotTemplate.dir/mnt/c/Users/gyoe4/EECS149Proj/PololuCharacterization/pico-sdk/lib/tinyusb/src/class/vendor/vendor_device.c.o
                0x10007190                vendord_reset
 .text.vendord_open
                0x100071b0      0x138 CMakeFiles/RobotTemplate.dir/mnt/c/Users/gyoe4/EECS149Proj/PololuCharacterization/pico-sdk/lib/tinyusb/src/class/vendor/vendor_device.c.o
                0x100071b0                vendord_open
 .text.vendord_xfer_cb
                0x100072e8       0x9c CMakeFiles/RobotTemplate.dir/mnt/c/Users/gyoe4/EECS149Proj/PololuCharacterization/pico-sdk/lib/tinyusb/src/class/vendor/vendor_device.c.o
                0x100072e8                vendord_xfer_cb
 .text.tusb_init
                0x10007384        0xc CMakeFiles/RobotTemplate.dir/mnt/c/Users/gyoe4/EECS149Proj/PololuCharacterization/pico-sdk/lib/tinyusb/src/tusb.c.o
                0x10007384                tusb_init
 .text.tu_edpt_claim
                0x10007390       0x50 CMakeFiles/RobotTemplate.dir/mnt/c/Users/gyoe4/EECS149Proj/PololuCharacterization/pico-sdk/lib/tinyusb/src/tusb.c.o
                0x10007390                tu_edpt_claim
 .text.tu_edpt_release
                0x100073e0       0x38 CMakeFiles/RobotTemplate.dir/mnt/c/Users/gyoe4/EECS149Proj/PololuCharacterization/pico-sdk/lib/tinyusb/src/tusb.c.o
                0x100073e0                tu_edpt_release
 .text.tu_edpt_validate
                0x10007418       0x7c CMakeFiles/RobotTemplate.dir/mnt/c/Users/gyoe4/EECS149Proj/PololuCharacterization/pico-sdk/lib/tinyusb/src/tusb.c.o
                0x10007418                tu_edpt_validate
 .text.tu_edpt_bind_driver
                0x10007494       0x34 CMakeFiles/RobotTemplate.dir/mnt/c/Users/gyoe4/EECS149Proj/PololuCharacterization/pico-sdk/lib/tinyusb/src/tusb.c.o
                0x10007494                tu_edpt_bind_driver
 .text.tu_edpt_stream_init
                0x100074c8       0x6c CMakeFiles/RobotTemplate.dir/mnt/c/Users/gyoe4/EECS149Proj/PololuCharacterization/pico-sdk/lib/tinyusb/src/tusb.c.o
                0x100074c8                tu_edpt_stream_init
 .text.tu_edpt_stream_deinit
                0x10007534        0x4 CMakeFiles/RobotTemplate.dir/mnt/c/Users/gyoe4/EECS149Proj/PololuCharacterization/pico-sdk/lib/tinyusb/src/tusb.c.o
                0x10007534                tu_edpt_stream_deinit
 .text.tu_edpt_stream_write_zlp_if_needed
                0x10007538       0x68 CMakeFiles/RobotTemplate.dir/mnt/c/Users/gyoe4/EECS149Proj/PololuCharacterization/pico-sdk/lib/tinyusb/src/tusb.c.o
                0x10007538                tu_edpt_stream_write_zlp_if_needed
 .text.tu_edpt_stream_write_xfer
                0x100075a0       0x64 CMakeFiles/RobotTemplate.dir/mnt/c/Users/gyoe4/EECS149Proj/PololuCharacterization/pico-sdk/lib/tinyusb/src/tusb.c.o
                0x100075a0                tu_edpt_stream_write_xfer
 .text.tu_edpt_stream_read_xfer
                0x10007604       0xdc CMakeFiles/RobotTemplate.dir/mnt/c/Users/gyoe4/EECS149Proj/PololuCharacterization/pico-sdk/lib/tinyusb/src/tusb.c.o
                0x10007604                tu_edpt_stream_read_xfer
 .text.tu_fifo_config
                0x100076e0       0x6c CMakeFiles/RobotTemplate.dir/mnt/c/Users/gyoe4/EECS149Proj/PololuCharacterization/pico-sdk/lib/tinyusb/src/common/tusb_fifo.c.o
                0x100076e0                tu_fifo_config
 .text.tu_fifo_count
                0x1000774c       0x2c CMakeFiles/RobotTemplate.dir/mnt/c/Users/gyoe4/EECS149Proj/PololuCharacterization/pico-sdk/lib/tinyusb/src/common/tusb_fifo.c.o
                0x1000774c                tu_fifo_count
 .text.tu_fifo_empty
                0x10007778       0x10 CMakeFiles/RobotTemplate.dir/mnt/c/Users/gyoe4/EECS149Proj/PololuCharacterization/pico-sdk/lib/tinyusb/src/common/tusb_fifo.c.o
                0x10007778                tu_fifo_empty
 .text.tu_fifo_remaining
                0x10007788       0x2c CMakeFiles/RobotTemplate.dir/mnt/c/Users/gyoe4/EECS149Proj/PololuCharacterization/pico-sdk/lib/tinyusb/src/common/tusb_fifo.c.o
                0x10007788                tu_fifo_remaining
 .text.tu_fifo_read
                0x100077b4       0x9c CMakeFiles/RobotTemplate.dir/mnt/c/Users/gyoe4/EECS149Proj/PololuCharacterization/pico-sdk/lib/tinyusb/src/common/tusb_fifo.c.o
                0x100077b4                tu_fifo_read
 .text.tu_fifo_read_n
                0x10007850       0xe8 CMakeFiles/RobotTemplate.dir/mnt/c/Users/gyoe4/EECS149Proj/PololuCharacterization/pico-sdk/lib/tinyusb/src/common/tusb_fifo.c.o
                0x10007850                tu_fifo_read_n
 .text.tu_fifo_write
                0x10007938       0xa8 CMakeFiles/RobotTemplate.dir/mnt/c/Users/gyoe4/EECS149Proj/PololuCharacterization/pico-sdk/lib/tinyusb/src/common/tusb_fifo.c.o
                0x10007938                tu_fifo_write
 .text.tu_fifo_write_n
                0x100079e0      0x178 CMakeFiles/RobotTemplate.dir/mnt/c/Users/gyoe4/EECS149Proj/PololuCharacterization/pico-sdk/lib/tinyusb/src/common/tusb_fifo.c.o
                0x100079e0                tu_fifo_write_n
 .text.tu_fifo_clear
                0x10007b58       0x40 CMakeFiles/RobotTemplate.dir/mnt/c/Users/gyoe4/EECS149Proj/PololuCharacterization/pico-sdk/lib/tinyusb/src/common/tusb_fifo.c.o
                0x10007b58                tu_fifo_clear
 .text.tu_fifo_set_overwritable
                0x10007b98       0x48 CMakeFiles/RobotTemplate.dir/mnt/c/Users/gyoe4/EECS149Proj/PololuCharacterization/pico-sdk/lib/tinyusb/src/common/tusb_fifo.c.o
                0x10007b98                tu_fifo_set_overwritable
 .text.spi_init
                0x10007be0      0x13c CMakeFiles/RobotTemplate.dir/mnt/c/Users/gyoe4/EECS149Proj/PololuCharacterization/pico-sdk/src/rp2_common/hardware_spi/spi.c.o
                0x10007be0                spi_init
 .text.lf_tag_compare
                0x10007d1c       0x38 core/libreactor-c.a(tag.c.o)
                0x10007d1c                lf_tag_compare
 .text.lf_delay_tag
                0x10007d54       0x9c core/libreactor-c.a(tag.c.o)
                0x10007d54                lf_delay_tag
 .text.lf_time_logical
                0x10007df0        0x8 core/libreactor-c.a(tag.c.o)
                0x10007df0                lf_time_logical
 .text.lf_time_logical_elapsed
                0x10007df8       0x14 core/libreactor-c.a(tag.c.o)
                0x10007df8                lf_time_logical_elapsed
 .text.lf_time_physical
                0x10007e0c       0x14 core/libreactor-c.a(tag.c.o)
                0x10007e0c                lf_time_physical
 .text.lf_time_physical_elapsed
                0x10007e20       0x20 core/libreactor-c.a(tag.c.o)
                0x10007e20                lf_time_physical_elapsed
 .text.lf_time_start
                0x10007e40        0xc core/libreactor-c.a(tag.c.o)
                0x10007e40                lf_time_start
 .text.lf_comma_separated_time
                0x10007e4c      0x274 core/libreactor-c.a(tag.c.o)
                0x10007e4c                lf_comma_separated_time
 .text.lf_clock_gettime
                0x100080c0       0x78 core/libreactor-c.a(clock.c.o)
                0x100080c0                lf_clock_gettime
 .text.lf_clock_interruptable_sleep_until_locked
                0x10008138        0x8 core/libreactor-c.a(clock.c.o)
                0x10008138                lf_clock_interruptable_sleep_until_locked
 .text.lf_allocate
                0x10008140       0x3c core/libreactor-c.a(reactor_common.c.o)
                0x10008140                lf_allocate
 .text.lf_new_reactor
                0x1000817c       0x40 core/libreactor-c.a(reactor_common.c.o)
                0x1000817c                lf_new_reactor
 .text.lf_set_stop_tag
                0x100081bc       0x3c core/libreactor-c.a(reactor_common.c.o)
                0x100081bc                lf_set_stop_tag
 .text._lf_start_time_step
                0x100081f8       0x70 core/libreactor-c.a(reactor_common.c.o)
                0x100081f8                _lf_start_time_step
 .text.lf_is_tag_after_stop_tag
                0x10008268       0x30 core/libreactor-c.a(reactor_common.c.o)
                0x10008268                lf_is_tag_after_stop_tag
 .text._lf_pop_events
                0x10008298      0x13c core/libreactor-c.a(reactor_common.c.o)
                0x10008298                _lf_pop_events
 .text.lf_get_new_event
                0x100083d4       0x28 core/libreactor-c.a(reactor_common.c.o)
                0x100083d4                lf_get_new_event
 .text._lf_initialize_timer
                0x100083fc      0x100 core/libreactor-c.a(reactor_common.c.o)
                0x100083fc                _lf_initialize_timer
 .text._lf_initialize_timers
                0x100084fc       0x74 core/libreactor-c.a(reactor_common.c.o)
                0x100084fc                _lf_initialize_timers
 .text._lf_trigger_startup_reactions
                0x10008570       0x58 core/libreactor-c.a(reactor_common.c.o)
                0x10008570                _lf_trigger_startup_reactions
 .text._lf_trigger_shutdown_reactions
                0x100085c8       0x48 core/libreactor-c.a(reactor_common.c.o)
                0x100085c8                _lf_trigger_shutdown_reactions
 .text.lf_recycle_event
                0x10008610       0x1c core/libreactor-c.a(reactor_common.c.o)
                0x10008610                lf_recycle_event
 .text._lf_create_dummy_events
                0x1000862c       0x4c core/libreactor-c.a(reactor_common.c.o)
                0x1000862c                _lf_create_dummy_events
 .text.lf_replace_token
                0x10008678       0x14 core/libreactor-c.a(reactor_common.c.o)
                0x10008678                lf_replace_token
 .text._lf_schedule_at_tag
                0x1000868c      0x19c core/libreactor-c.a(reactor_common.c.o)
                0x1000868c                _lf_schedule_at_tag
 .text._lf_advance_tag
                0x10008828       0x70 core/libreactor-c.a(reactor_common.c.o)
                0x10008828                _lf_advance_tag
 .text._lf_invoke_reaction
                0x10008898       0x14 core/libreactor-c.a(reactor_common.c.o)
                0x10008898                _lf_invoke_reaction
 .text.schedule_output_reactions
                0x100088ac      0x144 core/libreactor-c.a(reactor_common.c.o)
                0x100088ac                schedule_output_reactions
 .text.usage    0x100089f0       0xb0 core/libreactor-c.a(reactor_common.c.o)
                0x100089f0                usage
 .text.process_args
                0x10008aa0      0x3f0 core/libreactor-c.a(reactor_common.c.o)
                0x10008aa0                process_args
 .text.initialize_global
                0x10008e90        0x8 core/libreactor-c.a(reactor_common.c.o)
                0x10008e90                initialize_global
 .text.termination
                0x10008e98      0x238 core/libreactor-c.a(reactor_common.c.o)
                0x10008e98                termination
 .text.lf_combine_deadline_and_level
                0x100090d0       0x28 core/libreactor-c.a(reactor_common.c.o)
                0x100090d0                lf_combine_deadline_and_level
 .text._lf_free_token.part.0
                0x100090f8       0x84 core/libreactor-c.a(lf_token.c.o)
 .text._lf_new_token
                0x1000917c       0x80 core/libreactor-c.a(lf_token.c.o)
                0x1000917c                _lf_new_token
 .text._lf_initialize_token_with_value
                0x100091fc       0x58 core/libreactor-c.a(lf_token.c.o)
                0x100091fc                _lf_initialize_token_with_value
 .text._lf_free_all_tokens
                0x10009254       0xc0 core/libreactor-c.a(lf_token.c.o)
                0x10009254                _lf_free_all_tokens
 .text._lf_replace_template_token
                0x10009314       0x44 core/libreactor-c.a(lf_token.c.o)
                0x10009314                _lf_replace_template_token
 .text._lf_done_using
                0x10009358       0x30 core/libreactor-c.a(lf_token.c.o)
                0x10009358                _lf_done_using
 .text._lf_free_token_copies
                0x10009388       0x48 core/libreactor-c.a(lf_token.c.o)
                0x10009388                _lf_free_token_copies
 .text.event_matches
                0x100093d0        0xc core/libreactor-c.a(environment.c.o)
 .text.print_event
                0x100093dc        0x4 core/libreactor-c.a(environment.c.o)
 .text.environment_free
                0x100093e0       0x60 core/libreactor-c.a(environment.c.o)
                0x100093e0                environment_free
 .text.environment_init_tags
                0x10009440       0x58 core/libreactor-c.a(environment.c.o)
                0x10009440                environment_init_tags
 .text.environment_init
                0x10009498      0x188 core/libreactor-c.a(environment.c.o)
                0x10009498                environment_init
 .text.lf_set_present
                0x10009620       0x54 core/libreactor-c.a(reactor.c.o)
                0x10009620                lf_set_present
 .text._lf_trigger_reaction
                0x10009674       0x38 core/libreactor-c.a(reactor.c.o)
                0x10009674                _lf_trigger_reaction
 .text._lf_do_step
                0x100096ac       0xc0 core/libreactor-c.a(reactor.c.o)
                0x100096ac                _lf_do_step
 .text.next     0x1000976c      0x110 core/libreactor-c.a(reactor.c.o)
                0x1000976c                next
 .text.lf_reactor_c_main
                0x1000987c       0xec core/libreactor-c.a(reactor.c.o)
                0x1000987c                lf_reactor_c_main
 .text.lf_critical_section_enter
                0x10009968        0x8 core/libreactor-c.a(reactor.c.o)
                0x10009968                lf_critical_section_enter
 .text.lf_critical_section_exit
                0x10009970        0x8 core/libreactor-c.a(reactor.c.o)
                0x10009970                lf_critical_section_exit
 .text.vector_at
                0x10009978       0x4c core/libreactor-c.a(vector.c.o)
                0x10009978                vector_at
 .text.vector_size
                0x100099c4        0x8 core/libreactor-c.a(vector.c.o)
                0x100099c4                vector_size
 .text.percolate_down
                0x100099cc       0xdc core/libreactor-c.a(pqueue_base.c.o)
 .text.bubble_up.isra.0
                0x10009aa8       0x9c core/libreactor-c.a(pqueue_base.c.o)
 .text.find_equal_same_priority
                0x10009b44       0xc0 core/libreactor-c.a(pqueue_base.c.o)
                0x10009b44                find_equal_same_priority
 .text.pqueue_init
                0x10009c04       0x54 core/libreactor-c.a(pqueue_base.c.o)
                0x10009c04                pqueue_init
 .text.pqueue_free
                0x10009c58       0x14 core/libreactor-c.a(pqueue_base.c.o)
                0x10009c58                pqueue_free
 .text.pqueue_size
                0x10009c6c       0x10 core/libreactor-c.a(pqueue_base.c.o)
                0x10009c6c                pqueue_size
 .text.pqueue_find_equal_same_priority
                0x10009c7c        0xc core/libreactor-c.a(pqueue_base.c.o)
                0x10009c7c                pqueue_find_equal_same_priority
 .text.pqueue_insert
                0x10009c88       0x40 core/libreactor-c.a(pqueue_base.c.o)
                0x10009c88                pqueue_insert
 .text.pqueue_remove
                0x10009cc8       0x6c core/libreactor-c.a(pqueue_base.c.o)
                0x10009cc8                pqueue_remove
 .text.pqueue_pop
                0x10009d34       0x28 core/libreactor-c.a(pqueue_base.c.o)
                0x10009d34                pqueue_pop
 .text.pqueue_peek
                0x10009d5c       0x14 core/libreactor-c.a(pqueue_base.c.o)
                0x10009d5c                pqueue_peek
 .text.pqueue_tag_get_priority
                0x10009d70        0x4 core/libreactor-c.a(pqueue_tag.c.o)
 .text.pqueue_tag_get_position
                0x10009d74        0x4 core/libreactor-c.a(pqueue_tag.c.o)
 .text.pqueue_tag_set_position
                0x10009d78        0x4 core/libreactor-c.a(pqueue_tag.c.o)
 .text.pqueue_tag_compare
                0x10009d7c       0x1c core/libreactor-c.a(pqueue_tag.c.o)
                0x10009d7c                pqueue_tag_compare
 .text.pqueue_tag_init_customize
                0x10009d98       0x28 core/libreactor-c.a(pqueue_tag.c.o)
                0x10009d98                pqueue_tag_init_customize
 .text.pqueue_tag_free
                0x10009dc0       0x38 core/libreactor-c.a(pqueue_tag.c.o)
                0x10009dc0                pqueue_tag_free
 .text.pqueue_tag_size
                0x10009df8        0x8 core/libreactor-c.a(pqueue_tag.c.o)
                0x10009df8                pqueue_tag_size
 .text.pqueue_tag_insert
                0x10009e00        0x8 core/libreactor-c.a(pqueue_tag.c.o)
                0x10009e00                pqueue_tag_insert
 .text.pqueue_tag_find_equal_same_tag
                0x10009e08        0x8 core/libreactor-c.a(pqueue_tag.c.o)
                0x10009e08                pqueue_tag_find_equal_same_tag
 .text.pqueue_tag_peek
                0x10009e10        0x8 core/libreactor-c.a(pqueue_tag.c.o)
                0x10009e10                pqueue_tag_peek
 .text.pqueue_tag_pop
                0x10009e18        0x8 core/libreactor-c.a(pqueue_tag.c.o)
                0x10009e18                pqueue_tag_pop
 .text.pqueue_tag_remove
                0x10009e20        0x8 core/libreactor-c.a(pqueue_tag.c.o)
                0x10009e20                pqueue_tag_remove
 .text.in_reverse_order
                0x10009e28       0x2c core/libreactor-c.a(pqueue.c.o)
                0x10009e28                in_reverse_order
 .text.in_no_particular_order
                0x10009e54        0x4 core/libreactor-c.a(pqueue.c.o)
                0x10009e54                in_no_particular_order
 .text.reaction_matches
                0x10009e58        0x8 core/libreactor-c.a(pqueue.c.o)
                0x10009e58                reaction_matches
 .text.get_reaction_index
                0x10009e60        0x8 core/libreactor-c.a(pqueue.c.o)
                0x10009e60                get_reaction_index
 .text.get_reaction_position
                0x10009e68        0x4 core/libreactor-c.a(pqueue.c.o)
                0x10009e68                get_reaction_position
 .text.set_reaction_position
                0x10009e6c        0x4 core/libreactor-c.a(pqueue.c.o)
                0x10009e6c                set_reaction_position
 .text.print_reaction
                0x10009e70        0x4 core/libreactor-c.a(pqueue.c.o)
                0x10009e70                print_reaction
 .text._lf_message_print
                0x10009e74       0xfc core/libreactor-c.a(util.c.o)
                0x10009e74                _lf_message_print
 .text.lf_print_error
                0x10009f70       0xe0 core/libreactor-c.a(util.c.o)
                0x10009f70                lf_print_error
 .text.lf_print_warning
                0x1000a050       0xe0 core/libreactor-c.a(util.c.o)
                0x1000a050                lf_print_warning
 .text.lf_print_error_and_exit
                0x1000a130       0x2c core/libreactor-c.a(util.c.o)
                0x1000a130                lf_print_error_and_exit
 .text.hashset_num_items
                0x1000a15c        0x4 core/libreactor-c.a(hashset.c.o)
                0x1000a15c                hashset_num_items
 .text.hashset_destroy
                0x1000a160       0x18 core/libreactor-c.a(hashset.c.o)
                0x1000a160                hashset_destroy
 .text.hashset_create
                0x1000a178       0x40 core/libreactor-c.a(hashset.c.o)
                0x1000a178                hashset_create
 .text.hashset_add
                0x1000a1b8      0x180 core/libreactor-c.a(hashset.c.o)
                0x1000a1b8                hashset_add
 .text.hashset_remove
                0x1000a338       0x50 core/libreactor-c.a(hashset.c.o)
                0x1000a338                hashset_remove
 .text.hashset_iterator
                0x1000a388       0x1c core/libreactor-c.a(hashset_itr.c.o)
                0x1000a388                hashset_iterator
 .text.hashset_iterator_next
                0x1000a3a4       0x38 core/libreactor-c.a(hashset_itr.c.o)
                0x1000a3a4                hashset_iterator_next
 .text.hashset_iterator_value
                0x1000a3dc        0xc core/libreactor-c.a(hashset_itr.c.o)
                0x1000a3dc                hashset_iterator_value
 .text._lf_add_suspended_event
                0x1000a3e8       0x3c core/libreactor-c.a(modes.c.o)
                0x1000a3e8                _lf_add_suspended_event
 .text._lf_mode_is_active
                0x1000a424       0x10 core/libreactor-c.a(modes.c.o)
                0x1000a424                _lf_mode_is_active
 .text._lf_handle_mode_startup_reset_reactions
                0x1000a434      0x110 core/libreactor-c.a(modes.c.o)
                0x1000a434                _lf_handle_mode_startup_reset_reactions
 .text._lf_handle_mode_shutdown_reactions
                0x1000a544       0x5c core/libreactor-c.a(modes.c.o)
                0x1000a544                _lf_handle_mode_shutdown_reactions
 .text._lf_process_mode_changes
                0x1000a5a0      0x39c core/libreactor-c.a(modes.c.o)
                0x1000a5a0                _lf_process_mode_changes
 .text._lf_terminate_modal_reactors
                0x1000a93c       0x50 core/libreactor-c.a(modes.c.o)
                0x1000a93c                _lf_terminate_modal_reactors
 .text._lf_initialize_modes
                0x1000a98c       0x44 core/libreactor-c.a(modes.c.o)
                0x1000a98c                _lf_initialize_modes
 .text._lf_handle_mode_changes
                0x1000a9d0       0x28 core/libreactor-c.a(modes.c.o)
                0x1000a9d0                _lf_handle_mode_changes
 .text._lf_handle_mode_triggered_reactions
                0x1000a9f8       0x28 core/libreactor-c.a(modes.c.o)
                0x1000a9f8                _lf_handle_mode_triggered_reactions
 .text.color32_0
                0x1000aa20        0x8 robot/librobot.a(display.c.o)
                0x1000aa20                color32_0
 .text.color32_1
                0x1000aa28        0x8 robot/librobot.a(display.c.o)
                0x1000aa28                color32_1
 .text.color32_0_on_1
                0x1000aa30        0x8 robot/librobot.a(display.c.o)
                0x1000aa30                color32_0_on_1
 .text.color32_1_on_0
                0x1000aa38        0x4 robot/librobot.a(display.c.o)
                0x1000aa38                color32_1_on_0
 .text.color32_xor
                0x1000aa3c        0x8 robot/librobot.a(display.c.o)
                0x1000aa3c                color32_xor
 .text.color32_nop
                0x1000aa44        0x4 robot/librobot.a(display.c.o)
                0x1000aa44                color32_nop
 .text.color8_0
                0x1000aa48        0x8 robot/librobot.a(display.c.o)
                0x1000aa48                color8_0
 .text.color8_1
                0x1000aa50        0x8 robot/librobot.a(display.c.o)
                0x1000aa50                color8_1
 .text.color8_0_on_1
                0x1000aa58        0x8 robot/librobot.a(display.c.o)
                0x1000aa58                color8_0_on_1
 .text.color8_1_on_0
                0x1000aa60        0x4 robot/librobot.a(display.c.o)
                0x1000aa60                color8_1_on_0
 .text.color8_xor
                0x1000aa64        0x8 robot/librobot.a(display.c.o)
                0x1000aa64                color8_xor
 .text.color8_nop
                0x1000aa6c        0x4 robot/librobot.a(display.c.o)
                0x1000aa6c                color8_nop
 .text.display_set_font
                0x1000aa70        0xc robot/librobot.a(display.c.o)
                0x1000aa70                display_set_font
 .text.display_init
                0x1000aa7c       0x18 robot/librobot.a(display.c.o)
                0x1000aa7c                display_init
 .text.display_fill
                0x1000aa94       0x2c robot/librobot.a(display.c.o)
                0x1000aa94                display_fill
 .text.display_show_partial
                0x1000aac0       0xc0 robot/librobot.a(display.c.o)
                0x1000aac0                display_show_partial
 .text.display_text
                0x1000ab80      0x4a8 robot/librobot.a(display.c.o)
                0x1000ab80                display_text
 .text.display_fill_rect
                0x1000b028      0x130 robot/librobot.a(display.c.o)
                0x1000b028                display_fill_rect
 .text.display_show
                0x1000b158       0x28 robot/librobot.a(display.c.o)
                0x1000b158                display_show
 .text.sh1106_transfer_start
                0x1000b180       0x40 robot/librobot.a(sh1106.c.o)
                0x1000b180                sh1106_transfer_start
 .text.sh1106_transfer_end
                0x1000b1c0       0x1c robot/librobot.a(sh1106.c.o)
                0x1000b1c0                sh1106_transfer_end
 .text.sh1106_write_page
                0x1000b1dc       0x54 robot/librobot.a(sh1106.c.o)
                0x1000b1dc                sh1106_write_page
 .text.sh1106_clear
                0x1000b230       0x9c robot/librobot.a(sh1106.c.o)
                0x1000b230                sh1106_clear
 .text.sh1106_init
                0x1000b2cc       0xd0 robot/librobot.a(sh1106.c.o)
                0x1000b2cc                sh1106_init
 .text._lf_initialize_clock
                0x1000b39c       0x20 core/liblf-low-level-platform-impl.a(lf_rp2040_support.c.o)
                0x1000b39c                _lf_initialize_clock
 .text._lf_clock_gettime
                0x1000b3bc       0x24 core/liblf-low-level-platform-impl.a(lf_rp2040_support.c.o)
                0x1000b3bc                _lf_clock_gettime
 .text._lf_interruptable_sleep_until_locked
                0x1000b3e0       0x48 core/liblf-low-level-platform-impl.a(lf_rp2040_support.c.o)
                0x1000b3e0                _lf_interruptable_sleep_until_locked
 .text.lf_disable_interrupts_nested
                0x1000b428       0x3c core/liblf-low-level-platform-impl.a(lf_rp2040_support.c.o)
                0x1000b428                lf_disable_interrupts_nested
 .text.lf_enable_interrupts_nested
                0x1000b464       0x38 core/liblf-low-level-platform-impl.a(lf_rp2040_support.c.o)
                0x1000b464                lf_enable_interrupts_nested
 .text.lf_atomic_fetch_add
                0x1000b49c       0x18 core/liblf-low-level-platform-impl.a(lf_atomic_irq.c.o)
                0x1000b49c                lf_atomic_fetch_add
 .text.lf_atomic_fetch_add64
                0x1000b4b4       0x2c core/liblf-low-level-platform-impl.a(lf_atomic_irq.c.o)
                0x1000b4b4                lf_atomic_fetch_add64
 .text.lf_atomic_bool_compare_and_swap64
                0x1000b4e0       0x30 core/liblf-low-level-platform-impl.a(lf_atomic_irq.c.o)
                0x1000b4e0                lf_atomic_bool_compare_and_swap64
 .text          0x1000b510       0x60 /usr/lib/gcc/arm-none-eabi/13.2.1/../../../arm-none-eabi/lib/thumb/v6-m/nofp/libg.a(libc_a-strncpy.o)
                0x1000b510                strncpy
 .text          0x1000b570     0x1540 /usr/lib/gcc/arm-none-eabi/13.2.1/../../../arm-none-eabi/lib/thumb/v6-m/nofp/libg.a(libc_a-vfprintf.o)
                0x1000b570                _vfprintf_r
                0x1000ca24                vfprintf
 .text          0x1000cab0       0x88 /usr/lib/gcc/arm-none-eabi/13.2.1/../../../arm-none-eabi/lib/thumb/v6-m/nofp/libg.a(libc_a-strcmp.o)
                0x1000cab0                strcmp
 .text          0x1000cb38      0x1c4 /usr/lib/gcc/arm-none-eabi/13.2.1/../../../arm-none-eabi/lib/thumb/v6-m/nofp/libg.a(libc_a-fflush.o)
                0x1000cb38                __sflush_r
                0x1000cc80                _fflush_r
                0x1000ccac                fflush
 .text          0x1000ccfc       0x74 /usr/lib/gcc/arm-none-eabi/13.2.1/../../../arm-none-eabi/lib/thumb/v6-m/nofp/libg.a(libc_a-strncmp.o)
                0x1000ccfc                strncmp
 .text          0x1000cd70       0x18 /usr/lib/gcc/arm-none-eabi/13.2.1/../../../arm-none-eabi/lib/thumb/v6-m/nofp/libg.a(libc_a-calloc.o)
                0x1000cd70                calloc
 .text          0x1000cd88        0xc /usr/lib/gcc/arm-none-eabi/13.2.1/../../../arm-none-eabi/lib/thumb/v6-m/nofp/libg.a(libc_a-errno.o)
                0x1000cd88                __errno
 .text          0x1000cd94       0xa8 /usr/lib/gcc/arm-none-eabi/13.2.1/../../../arm-none-eabi/lib/thumb/v6-m/nofp/libg.a(libc_a-callocr.o)
                0x1000cd94                _calloc_r
 .text          0x1000ce3c       0x18 /usr/lib/gcc/arm-none-eabi/13.2.1/../../../arm-none-eabi/lib/thumb/v6-m/nofp/libg.a(libc_a-realloc.o)
                0x1000ce3c                realloc
 .text          0x1000ce54      0x5b4 /usr/lib/gcc/arm-none-eabi/13.2.1/../../../arm-none-eabi/lib/thumb/v6-m/nofp/libg.a(libc_a-mallocr.o)
                0x1000ce54                _malloc_r
 .text          0x1000d408     0x110c /usr/lib/gcc/arm-none-eabi/13.2.1/../../../arm-none-eabi/lib/thumb/v6-m/nofp/libg.a(libc_a-dtoa.o)
                0x1000d55c                _dtoa_r
 .text          0x1000e514       0xcc /usr/lib/gcc/arm-none-eabi/13.2.1/../../../arm-none-eabi/lib/thumb/v6-m/nofp/libg.a(libc_a-wsetup.o)
                0x1000e514                __swsetup_r
 .text          0x1000e5e0      0x288 /usr/lib/gcc/arm-none-eabi/13.2.1/../../../arm-none-eabi/lib/thumb/v6-m/nofp/libg.a(libc_a-freer.o)
                0x1000e5e0                _malloc_trim_r
                0x1000e694                _free_r
 .text          0x1000e868       0x18 /usr/lib/gcc/arm-none-eabi/13.2.1/../../../arm-none-eabi/lib/thumb/v6-m/nofp/libg.a(libc_a-atoi.o)
                0x1000e868                atoi
                0x1000e874                _atoi_r
 .text          0x1000e880      0x190 /usr/lib/gcc/arm-none-eabi/13.2.1/../../../arm-none-eabi/lib/thumb/v6-m/nofp/libg.a(libc_a-strtol.o)
                0x1000e9d8                _strtol_r
                0x1000e9e0                strtol_l
                0x1000e9f8                strtol
 .text          0x1000ea10       0x28 /usr/lib/gcc/arm-none-eabi/13.2.1/../../../arm-none-eabi/lib/thumb/v6-m/nofp/libg.a(libc_a-malloc.o)
                0x1000ea10                malloc
                0x1000ea24                free